
===========================================================================
 report_power
============================================================================
======================= max_ff_n40C_1v95 Corner ===================================

Group                    Internal    Switching      Leakage        Total
                            Power        Power        Power        Power (Watts)
------------------------------------------------------------------------
Sequential           5.340644e-05 3.740061e-05 2.533018e-10 9.080731e-05   0.5%
Combinational        6.329393e-03 1.082816e-02 8.115387e-08 1.715764e-02  99.2%
Clock                2.416964e-05 2.182398e-05 3.378887e-08 4.602741e-05   0.3%
Macro                0.000000e+00 0.000000e+00 0.000000e+00 0.000000e+00   0.0%
Pad                  0.000000e+00 0.000000e+00 0.000000e+00 0.000000e+00   0.0%
------------------------------------------------------------------------
Total                6.406968e-03 1.088739e-02 1.151960e-07 1.729447e-02 100.0%
                            37.0%        63.0%         0.0%

