
===========================================================================
 report_power
============================================================================
======================= max_ss_100C_1v60 Corner ===================================

Group                    Internal    Switching      Leakage        Total
                            Power        Power        Power        Power (Watts)
------------------------------------------------------------------------
Sequential           3.597798e-05 2.621297e-05 2.376105e-07 6.242856e-05   0.6%
Combinational        4.478640e-03 6.498973e-03 5.066888e-05 1.102828e-02  99.2%
Clock                1.688605e-05 8.764491e-06 7.686384e-08 2.572740e-05   0.2%
Macro                0.000000e+00 0.000000e+00 0.000000e+00 0.000000e+00   0.0%
Pad                  0.000000e+00 0.000000e+00 0.000000e+00 0.000000e+00   0.0%
------------------------------------------------------------------------
Total                4.531503e-03 6.533951e-03 5.098337e-05 1.111644e-02 100.0%
                            40.8%        58.8%         0.5%

