
===========================================================================
 report_power
============================================================================
======================= min_ff_n40C_1v95 Corner ===================================

Group                    Internal    Switching      Leakage        Total
                            Power        Power        Power        Power (Watts)
------------------------------------------------------------------------
Sequential           1.367213e-03 5.842355e-04 9.986476e-09 1.951458e-03   1.3%
Combinational        6.187597e-02 8.699448e-02 2.896365e-07 1.488707e-01  98.0%
Clock                5.638919e-04 5.636546e-04 7.136801e-08 1.127618e-03   0.7%
Macro                0.000000e+00 0.000000e+00 0.000000e+00 0.000000e+00   0.0%
Pad                  0.000000e+00 0.000000e+00 0.000000e+00 0.000000e+00   0.0%
------------------------------------------------------------------------
Total                6.380729e-02 8.814240e-02 3.709947e-07 1.519500e-01 100.0%
                            42.0%        58.0%         0.0%

