
===========================================================================
report_checks -unconstrained
===========================================================================
======================= min_tt_025C_1v80 Corner ===================================

Startpoint: reset (input port clocked by clk)
Endpoint: _498_ (recovery check against rising-edge clock clk)
Path Group: asynchronous
Path Type: max

Fanout         Cap        Slew       Delay        Time   Description
---------------------------------------------------------------------------------------------
                                  0.000000    0.000000   clock clk (rise edge)
                                  0.000000    0.000000   clock network delay (propagated)
                                  5.000000    5.000000 v input external delay
     2    0.003474    0.010200    0.005551    5.005551 v reset (in)
                                                         reset (net)
                      0.010200    0.000000    5.005551 v input17/A (sky130_fd_sc_hd__buf_2)
     2    0.037616    0.094525    0.169311    5.174862 v input17/X (sky130_fd_sc_hd__buf_2)
                                                         net17 (net)
                      0.095091    0.005878    5.180740 v fanout293/A (sky130_fd_sc_hd__buf_6)
    16    0.107632    0.099594    0.194968    5.375709 v fanout293/X (sky130_fd_sc_hd__buf_6)
                                                         net293 (net)
                      0.099596    0.000417    5.376126 v fanout267/A (sky130_fd_sc_hd__buf_4)
    18    0.069773    0.095150    0.226817    5.602943 v fanout267/X (sky130_fd_sc_hd__buf_4)
                                                         net267 (net)
                      0.095360    0.003609    5.606552 v fanout266/A (sky130_fd_sc_hd__buf_4)
    18    0.060807    0.085835    0.217019    5.823571 v fanout266/X (sky130_fd_sc_hd__buf_4)
                                                         net266 (net)
                      0.086014    0.003214    5.826785 v fanout265/A (sky130_fd_sc_hd__buf_4)
    20    0.069271    0.094483    0.220479    6.047264 v fanout265/X (sky130_fd_sc_hd__buf_4)
                                                         net265 (net)
                      0.094534    0.001846    6.049109 v _303_/A (sky130_fd_sc_hd__inv_2)
     1    0.004001    0.036566    0.062862    6.111971 ^ _303_/Y (sky130_fd_sc_hd__inv_2)
                                                         _018_ (net)
                      0.036566    0.000029    6.112001 ^ _498_/RESET_B (sky130_fd_sc_hd__dfrtp_1)
                                              6.112001   data arrival time

                                 25.000000   25.000000   clock clk (rise edge)
                                  0.000000   25.000000   clock source latency
     2    0.074740    0.339740    0.240014   25.240013 ^ clk (in)
                                                         clk (net)
                      0.340057    0.000000   25.240013 ^ clkbuf_0_clk/A (sky130_fd_sc_hd__clkbuf_16)
     4    0.050597    0.073717    0.236591   25.476604 ^ clkbuf_0_clk/X (sky130_fd_sc_hd__clkbuf_16)
                                                         clknet_0_clk (net)
                      0.073859    0.002482   25.479086 ^ clkbuf_1_0__f_clk/A (sky130_fd_sc_hd__clkbuf_16)
    16    0.099415    0.115830    0.194104   25.673191 ^ clkbuf_1_0__f_clk/X (sky130_fd_sc_hd__clkbuf_16)
                                                         clknet_1_0__leaf_clk (net)
                      0.116454    0.006828   25.680019 ^ clkbuf_leaf_13_clk/A (sky130_fd_sc_hd__clkbuf_8)
     9    0.033035    0.071137    0.174619   25.854639 ^ clkbuf_leaf_13_clk/X (sky130_fd_sc_hd__clkbuf_8)
                                                         clknet_leaf_13_clk (net)
                      0.071144    0.000560   25.855198 ^ _498_/CLK (sky130_fd_sc_hd__dfrtp_1)
                                 -0.250000   25.605198   clock uncertainty
                                  0.000000   25.605198   clock reconvergence pessimism
                                  0.240522   25.845720   library recovery time
                                             25.845720   data required time
---------------------------------------------------------------------------------------------
                                             25.845720   data required time
                                             -6.112001   data arrival time
---------------------------------------------------------------------------------------------
                                             19.733719   slack (MET)


Startpoint: _706_ (rising edge-triggered flip-flop clocked by clk)
Endpoint: output_ai[4] (output port clocked by clk)
Path Group: clk
Path Type: max

Fanout         Cap        Slew       Delay        Time   Description
---------------------------------------------------------------------------------------------
                                  0.000000    0.000000   clock clk (rise edge)
                                  0.000000    0.000000   clock source latency
     2    0.074740    0.339740    0.240014    0.240014 ^ clk (in)
                                                         clk (net)
                      0.340057    0.000000    0.240014 ^ clkbuf_0_clk/A (sky130_fd_sc_hd__clkbuf_16)
     4    0.050597    0.073717    0.236592    0.476606 ^ clkbuf_0_clk/X (sky130_fd_sc_hd__clkbuf_16)
                                                         clknet_0_clk (net)
                      0.073859    0.002482    0.479088 ^ clkbuf_1_0__f_clk/A (sky130_fd_sc_hd__clkbuf_16)
    16    0.099415    0.115830    0.194103    0.673191 ^ clkbuf_1_0__f_clk/X (sky130_fd_sc_hd__clkbuf_16)
                                                         clknet_1_0__leaf_clk (net)
                      0.116331    0.006141    0.679332 ^ clkbuf_leaf_2_clk/A (sky130_fd_sc_hd__clkbuf_8)
    26    0.070953    0.131489    0.219868    0.899200 ^ clkbuf_leaf_2_clk/X (sky130_fd_sc_hd__clkbuf_8)
                                                         clknet_leaf_2_clk (net)
                      0.131577    0.002789    0.901990 ^ _706_/CLK (sky130_fd_sc_hd__dfrtp_4)
     4    0.038238    0.104233    0.559986    1.461975 v _706_/Q (sky130_fd_sc_hd__dfrtp_4)
                                                         net202 (net)
                      0.104402    0.003507    1.465482 v output202/A (sky130_fd_sc_hd__clkbuf_4)
     1    0.034327    0.079451    0.209614    1.675096 v output202/X (sky130_fd_sc_hd__clkbuf_4)
                                                         output_ai[4] (net)
                      0.079453    0.000364    1.675460 v output_ai[4] (out)
                                              1.675460   data arrival time

                                 25.000000   25.000000   clock clk (rise edge)
                                  0.000000   25.000000   clock network delay (propagated)
                                 -0.250000   24.750000   clock uncertainty
                                  0.000000   24.750000   clock reconvergence pessimism
                                 -5.000000   19.750000   output external delay
                                             19.750000   data required time
---------------------------------------------------------------------------------------------
                                             19.750000   data required time
                                             -1.675460   data arrival time
---------------------------------------------------------------------------------------------
                                             18.074539   slack (MET)




===========================================================================
report_checks --slack_max -0.01
============================================================================
======================= min_tt_025C_1v80 Corner ===================================

No paths found.


===========================================================================
 report_check_types -max_slew -max_cap -max_fanout -violators
============================================================================
======================= min_tt_025C_1v80 Corner ===================================

max fanout

Pin                                   Limit Fanout  Slack
---------------------------------------------------------
clkbuf_leaf_0_clk/X                      10     50    -40 (VIOLATED)
clkbuf_leaf_4_clk/X                      10     48    -38 (VIOLATED)
clkbuf_leaf_6_clk/X                      10     44    -34 (VIOLATED)
clkbuf_leaf_7_clk/X                      10     42    -32 (VIOLATED)
clkbuf_leaf_12_clk/X                     10     40    -30 (VIOLATED)
clkbuf_leaf_8_clk/X                      10     40    -30 (VIOLATED)
clkbuf_leaf_11_clk/X                     10     38    -28 (VIOLATED)
clkbuf_leaf_5_clk/X                      10     38    -28 (VIOLATED)
clkbuf_leaf_1_clk/X                      10     34    -24 (VIOLATED)
clkbuf_leaf_9_clk/X                      10     32    -22 (VIOLATED)
clkbuf_leaf_2_clk/X                      10     26    -16 (VIOLATED)
clkbuf_leaf_10_clk/X                     10     24    -14 (VIOLATED)
fanout265/X                              10     20    -10 (VIOLATED)
fanout268/X                              10     20    -10 (VIOLATED)
fanout276/X                              10     20    -10 (VIOLATED)
fanout278/X                              10     20    -10 (VIOLATED)
fanout280/X                              10     20    -10 (VIOLATED)
fanout286/X                              10     20    -10 (VIOLATED)
fanout287/X                              10     20    -10 (VIOLATED)
fanout288/X                              10     20    -10 (VIOLATED)
fanout289/X                              10     20    -10 (VIOLATED)
fanout266/X                              10     18     -8 (VIOLATED)
fanout267/X                              10     18     -8 (VIOLATED)
fanout272/X                              10     18     -8 (VIOLATED)
fanout275/X                              10     18     -8 (VIOLATED)
clkbuf_1_0__f_clk/X                      10     16     -6 (VIOLATED)
fanout292/X                              10     16     -6 (VIOLATED)
fanout293/X                              10     16     -6 (VIOLATED)
fanout279/X                              10     14     -4 (VIOLATED)
input1/X                                 10     14     -4 (VIOLATED)
clkbuf_1_1__f_clk/X                      10     12     -2 (VIOLATED)
input10/X                                10     11        (VIOLATED)
input11/X                                10     11        (VIOLATED)
input8/X                                 10     11        (VIOLATED)
input9/X                                 10     11        (VIOLATED)



===========================================================================
report_parasitic_annotation -report_unannotated
============================================================================
Found 0 unannotated drivers.
Found 0 partially unannotated drivers.

===========================================================================
max slew violation count 0
max fanout violation count 35
max cap violation count 0
============================================================================

===========================================================================
check_setup -verbose -unconstrained_endpoints -multiple_clock -no_clock -no_input_delay -loops -generated_clocks
===========================================================================
