
===========================================================================
report_checks -unconstrained
===========================================================================
======================= max_ff_n40C_1v95 Corner ===================================

Startpoint: input_data[19] (input port clocked by clk)
Endpoint: _41569_ (rising edge-triggered flip-flop clocked by clk)
Path Group: clk
Path Type: max

Fanout         Cap        Slew       Delay        Time   Description
---------------------------------------------------------------------------------------------
                                  0.000000    0.000000   clock clk (rise edge)
                                  0.000000    0.000000   clock network delay (propagated)
                                  5.000000    5.000000 ^ input external delay
     1    0.003337    0.015844    0.008693    5.008694 ^ input_data[19] (in)
                                                         input_data[19] (net)
                      0.015846    0.000000    5.008694 ^ input108/A (sky130_fd_sc_hd__clkbuf_4)
     1    0.082626    0.189759    0.186210    5.194903 ^ input108/X (sky130_fd_sc_hd__clkbuf_4)
                                                         net108 (net)
                      0.191721    0.015537    5.210440 ^ fanout990/A (sky130_fd_sc_hd__buf_6)
     6    0.185132    0.274616    0.212877    5.423317 ^ fanout990/X (sky130_fd_sc_hd__buf_6)
                                                         net990 (net)
                      0.274696    0.004318    5.427635 ^ fanout989/A (sky130_fd_sc_hd__clkbuf_4)
    10    0.081674    0.188465    0.241567    5.669202 ^ fanout989/X (sky130_fd_sc_hd__clkbuf_4)
                                                         net989 (net)
                      0.188497    0.002106    5.671309 ^ fanout988/A (sky130_fd_sc_hd__clkbuf_4)
     8    0.069423    0.160776    0.213042    5.884350 ^ fanout988/X (sky130_fd_sc_hd__clkbuf_4)
                                                         net988 (net)
                      0.161176    0.006546    5.890896 ^ fanout987/A (sky130_fd_sc_hd__buf_6)
    10    0.116594    0.175805    0.174003    6.064900 ^ fanout987/X (sky130_fd_sc_hd__buf_6)
                                                         net987 (net)
                      0.178097    0.016195    6.081094 ^ fanout986/A (sky130_fd_sc_hd__buf_4)
    10    0.065994    0.139973    0.172801    6.253896 ^ fanout986/X (sky130_fd_sc_hd__buf_4)
                                                         net986 (net)
                      0.140407    0.006366    6.260262 ^ _23574_/B (sky130_fd_sc_hd__xnor2_4)
     7    0.046158    0.105511    0.096197    6.356460 v _23574_/Y (sky130_fd_sc_hd__xnor2_4)
                                                         _13142_ (net)
                      0.106180    0.006453    6.362913 v _23749_/B (sky130_fd_sc_hd__xnor2_4)
     6    0.046287    0.282195    0.258105    6.621017 ^ _23749_/Y (sky130_fd_sc_hd__xnor2_4)
                                                         _13334_ (net)
                      0.282332    0.004968    6.625985 ^ _23750_/A (sky130_fd_sc_hd__inv_2)
     3    0.011593    0.064994    0.034479    6.660463 v _23750_/Y (sky130_fd_sc_hd__inv_2)
                                                         _13335_ (net)
                      0.065019    0.001025    6.661489 v _27116_/A (sky130_fd_sc_hd__and2_1)
     3    0.009633    0.044943    0.117636    6.779125 v _27116_/X (sky130_fd_sc_hd__and2_1)
                                                         _17033_ (net)
                      0.044946    0.000287    6.779411 v _27118_/A (sky130_fd_sc_hd__nor2_1)
     2    0.012996    0.173914    0.157682    6.937094 ^ _27118_/Y (sky130_fd_sc_hd__nor2_1)
                                                         _17035_ (net)
                      0.173920    0.000881    6.937975 ^ _27121_/A (sky130_fd_sc_hd__xnor2_2)
     2    0.011587    0.062201    0.069732    7.007707 v _27121_/Y (sky130_fd_sc_hd__xnor2_2)
                                                         _17038_ (net)
                      0.062208    0.000489    7.008196 v _27125_/A (sky130_fd_sc_hd__xnor2_2)
     2    0.013788    0.164681    0.171777    7.179973 ^ _27125_/Y (sky130_fd_sc_hd__xnor2_2)
                                                         _17043_ (net)
                      0.164691    0.001011    7.180984 ^ _27128_/A (sky130_fd_sc_hd__xor2_2)
     2    0.013440    0.151586    0.140958    7.321942 ^ _27128_/X (sky130_fd_sc_hd__xor2_2)
                                                         _17046_ (net)
                      0.151596    0.000957    7.322898 ^ _27129_/B (sky130_fd_sc_hd__xnor2_2)
     2    0.018106    0.073213    0.077027    7.399926 v _27129_/Y (sky130_fd_sc_hd__xnor2_2)
                                                         _17047_ (net)
                      0.073269    0.001623    7.401548 v _27131_/A (sky130_fd_sc_hd__nor2_4)
     4    0.131103    0.575380    0.438240    7.839788 ^ _27131_/Y (sky130_fd_sc_hd__nor2_4)
                                                         _17049_ (net)
                      0.577821    0.030796    7.870584 ^ _28794_/A (sky130_fd_sc_hd__xor2_4)
     6    0.054620    0.170943    0.140751    8.011335 v _28794_/X (sky130_fd_sc_hd__xor2_4)
                                                         _18878_ (net)
                      0.171547    0.007758    8.019094 v _28795_/C (sky130_fd_sc_hd__and3_1)
     2    0.019018    0.074558    0.215119    8.234213 v _28795_/X (sky130_fd_sc_hd__and3_1)
                                                         _18879_ (net)
                      0.074582    0.001124    8.235336 v _28797_/A (sky130_fd_sc_hd__nor2_1)
     2    0.023265    0.296508    0.255019    8.490355 ^ _28797_/Y (sky130_fd_sc_hd__nor2_1)
                                                         _18881_ (net)
                      0.296528    0.002049    8.492404 ^ _28798_/B (sky130_fd_sc_hd__xor2_1)
     2    0.006257    0.124251    0.121513    8.613917 ^ _28798_/X (sky130_fd_sc_hd__xor2_1)
                                                         _18882_ (net)
                      0.124253    0.000425    8.614344 ^ _28799_/B (sky130_fd_sc_hd__and2_1)
     4    0.014399    0.111837    0.146780    8.761124 ^ _28799_/X (sky130_fd_sc_hd__and2_1)
                                                         _18883_ (net)
                      0.111844    0.000751    8.761874 ^ _28801_/B1 (sky130_fd_sc_hd__a211o_1)
     3    0.015157    0.104766    0.123398    8.885272 ^ _28801_/X (sky130_fd_sc_hd__a211o_1)
                                                         _18885_ (net)
                      0.104775    0.000825    8.886098 ^ _28802_/A (sky130_fd_sc_hd__inv_2)
     2    0.007959    0.031386    0.027044    8.913141 v _28802_/Y (sky130_fd_sc_hd__inv_2)
                                                         _18887_ (net)
                      0.031399    0.000505    8.913647 v _28862_/A (sky130_fd_sc_hd__nor3_2)
     3    0.016361    0.222432    0.213866    9.127513 ^ _28862_/Y (sky130_fd_sc_hd__nor3_2)
                                                         _18953_ (net)
                      0.222437    0.000854    9.128366 ^ _28863_/A (sky130_fd_sc_hd__inv_2)
     2    0.008119    0.047552    0.024661    9.153028 v _28863_/Y (sky130_fd_sc_hd__inv_2)
                                                         _18954_ (net)
                      0.047560    0.000457    9.153484 v _30654_/A2 (sky130_fd_sc_hd__a211oi_2)
     3    0.010835    0.187221    0.206393    9.359878 ^ _30654_/Y (sky130_fd_sc_hd__a211oi_2)
                                                         _00161_ (net)
                      0.187226    0.000702    9.360579 ^ _30656_/B (sky130_fd_sc_hd__nor3_1)
     2    0.005679    0.056937    0.050155    9.410734 v _30656_/Y (sky130_fd_sc_hd__nor3_1)
                                                         _00163_ (net)
                      0.056937    0.000311    9.411045 v max_cap255/A (sky130_fd_sc_hd__buf_1)
     2    0.011944    0.051219    0.094884    9.505929 v max_cap255/X (sky130_fd_sc_hd__buf_1)
                                                         net255 (net)
                      0.051243    0.000926    9.506855 v _30659_/A (sky130_fd_sc_hd__or3_1)
     3    0.010963    0.072801    0.253413    9.760268 v _30659_/X (sky130_fd_sc_hd__or3_1)
                                                         _00166_ (net)
                      0.072809    0.000568    9.760836 v _30661_/B (sky130_fd_sc_hd__and3_1)
     2    0.016201    0.065531    0.157136    9.917972 v _30661_/X (sky130_fd_sc_hd__and3_1)
                                                         _00168_ (net)
                      0.065577    0.001419    9.919391 v _30663_/B1 (sky130_fd_sc_hd__a211o_1)
     3    0.016166    0.074434    0.176257   10.095648 v _30663_/X (sky130_fd_sc_hd__a211o_1)
                                                         _00171_ (net)
                      0.074460    0.001155   10.096803 v _30666_/A1 (sky130_fd_sc_hd__a211o_2)
     3    0.058580    0.120876    0.284564   10.381367 v _30666_/X (sky130_fd_sc_hd__a211o_2)
                                                         _00174_ (net)
                      0.122601    0.011450   10.392817 v _30669_/A2 (sky130_fd_sc_hd__a211oi_1)
     2    0.006778    0.203551    0.238086   10.630903 ^ _30669_/Y (sky130_fd_sc_hd__a211oi_1)
                                                         _00177_ (net)
                      0.203552    0.000430   10.631333 ^ _30670_/C1 (sky130_fd_sc_hd__a211o_1)
     3    0.017945    0.122136    0.131540   10.762874 ^ _30670_/X (sky130_fd_sc_hd__a211o_1)
                                                         _00178_ (net)
                      0.122179    0.001878   10.764752 ^ _32640_/A2 (sky130_fd_sc_hd__a21o_1)
     3    0.026351    0.174496    0.185006   10.949758 ^ _32640_/X (sky130_fd_sc_hd__a21o_1)
                                                         _02344_ (net)
                      0.174612    0.003737   10.953494 ^ _34751_/A2 (sky130_fd_sc_hd__a21o_1)
     3    0.010800    0.076348    0.119689   11.073184 ^ _34751_/X (sky130_fd_sc_hd__a21o_1)
                                                         _04665_ (net)
                      0.076359    0.000754   11.073937 ^ _36907_/A2 (sky130_fd_sc_hd__a21o_1)
     3    0.009887    0.070804    0.105867   11.179805 ^ _36907_/X (sky130_fd_sc_hd__a21o_1)
                                                         _07035_ (net)
                      0.070806    0.000317   11.180122 ^ _39111_/A2 (sky130_fd_sc_hd__a21oi_1)
     2    0.006225    0.068172    0.055083   11.235205 v _39111_/Y (sky130_fd_sc_hd__a21oi_1)
                                                         _09458_ (net)
                      0.068175    0.000377   11.235581 v _40675_/B (sky130_fd_sc_hd__or2_1)
     2    0.005885    0.042438    0.144195   11.379777 v _40675_/X (sky130_fd_sc_hd__or2_1)
                                                         _11178_ (net)
                      0.042444    0.000366   11.380142 v _40828_/A1 (sky130_fd_sc_hd__a21oi_1)
     1    0.002623    0.075966    0.081904   11.462047 ^ _40828_/Y (sky130_fd_sc_hd__a21oi_1)
                                                         _11346_ (net)
                      0.075966    0.000121   11.462168 ^ _40829_/B1 (sky130_fd_sc_hd__o21ai_1)
     1    0.002960    0.058678    0.028866   11.491034 v _40829_/Y (sky130_fd_sc_hd__o21ai_1)
                                                         _11347_ (net)
                      0.058678    0.000221   11.491255 v _40830_/A2 (sky130_fd_sc_hd__a21o_1)
     1    0.031349    0.103713    0.193912   11.685166 v _40830_/X (sky130_fd_sc_hd__a21o_1)
                                                         _11348_ (net)
                      0.104156    0.005537   11.690703 v _41078_/A1 (sky130_fd_sc_hd__a211oi_2)
     1    0.036715    0.469767    0.408263   12.098966 ^ _41078_/Y (sky130_fd_sc_hd__a211oi_2)
                                                         _11621_ (net)
                      0.469791    0.002775   12.101741 ^ _41277_/A1 (sky130_fd_sc_hd__o21ba_1)
     1    0.034139    0.255448    0.253544   12.355285 ^ _41277_/X (sky130_fd_sc_hd__o21ba_1)
                                                         _11840_ (net)
                      0.255494    0.002840   12.358124 ^ _41396_/A1 (sky130_fd_sc_hd__o21bai_1)
     1    0.007133    0.082012    0.081574   12.439697 v _41396_/Y (sky130_fd_sc_hd__o21bai_1)
                                                         _11971_ (net)
                      0.082014    0.000305   12.440002 v _41516_/A1 (sky130_fd_sc_hd__a21oi_1)
     1    0.010801    0.185056    0.177996   12.617998 ^ _41516_/Y (sky130_fd_sc_hd__a21oi_1)
                                                         _12103_ (net)
                      0.185063    0.000903   12.618902 ^ _41551_/A1 (sky130_fd_sc_hd__o21a_1)
     1    0.003167    0.032967    0.090935   12.709837 ^ _41551_/X (sky130_fd_sc_hd__o21a_1)
                                                         _12141_ (net)
                      0.032970    0.000216   12.710052 ^ _41553_/A1 (sky130_fd_sc_hd__o21a_1)
     1    0.003719    0.034739    0.075514   12.785566 ^ _41553_/X (sky130_fd_sc_hd__o21a_1)
                                                         _00015_ (net)
                      0.034742    0.000219   12.785786 ^ _41569_/D (sky130_fd_sc_hd__dfxtp_4)
                                             12.785786   data arrival time

                                 25.000000   25.000000   clock clk (rise edge)
                                  0.000000   25.000000   clock source latency
     2    0.109043    0.370271    0.266144   25.266144 ^ clk (in)
                                                         clk (net)
                      0.374475    0.000000   25.266144 ^ clkbuf_0_clk/A (sky130_fd_sc_hd__clkbuf_16)
     2    0.024435    0.042924    0.136183   25.402327 ^ clkbuf_0_clk/X (sky130_fd_sc_hd__clkbuf_16)
                                                         clknet_0_clk (net)
                      0.043000    0.001370   25.403696 ^ clkbuf_1_1__f_clk/A (sky130_fd_sc_hd__clkbuf_16)
     9    0.034835    0.041405    0.096998   25.500694 ^ clkbuf_1_1__f_clk/X (sky130_fd_sc_hd__clkbuf_16)
                                                         clknet_1_1__leaf_clk (net)
                      0.041676    0.002590   25.503284 ^ _41569_/CLK (sky130_fd_sc_hd__dfxtp_4)
                                 -0.250000   25.253284   clock uncertainty
                                  0.000000   25.253284   clock reconvergence pessimism
                                 -0.031625   25.221661   library setup time
                                             25.221661   data required time
---------------------------------------------------------------------------------------------
                                             25.221661   data required time
                                            -12.785786   data arrival time
---------------------------------------------------------------------------------------------
                                             12.435874   slack (MET)




===========================================================================
report_checks --slack_max -0.01
============================================================================
======================= max_ff_n40C_1v95 Corner ===================================

No paths found.


===========================================================================
 report_check_types -max_slew -max_cap -max_fanout -violators
============================================================================
======================= max_ff_n40C_1v95 Corner ===================================

max slew

Pin                                        Limit        Slew       Slack
------------------------------------------------------------------------
_39983_/B                               0.750000    0.764316   -0.014316 (VIOLATED)
_41329_/A2                              0.750000    0.764309   -0.014309 (VIOLATED)
ANTENNA_30/DIODE                        0.750000    0.764300   -0.014300 (VIOLATED)
ANTENNA_29/DIODE                        0.750000    0.764290   -0.014290 (VIOLATED)
_39982_/X                               0.750000    0.757746   -0.007746 (VIOLATED)

max fanout

Pin                                   Limit Fanout  Slack
---------------------------------------------------------
fanout851/X                              10     19     -9 (VIOLATED)
fanout519/X                              10     16     -6 (VIOLATED)
_41569_/Q                                10     15     -5 (VIOLATED)
fanout918/X                              10     15     -5 (VIOLATED)
fanout566/X                              10     14     -4 (VIOLATED)
fanout880/X                              10     14     -4 (VIOLATED)
_27952_/Y                                10     12     -2 (VIOLATED)
fanout895/X                              10     12     -2 (VIOLATED)
fanout914/X                              10     12     -2 (VIOLATED)
fanout982/X                              10     12     -2 (VIOLATED)
input102/X                               10     12     -2 (VIOLATED)
_21352_/X                                10     11        (VIOLATED)
fanout275/X                              10     11        (VIOLATED)
fanout367/X                              10     11        (VIOLATED)
fanout434/X                              10     11        (VIOLATED)
fanout481/X                              10     11        (VIOLATED)
fanout540/X                              10     11        (VIOLATED)
fanout551/X                              10     11        (VIOLATED)
fanout840/X                              10     11        (VIOLATED)
fanout868/X                              10     11        (VIOLATED)
fanout937/X                              10     11        (VIOLATED)

max capacitance

Pin                                        Limit         Cap       Slack
------------------------------------------------------------------------
wire271/X                               0.200000    0.240881   -0.040881 (VIOLATED)
fanout925/X                             0.200000    0.232751   -0.032751 (VIOLATED)
fanout275/X                             0.200000    0.231449   -0.031449 (VIOLATED)
fanout876/X                             0.200000    0.230318   -0.030318 (VIOLATED)
fanout838/X                             0.200000    0.229525   -0.029525 (VIOLATED)
fanout843/X                             0.200000    0.228022   -0.028022 (VIOLATED)
fanout880/X                             0.200000    0.225728   -0.025728 (VIOLATED)
fanout840/X                             0.200000    0.223509   -0.023509 (VIOLATED)
fanout914/X                             0.200000    0.213537   -0.013537 (VIOLATED)
_38641_/X                               0.200000    0.212551   -0.012551 (VIOLATED)
fanout928/X                             0.200000    0.209735   -0.009735 (VIOLATED)
_20833_/Y                               0.200000    0.208949   -0.008949 (VIOLATED)
fanout434/X                             0.200000    0.207534   -0.007534 (VIOLATED)
fanout942/X                             0.200000    0.206180   -0.006180 (VIOLATED)
fanout918/X                             0.200000    0.205008   -0.005008 (VIOLATED)
_20791_/Y                               0.200000    0.204537   -0.004537 (VIOLATED)
fanout953/X                             0.200000    0.200096   -0.000096 (VIOLATED)



===========================================================================
report_parasitic_annotation -report_unannotated
============================================================================
Found 6 unannotated drivers.
 input_data[15]
 input_data[175]
 input_data[191]
 input_data[223]
 input_data[238]
 input_data[239]
Found 0 partially unannotated drivers.

===========================================================================
max slew violation count 5
max fanout violation count 21
max cap violation count 17
============================================================================

===========================================================================
check_setup -verbose -unconstrained_endpoints -multiple_clock -no_clock -no_input_delay -loops -generated_clocks
===========================================================================
