
===========================================================================
 report_power
============================================================================
======================= nom_ss_100C_1v60 Corner ===================================

Group                    Internal    Switching      Leakage        Total
                            Power        Power        Power        Power (Watts)
------------------------------------------------------------------------
Sequential           3.600161e-05 2.426262e-05 2.376105e-07 6.050184e-05   0.6%
Combinational        4.479235e-03 6.232792e-03 5.066888e-05 1.076270e-02  99.2%
Clock                1.684990e-05 8.373497e-06 7.686384e-08 2.530026e-05   0.2%
Macro                0.000000e+00 0.000000e+00 0.000000e+00 0.000000e+00   0.0%
Pad                  0.000000e+00 0.000000e+00 0.000000e+00 0.000000e+00   0.0%
------------------------------------------------------------------------
Total                4.532087e-03 6.265428e-03 5.098337e-05 1.084850e-02 100.0%
                            41.8%        57.8%         0.5%

