
===========================================================================
 report_power
============================================================================
======================= nom_tt_025C_1v80 Corner ===================================

Group                    Internal    Switching      Leakage        Total
                            Power        Power        Power        Power (Watts)
------------------------------------------------------------------------
Sequential           4.760541e-05 9.559672e-06 1.355575e-10 5.716522e-05   0.2%
Combinational        1.232893e-02 1.397429e-02 7.503031e-08 2.630330e-02  99.7%
Clock                2.069280e-05 9.317226e-06 1.956581e-09 3.001198e-05   0.1%
Macro                0.000000e+00 0.000000e+00 0.000000e+00 0.000000e+00   0.0%
Pad                  0.000000e+00 0.000000e+00 0.000000e+00 0.000000e+00   0.0%
------------------------------------------------------------------------
Total                1.239720e-02 1.399317e-02 7.712971e-08 2.639045e-02 100.0%
                            47.0%        53.0%         0.0%
Writing metric power__internal__total: 0.012397200800478458
Writing metric power__switching__total: 0.013993170112371445
Writing metric power__leakage__total: 7.71297123947079e-8
Writing metric power__total: 0.026390446349978447

