
===========================================================================
report_checks -unconstrained
===========================================================================
======================= max_tt_025C_1v80 Corner ===================================

Startpoint: input_data[2] (input port clocked by clk)
Endpoint: _22395_ (rising edge-triggered flip-flop clocked by clk)
Path Group: clk
Path Type: max

Fanout         Cap        Slew       Delay        Time   Description
---------------------------------------------------------------------------------------------
                                  0.000000    0.000000   clock clk (rise edge)
                                  0.000000    0.000000   clock network delay (propagated)
                                  5.000000    5.000000 ^ input external delay
     2    0.026091    0.122512    0.086467    5.086467 ^ input_data[2] (in)
                                                         input_data[2] (net)
                      0.122692    0.000000    5.086467 ^ input142/A (sky130_fd_sc_hd__clkbuf_4)
     5    0.076532    0.231920    0.295297    5.381764 ^ input142/X (sky130_fd_sc_hd__clkbuf_4)
                                                         net142 (net)
                      0.232407    0.008697    5.390461 ^ fanout539/A (sky130_fd_sc_hd__clkbuf_4)
    18    0.096769    0.291699    0.359837    5.750298 ^ fanout539/X (sky130_fd_sc_hd__clkbuf_4)
                                                         net539 (net)
                      0.291726    0.002457    5.752755 ^ fanout538/A (sky130_fd_sc_hd__clkbuf_4)
    16    0.065654    0.201778    0.324676    6.077431 ^ fanout538/X (sky130_fd_sc_hd__clkbuf_4)
                                                         net538 (net)
                      0.201875    0.003747    6.081178 ^ fanout537/A (sky130_fd_sc_hd__buf_2)
    14    0.056582    0.275968    0.318150    6.399328 ^ fanout537/X (sky130_fd_sc_hd__buf_2)
                                                         net537 (net)
                      0.276223    0.006926    6.406254 ^ fanout536/A (sky130_fd_sc_hd__buf_6)
    20    0.105142    0.211998    0.266767    6.673021 ^ fanout536/X (sky130_fd_sc_hd__buf_6)
                                                         net536 (net)
                      0.215849    0.022812    6.695833 ^ _13197_/B (sky130_fd_sc_hd__xor2_4)
    12    0.065283    0.472473    0.434713    7.130546 ^ _13197_/X (sky130_fd_sc_hd__xor2_4)
                                                         _02677_ (net)
                      0.472496    0.002723    7.133269 ^ _13344_/A2 (sky130_fd_sc_hd__o211a_1)
     3    0.012954    0.120335    0.258769    7.392037 ^ _13344_/X (sky130_fd_sc_hd__o211a_1)
                                                         _02825_ (net)
                      0.120340    0.000702    7.392739 ^ _13347_/A_N (sky130_fd_sc_hd__and4bb_1)
     3    0.009288    0.067494    0.226718    7.619457 v _13347_/X (sky130_fd_sc_hd__and4bb_1)
                                                         _02829_ (net)
                      0.067502    0.000557    7.620014 v _13352_/A (sky130_fd_sc_hd__or3_1)
     2    0.004792    0.075949    0.385526    8.005541 v _13352_/X (sky130_fd_sc_hd__or3_1)
                                                         _02834_ (net)
                      0.075951    0.000293    8.005834 v _13374_/A (sky130_fd_sc_hd__and2_1)
     2    0.008393    0.058279    0.170989    8.176823 v _13374_/X (sky130_fd_sc_hd__and2_1)
                                                         _02858_ (net)
                      0.058289    0.000609    8.177432 v _13383_/B (sky130_fd_sc_hd__xor2_1)
     2    0.008391    0.209859    0.204652    8.382085 ^ _13383_/X (sky130_fd_sc_hd__xor2_1)
                                                         _02868_ (net)
                      0.209860    0.000369    8.382454 ^ _13385_/B (sky130_fd_sc_hd__xor2_1)
     2    0.010691    0.251637    0.269330    8.651785 ^ _13385_/X (sky130_fd_sc_hd__xor2_1)
                                                         _02870_ (net)
                      0.251639    0.000616    8.652400 ^ _13388_/B (sky130_fd_sc_hd__xnor2_1)
     2    0.005996    0.082023    0.123649    8.776049 v _13388_/Y (sky130_fd_sc_hd__xnor2_1)
                                                         _02874_ (net)
                      0.082026    0.000351    8.776400 v _13403_/A1 (sky130_fd_sc_hd__a211o_1)
     2    0.004992    0.057810    0.276771    9.053170 v _13403_/X (sky130_fd_sc_hd__a211o_1)
                                                         _02890_ (net)
                      0.057813    0.000325    9.053495 v _13404_/A2 (sky130_fd_sc_hd__a21o_1)
     2    0.019260    0.100579    0.243269    9.296763 v _13404_/X (sky130_fd_sc_hd__a21o_1)
                                                         _02891_ (net)
                      0.100592    0.000936    9.297700 v _13405_/B1 (sky130_fd_sc_hd__o21ai_4)
     2    0.023957    0.212437    0.117546    9.415246 ^ _13405_/Y (sky130_fd_sc_hd__o21ai_4)
                                                         _02892_ (net)
                      0.212450    0.001285    9.416531 ^ _17079_/A1 (sky130_fd_sc_hd__a21o_1)
     1    0.004211    0.049603    0.150184    9.566715 ^ _17079_/X (sky130_fd_sc_hd__a21o_1)
                                                         _06933_ (net)
                      0.049606    0.000326    9.567040 ^ _17080_/A2 (sky130_fd_sc_hd__a21oi_1)
     2    0.008968    0.079889    0.092060    9.659101 v _17080_/Y (sky130_fd_sc_hd__a21oi_1)
                                                         _06934_ (net)
                      0.079900    0.000754    9.659855 v _17081_/B (sky130_fd_sc_hd__or2_2)
     3    0.023807    0.107510    0.354459   10.014313 v _17081_/X (sky130_fd_sc_hd__or2_2)
                                                         _06935_ (net)
                      0.107550    0.001724   10.016037 v _17083_/A (sky130_fd_sc_hd__nand2_4)
     8    0.066925    0.203407    0.195176   10.211213 ^ _17083_/Y (sky130_fd_sc_hd__nand2_4)
                                                         _06937_ (net)
                      0.203879    0.007917   10.219131 ^ _17093_/A (sky130_fd_sc_hd__xnor2_1)
     2    0.006724    0.082538    0.127203   10.346334 v _17093_/Y (sky130_fd_sc_hd__xnor2_1)
                                                         _06948_ (net)
                      0.082540    0.000274   10.346608 v _17094_/B (sky130_fd_sc_hd__or2_2)
     3    0.022849    0.104896    0.353225   10.699833 v _17094_/X (sky130_fd_sc_hd__or2_2)
                                                         _06949_ (net)
                      0.104919    0.001283   10.701116 v _17097_/A1 (sky130_fd_sc_hd__a211oi_4)
     4    0.060761    0.680463    0.625756   11.326872 ^ _17097_/Y (sky130_fd_sc_hd__a211oi_4)
                                                         _06953_ (net)
                      0.680521    0.005121   11.331993 ^ _17098_/C (sky130_fd_sc_hd__nor3_1)
     2    0.008172    0.151585    0.157760   11.489754 v _17098_/Y (sky130_fd_sc_hd__nor3_1)
                                                         _06954_ (net)
                      0.151587    0.000491   11.490245 v max_cap241/A (sky130_fd_sc_hd__buf_1)
     2    0.009486    0.062453    0.162106   11.652350 v max_cap241/X (sky130_fd_sc_hd__buf_1)
                                                         net241 (net)
                      0.062459    0.000507   11.652858 v _17100_/B1 (sky130_fd_sc_hd__a211o_1)
     3    0.014497    0.099211    0.329124   11.981982 v _17100_/X (sky130_fd_sc_hd__a211o_1)
                                                         _06956_ (net)
                      0.099240    0.001423   11.983405 v _17103_/B1 (sky130_fd_sc_hd__a22o_1)
     2    0.008663    0.066482    0.225548   12.208953 v _17103_/X (sky130_fd_sc_hd__a22o_1)
                                                         _06959_ (net)
                      0.066491    0.000617   12.209571 v _17105_/A2 (sky130_fd_sc_hd__a211oi_1)
     2    0.009365    0.360489    0.371580   12.581151 ^ _17105_/Y (sky130_fd_sc_hd__a211oi_1)
                                                         _06961_ (net)
                      0.360491    0.000710   12.581861 ^ _17106_/C (sky130_fd_sc_hd__nor3_1)
     2    0.006859    0.096439    0.116906   12.698766 v _17106_/Y (sky130_fd_sc_hd__nor3_1)
                                                         _06962_ (net)
                      0.096442    0.000385   12.699151 v max_cap238/A (sky130_fd_sc_hd__buf_1)
     2    0.009924    0.064276    0.142339   12.841490 v max_cap238/X (sky130_fd_sc_hd__buf_1)
                                                         net238 (net)
                      0.064291    0.000801   12.842291 v _17108_/B1 (sky130_fd_sc_hd__a211o_1)
     3    0.011733    0.087389    0.318064   13.160355 v _17108_/X (sky130_fd_sc_hd__a211o_1)
                                                         _06965_ (net)
                      0.087396    0.000622   13.160976 v _17111_/A1 (sky130_fd_sc_hd__a211o_1)
     3    0.013685    0.095563    0.322713   13.483690 v _17111_/X (sky130_fd_sc_hd__a211o_1)
                                                         _06968_ (net)
                      0.095581    0.001083   13.484773 v _17113_/B (sky130_fd_sc_hd__and3_1)
     2    0.006991    0.055152    0.201997   13.686769 v _17113_/X (sky130_fd_sc_hd__and3_1)
                                                         _06970_ (net)
                      0.055157    0.000461   13.687230 v _17116_/B1 (sky130_fd_sc_hd__a211o_2)
     6    0.050859    0.153960    0.432239   14.119470 v _17116_/X (sky130_fd_sc_hd__a211o_2)
                                                         _06973_ (net)
                      0.153991    0.001818   14.121287 v _18257_/A2 (sky130_fd_sc_hd__a21o_1)
     3    0.009442    0.060572    0.244565   14.365853 v _18257_/X (sky130_fd_sc_hd__a21o_1)
                                                         _08228_ (net)
                      0.060578    0.000474   14.366327 v _19506_/A2 (sky130_fd_sc_hd__a21oi_1)
     3    0.014444    0.323410    0.306327   14.672654 ^ _19506_/Y (sky130_fd_sc_hd__a21oi_1)
                                                         _09600_ (net)
                      0.323413    0.000780   14.673434 ^ _21134_/A2 (sky130_fd_sc_hd__o21ai_2)
     3    0.014563    0.107867    0.131441   14.804875 v _21134_/Y (sky130_fd_sc_hd__o21ai_2)
                                                         _00211_ (net)
                      0.107870    0.000502   14.805377 v _21911_/B (sky130_fd_sc_hd__and3_1)
     1    0.004830    0.045486    0.197137   15.002514 v _21911_/X (sky130_fd_sc_hd__and3_1)
                                                         _01065_ (net)
                      0.045489    0.000298   15.002811 v _21913_/B (sky130_fd_sc_hd__or3_2)
     2    0.037064    0.169150    0.579748   15.582560 v _21913_/X (sky130_fd_sc_hd__or3_2)
                                                         _01067_ (net)
                      0.169809    0.008118   15.590677 v _21914_/A3 (sky130_fd_sc_hd__a31o_1)
     1    0.013817    0.083813    0.310671   15.901348 v _21914_/X (sky130_fd_sc_hd__a31o_1)
                                                         _01068_ (net)
                      0.083838    0.001236   15.902585 v _22033_/A2 (sky130_fd_sc_hd__o21a_1)
     2    0.024760    0.130605    0.269525   16.172110 v _22033_/X (sky130_fd_sc_hd__o21a_1)
                                                         _01199_ (net)
                      0.130736    0.003402   16.175510 v _22196_/A1 (sky130_fd_sc_hd__o22a_1)
     1    0.007044    0.065764    0.258243   16.433754 v _22196_/X (sky130_fd_sc_hd__o22a_1)
                                                         _01378_ (net)
                      0.065771    0.000581   16.434336 v _22243_/A2 (sky130_fd_sc_hd__o21ba_1)
     1    0.003277    0.037714    0.173413   16.607748 v _22243_/X (sky130_fd_sc_hd__o21ba_1)
                                                         _01430_ (net)
                      0.037716    0.000233   16.607981 v _22245_/B1 (sky130_fd_sc_hd__o32a_1)
     1    0.003880    0.057037    0.170065   16.778046 v _22245_/X (sky130_fd_sc_hd__o32a_1)
                                                         _00005_ (net)
                      0.057038    0.000234   16.778280 v _22395_/D (sky130_fd_sc_hd__dfxtp_4)
                                             16.778280   data arrival time

                                 25.000000   25.000000   clock clk (rise edge)
                                  0.000000   25.000000   clock source latency
     2    0.091586    0.414190    0.302688   25.302687 ^ clk (in)
                                                         clk (net)
                      0.418864    0.000000   25.302687 ^ clkbuf_0_clk/A (sky130_fd_sc_hd__clkbuf_16)
     2    0.024679    0.053437    0.230560   25.533247 ^ clkbuf_0_clk/X (sky130_fd_sc_hd__clkbuf_16)
                                                         clknet_0_clk (net)
                      0.053493    0.001299   25.534546 ^ clkbuf_1_1__f_clk/A (sky130_fd_sc_hd__clkbuf_16)
     9    0.039460    0.059167    0.142860   25.677406 ^ clkbuf_1_1__f_clk/X (sky130_fd_sc_hd__clkbuf_16)
                                                         clknet_1_1__leaf_clk (net)
                      0.059425    0.002755   25.680161 ^ _22395_/CLK (sky130_fd_sc_hd__dfxtp_4)
                                 -0.250000   25.430162   clock uncertainty
                                  0.000000   25.430162   clock reconvergence pessimism
                                 -0.113902   25.316259   library setup time
                                             25.316259   data required time
---------------------------------------------------------------------------------------------
                                             25.316259   data required time
                                            -16.778280   data arrival time
---------------------------------------------------------------------------------------------
                                              8.537979   slack (MET)




===========================================================================
report_checks --slack_max -0.01
============================================================================
======================= max_tt_025C_1v80 Corner ===================================

No paths found.


===========================================================================
 report_check_types -max_slew -max_cap -max_fanout -violators
============================================================================
======================= max_tt_025C_1v80 Corner ===================================

max fanout

Pin                                   Limit Fanout  Slack
---------------------------------------------------------
_11446_/Y                                10     20    -10 (VIOLATED)
_11543_/Y                                10     20    -10 (VIOLATED)
_11758_/Y                                10     20    -10 (VIOLATED)
_12250_/X                                10     20    -10 (VIOLATED)
_13115_/X                                10     20    -10 (VIOLATED)
_13155_/Y                                10     20    -10 (VIOLATED)
_14753_/Y                                10     20    -10 (VIOLATED)
_15566_/Y                                10     20    -10 (VIOLATED)
_16075_/Y                                10     20    -10 (VIOLATED)
_16517_/Y                                10     20    -10 (VIOLATED)
fanout251/X                              10     20    -10 (VIOLATED)
fanout252/X                              10     20    -10 (VIOLATED)
fanout253/X                              10     20    -10 (VIOLATED)
fanout255/X                              10     20    -10 (VIOLATED)
fanout256/X                              10     20    -10 (VIOLATED)
fanout258/X                              10     20    -10 (VIOLATED)
fanout259/X                              10     20    -10 (VIOLATED)
fanout260/X                              10     20    -10 (VIOLATED)
fanout261/X                              10     20    -10 (VIOLATED)
fanout262/X                              10     20    -10 (VIOLATED)
fanout264/X                              10     20    -10 (VIOLATED)
fanout266/X                              10     20    -10 (VIOLATED)
fanout267/X                              10     20    -10 (VIOLATED)
fanout268/X                              10     20    -10 (VIOLATED)
fanout270/X                              10     20    -10 (VIOLATED)
fanout272/X                              10     20    -10 (VIOLATED)
fanout275/X                              10     20    -10 (VIOLATED)
fanout276/X                              10     20    -10 (VIOLATED)
fanout283/X                              10     20    -10 (VIOLATED)
fanout284/X                              10     20    -10 (VIOLATED)
fanout288/X                              10     20    -10 (VIOLATED)
fanout291/X                              10     20    -10 (VIOLATED)
fanout292/X                              10     20    -10 (VIOLATED)
fanout293/X                              10     20    -10 (VIOLATED)
fanout294/X                              10     20    -10 (VIOLATED)
fanout295/X                              10     20    -10 (VIOLATED)
fanout297/X                              10     20    -10 (VIOLATED)
fanout300/X                              10     20    -10 (VIOLATED)
fanout303/X                              10     20    -10 (VIOLATED)
fanout306/X                              10     20    -10 (VIOLATED)
fanout307/X                              10     20    -10 (VIOLATED)
fanout311/X                              10     20    -10 (VIOLATED)
fanout312/X                              10     20    -10 (VIOLATED)
fanout313/X                              10     20    -10 (VIOLATED)
fanout314/X                              10     20    -10 (VIOLATED)
fanout315/X                              10     20    -10 (VIOLATED)
fanout316/X                              10     20    -10 (VIOLATED)
fanout321/X                              10     20    -10 (VIOLATED)
fanout322/X                              10     20    -10 (VIOLATED)
fanout324/X                              10     20    -10 (VIOLATED)
fanout325/X                              10     20    -10 (VIOLATED)
fanout326/X                              10     20    -10 (VIOLATED)
fanout328/X                              10     20    -10 (VIOLATED)
fanout329/X                              10     20    -10 (VIOLATED)
fanout331/X                              10     20    -10 (VIOLATED)
fanout337/X                              10     20    -10 (VIOLATED)
fanout338/X                              10     20    -10 (VIOLATED)
fanout342/X                              10     20    -10 (VIOLATED)
fanout346/X                              10     20    -10 (VIOLATED)
fanout347/X                              10     20    -10 (VIOLATED)
fanout348/X                              10     20    -10 (VIOLATED)
fanout349/X                              10     20    -10 (VIOLATED)
fanout352/X                              10     20    -10 (VIOLATED)
fanout360/X                              10     20    -10 (VIOLATED)
fanout361/X                              10     20    -10 (VIOLATED)
fanout364/X                              10     20    -10 (VIOLATED)
fanout365/X                              10     20    -10 (VIOLATED)
fanout366/X                              10     20    -10 (VIOLATED)
fanout367/X                              10     20    -10 (VIOLATED)
fanout370/X                              10     20    -10 (VIOLATED)
fanout371/X                              10     20    -10 (VIOLATED)
fanout373/X                              10     20    -10 (VIOLATED)
fanout377/X                              10     20    -10 (VIOLATED)
fanout380/X                              10     20    -10 (VIOLATED)
fanout381/X                              10     20    -10 (VIOLATED)
fanout382/X                              10     20    -10 (VIOLATED)
fanout383/X                              10     20    -10 (VIOLATED)
fanout386/X                              10     20    -10 (VIOLATED)
fanout389/X                              10     20    -10 (VIOLATED)
fanout390/X                              10     20    -10 (VIOLATED)
fanout392/X                              10     20    -10 (VIOLATED)
fanout398/X                              10     20    -10 (VIOLATED)
fanout400/X                              10     20    -10 (VIOLATED)
fanout402/X                              10     20    -10 (VIOLATED)
fanout405/X                              10     20    -10 (VIOLATED)
fanout406/X                              10     20    -10 (VIOLATED)
fanout408/X                              10     20    -10 (VIOLATED)
fanout412/X                              10     20    -10 (VIOLATED)
fanout413/X                              10     20    -10 (VIOLATED)
fanout421/X                              10     20    -10 (VIOLATED)
fanout425/X                              10     20    -10 (VIOLATED)
fanout427/X                              10     20    -10 (VIOLATED)
fanout429/X                              10     20    -10 (VIOLATED)
fanout434/X                              10     20    -10 (VIOLATED)
fanout435/X                              10     20    -10 (VIOLATED)
fanout437/X                              10     20    -10 (VIOLATED)
fanout440/X                              10     20    -10 (VIOLATED)
fanout443/X                              10     20    -10 (VIOLATED)
fanout444/X                              10     20    -10 (VIOLATED)
fanout445/X                              10     20    -10 (VIOLATED)
fanout448/X                              10     20    -10 (VIOLATED)
fanout450/X                              10     20    -10 (VIOLATED)
fanout451/X                              10     20    -10 (VIOLATED)
fanout452/X                              10     20    -10 (VIOLATED)
fanout453/X                              10     20    -10 (VIOLATED)
fanout455/X                              10     20    -10 (VIOLATED)
fanout457/X                              10     20    -10 (VIOLATED)
fanout458/X                              10     20    -10 (VIOLATED)
fanout459/X                              10     20    -10 (VIOLATED)
fanout460/X                              10     20    -10 (VIOLATED)
fanout462/X                              10     20    -10 (VIOLATED)
fanout467/X                              10     20    -10 (VIOLATED)
fanout475/X                              10     20    -10 (VIOLATED)
fanout479/X                              10     20    -10 (VIOLATED)
fanout481/X                              10     20    -10 (VIOLATED)
fanout487/X                              10     20    -10 (VIOLATED)
fanout490/X                              10     20    -10 (VIOLATED)
fanout493/X                              10     20    -10 (VIOLATED)
fanout497/X                              10     20    -10 (VIOLATED)
fanout498/X                              10     20    -10 (VIOLATED)
fanout500/X                              10     20    -10 (VIOLATED)
fanout501/X                              10     20    -10 (VIOLATED)
fanout503/X                              10     20    -10 (VIOLATED)
fanout504/X                              10     20    -10 (VIOLATED)
fanout506/X                              10     20    -10 (VIOLATED)
fanout508/X                              10     20    -10 (VIOLATED)
fanout510/X                              10     20    -10 (VIOLATED)
fanout512/X                              10     20    -10 (VIOLATED)
fanout514/X                              10     20    -10 (VIOLATED)
fanout517/X                              10     20    -10 (VIOLATED)
fanout520/X                              10     20    -10 (VIOLATED)
fanout521/X                              10     20    -10 (VIOLATED)
fanout522/X                              10     20    -10 (VIOLATED)
fanout523/X                              10     20    -10 (VIOLATED)
fanout526/X                              10     20    -10 (VIOLATED)
fanout528/X                              10     20    -10 (VIOLATED)
fanout529/X                              10     20    -10 (VIOLATED)
fanout533/X                              10     20    -10 (VIOLATED)
fanout535/X                              10     20    -10 (VIOLATED)
fanout536/X                              10     20    -10 (VIOLATED)
fanout540/X                              10     20    -10 (VIOLATED)
fanout559/X                              10     20    -10 (VIOLATED)
fanout560/X                              10     20    -10 (VIOLATED)
fanout563/X                              10     20    -10 (VIOLATED)
fanout565/X                              10     20    -10 (VIOLATED)
fanout566/X                              10     20    -10 (VIOLATED)
fanout571/X                              10     20    -10 (VIOLATED)
fanout574/X                              10     20    -10 (VIOLATED)
input121/X                               10     20    -10 (VIOLATED)
input122/X                               10     20    -10 (VIOLATED)
input174/X                               10     20    -10 (VIOLATED)
input27/X                                10     20    -10 (VIOLATED)
input40/X                                10     20    -10 (VIOLATED)
input67/X                                10     20    -10 (VIOLATED)
input69/X                                10     20    -10 (VIOLATED)
input70/X                                10     20    -10 (VIOLATED)
input95/X                                10     20    -10 (VIOLATED)
_11241_/Y                                10     18     -8 (VIOLATED)
_11286_/Y                                10     18     -8 (VIOLATED)
_11299_/Y                                10     18     -8 (VIOLATED)
_11449_/Y                                10     18     -8 (VIOLATED)
_11544_/X                                10     18     -8 (VIOLATED)
_11656_/X                                10     18     -8 (VIOLATED)
_12083_/Y                                10     18     -8 (VIOLATED)
_12314_/X                                10     18     -8 (VIOLATED)
_13074_/X                                10     18     -8 (VIOLATED)
_13086_/X                                10     18     -8 (VIOLATED)
_13135_/Y                                10     18     -8 (VIOLATED)
_13655_/Y                                10     18     -8 (VIOLATED)
_13713_/Y                                10     18     -8 (VIOLATED)
_14670_/Y                                10     18     -8 (VIOLATED)
_15567_/Y                                10     18     -8 (VIOLATED)
fanout336/X                              10     18     -8 (VIOLATED)
fanout341/X                              10     18     -8 (VIOLATED)
fanout353/X                              10     18     -8 (VIOLATED)
fanout362/X                              10     18     -8 (VIOLATED)
fanout378/X                              10     18     -8 (VIOLATED)
fanout394/X                              10     18     -8 (VIOLATED)
fanout396/X                              10     18     -8 (VIOLATED)
fanout428/X                              10     18     -8 (VIOLATED)
fanout465/X                              10     18     -8 (VIOLATED)
fanout466/X                              10     18     -8 (VIOLATED)
fanout470/X                              10     18     -8 (VIOLATED)
fanout486/X                              10     18     -8 (VIOLATED)
fanout489/X                              10     18     -8 (VIOLATED)
fanout494/X                              10     18     -8 (VIOLATED)
fanout495/X                              10     18     -8 (VIOLATED)
fanout499/X                              10     18     -8 (VIOLATED)
fanout509/X                              10     18     -8 (VIOLATED)
fanout513/X                              10     18     -8 (VIOLATED)
fanout539/X                              10     18     -8 (VIOLATED)
fanout556/X                              10     18     -8 (VIOLATED)
fanout567/X                              10     18     -8 (VIOLATED)
fanout572/X                              10     18     -8 (VIOLATED)
input221/X                               10     18     -8 (VIOLATED)
input26/X                                10     18     -8 (VIOLATED)
input33/X                                10     18     -8 (VIOLATED)
input43/X                                10     18     -8 (VIOLATED)
input62/X                                10     18     -8 (VIOLATED)
input68/X                                10     18     -8 (VIOLATED)
input79/X                                10     18     -8 (VIOLATED)
input86/X                                10     18     -8 (VIOLATED)
input87/X                                10     18     -8 (VIOLATED)
input89/X                                10     18     -8 (VIOLATED)
input94/X                                10     18     -8 (VIOLATED)
_11197_/Y                                10     16     -6 (VIOLATED)
_11203_/Y                                10     16     -6 (VIOLATED)
_11204_/Y                                10     16     -6 (VIOLATED)
_11207_/Y                                10     16     -6 (VIOLATED)
_11217_/Y                                10     16     -6 (VIOLATED)
_11250_/Y                                10     16     -6 (VIOLATED)
_11444_/X                                10     16     -6 (VIOLATED)
_11828_/X                                10     16     -6 (VIOLATED)
_12092_/X                                10     16     -6 (VIOLATED)
_12421_/Y                                10     16     -6 (VIOLATED)
_12650_/Y                                10     16     -6 (VIOLATED)
_13062_/Y                                10     16     -6 (VIOLATED)
_13598_/Y                                10     16     -6 (VIOLATED)
_13709_/X                                10     16     -6 (VIOLATED)
_13876_/X                                10     16     -6 (VIOLATED)
_14620_/Y                                10     16     -6 (VIOLATED)
_15196_/Y                                10     16     -6 (VIOLATED)
_15609_/Y                                10     16     -6 (VIOLATED)
_16518_/Y                                10     16     -6 (VIOLATED)
fanout298/X                              10     16     -6 (VIOLATED)
fanout369/X                              10     16     -6 (VIOLATED)
fanout391/X                              10     16     -6 (VIOLATED)
fanout411/X                              10     16     -6 (VIOLATED)
fanout439/X                              10     16     -6 (VIOLATED)
fanout447/X                              10     16     -6 (VIOLATED)
fanout449/X                              10     16     -6 (VIOLATED)
fanout461/X                              10     16     -6 (VIOLATED)
fanout463/X                              10     16     -6 (VIOLATED)
fanout468/X                              10     16     -6 (VIOLATED)
fanout507/X                              10     16     -6 (VIOLATED)
fanout518/X                              10     16     -6 (VIOLATED)
fanout538/X                              10     16     -6 (VIOLATED)
fanout564/X                              10     16     -6 (VIOLATED)
input104/X                               10     16     -6 (VIOLATED)
input138/X                               10     16     -6 (VIOLATED)
input158/X                               10     16     -6 (VIOLATED)
input210/X                               10     16     -6 (VIOLATED)
input220/X                               10     16     -6 (VIOLATED)
input41/X                                10     16     -6 (VIOLATED)
input85/X                                10     16     -6 (VIOLATED)
max_cap286/X                             10     16     -6 (VIOLATED)
_11208_/Y                                10     14     -4 (VIOLATED)
_11211_/Y                                10     14     -4 (VIOLATED)
_11238_/X                                10     14     -4 (VIOLATED)
_11358_/Y                                10     14     -4 (VIOLATED)
_11421_/X                                10     14     -4 (VIOLATED)
_11760_/X                                10     14     -4 (VIOLATED)
_12176_/Y                                10     14     -4 (VIOLATED)
_12177_/X                                10     14     -4 (VIOLATED)
_12224_/Y                                10     14     -4 (VIOLATED)
_13088_/Y                                10     14     -4 (VIOLATED)
_13104_/Y                                10     14     -4 (VIOLATED)
_13132_/Y                                10     14     -4 (VIOLATED)
_13154_/X                                10     14     -4 (VIOLATED)
_13872_/Y                                10     14     -4 (VIOLATED)
_14636_/X                                10     14     -4 (VIOLATED)
_14734_/Y                                10     14     -4 (VIOLATED)
_14754_/Y                                10     14     -4 (VIOLATED)
_14759_/X                                10     14     -4 (VIOLATED)
_15237_/Y                                10     14     -4 (VIOLATED)
_15278_/X                                10     14     -4 (VIOLATED)
_15573_/X                                10     14     -4 (VIOLATED)
_16072_/X                                10     14     -4 (VIOLATED)
_16687_/X                                10     14     -4 (VIOLATED)
clkbuf_1_0__f_clk/X                      10     14     -4 (VIOLATED)
fanout344/X                              10     14     -4 (VIOLATED)
fanout345/X                              10     14     -4 (VIOLATED)
fanout351/X                              10     14     -4 (VIOLATED)
fanout355/X                              10     14     -4 (VIOLATED)
fanout358/X                              10     14     -4 (VIOLATED)
fanout359/X                              10     14     -4 (VIOLATED)
fanout375/X                              10     14     -4 (VIOLATED)
fanout384/X                              10     14     -4 (VIOLATED)
fanout385/X                              10     14     -4 (VIOLATED)
fanout423/X                              10     14     -4 (VIOLATED)
fanout436/X                              10     14     -4 (VIOLATED)
fanout446/X                              10     14     -4 (VIOLATED)
fanout454/X                              10     14     -4 (VIOLATED)
fanout502/X                              10     14     -4 (VIOLATED)
fanout524/X                              10     14     -4 (VIOLATED)
fanout537/X                              10     14     -4 (VIOLATED)
fanout570/X                              10     14     -4 (VIOLATED)
input123/X                               10     14     -4 (VIOLATED)
input141/X                               10     14     -4 (VIOLATED)
input176/X                               10     14     -4 (VIOLATED)
input45/X                                10     14     -4 (VIOLATED)
input80/X                                10     14     -4 (VIOLATED)
input92/X                                10     14     -4 (VIOLATED)
input93/X                                10     14     -4 (VIOLATED)
input96/X                                10     14     -4 (VIOLATED)
_11242_/Y                                10     12     -2 (VIOLATED)
_11323_/X                                10     12     -2 (VIOLATED)
_11342_/X                                10     12     -2 (VIOLATED)
_11343_/Y                                10     12     -2 (VIOLATED)
_11360_/Y                                10     12     -2 (VIOLATED)
_11445_/Y                                10     12     -2 (VIOLATED)
_11506_/Y                                10     12     -2 (VIOLATED)
_11681_/Y                                10     12     -2 (VIOLATED)
_11991_/Y                                10     12     -2 (VIOLATED)
_12226_/Y                                10     12     -2 (VIOLATED)
_12333_/Y                                10     12     -2 (VIOLATED)
_12334_/X                                10     12     -2 (VIOLATED)
_13197_/X                                10     12     -2 (VIOLATED)
_13235_/Y                                10     12     -2 (VIOLATED)
_13447_/Y                                10     12     -2 (VIOLATED)
_13465_/X                                10     12     -2 (VIOLATED)
_13490_/Y                                10     12     -2 (VIOLATED)
_13521_/Y                                10     12     -2 (VIOLATED)
_13858_/Y                                10     12     -2 (VIOLATED)
_13862_/Y                                10     12     -2 (VIOLATED)
_13873_/Y                                10     12     -2 (VIOLATED)
_14674_/X                                10     12     -2 (VIOLATED)
_14841_/X                                10     12     -2 (VIOLATED)
_15027_/Y                                10     12     -2 (VIOLATED)
_15351_/Y                                10     12     -2 (VIOLATED)
_15610_/X                                10     12     -2 (VIOLATED)
_16608_/X                                10     12     -2 (VIOLATED)
_17774_/X                                10     12     -2 (VIOLATED)
_19723_/X                                10     12     -2 (VIOLATED)
fanout263/X                              10     12     -2 (VIOLATED)
fanout265/X                              10     12     -2 (VIOLATED)
fanout269/X                              10     12     -2 (VIOLATED)
fanout302/X                              10     12     -2 (VIOLATED)
fanout310/X                              10     12     -2 (VIOLATED)
fanout356/X                              10     12     -2 (VIOLATED)
fanout372/X                              10     12     -2 (VIOLATED)
fanout407/X                              10     12     -2 (VIOLATED)
fanout416/X                              10     12     -2 (VIOLATED)
fanout417/X                              10     12     -2 (VIOLATED)
fanout422/X                              10     12     -2 (VIOLATED)
fanout426/X                              10     12     -2 (VIOLATED)
fanout431/X                              10     12     -2 (VIOLATED)
fanout492/X                              10     12     -2 (VIOLATED)
fanout515/X                              10     12     -2 (VIOLATED)
fanout519/X                              10     12     -2 (VIOLATED)
fanout531/X                              10     12     -2 (VIOLATED)
fanout545/X                              10     12     -2 (VIOLATED)
fanout548/X                              10     12     -2 (VIOLATED)
fanout554/X                              10     12     -2 (VIOLATED)
fanout569/X                              10     12     -2 (VIOLATED)
fanout573/X                              10     12     -2 (VIOLATED)
input159/X                               10     12     -2 (VIOLATED)
input177/X                               10     12     -2 (VIOLATED)
input193/X                               10     12     -2 (VIOLATED)
input63/X                                10     12     -2 (VIOLATED)
input90/X                                10     12     -2 (VIOLATED)
input91/X                                10     12     -2 (VIOLATED)

max capacitance

Pin                                        Limit         Cap       Slack
------------------------------------------------------------------------
input33/X                               0.200000    0.212725   -0.012725 (VIOLATED)



===========================================================================
report_parasitic_annotation -report_unannotated
============================================================================
Found 23 unannotated drivers.
 input_data[127]
 input_data[191]
 input_data[207]
 input_data[208]
 input_data[209]
 input_data[210]
 input_data[211]
 input_data[212]
 input_data[213]
 input_data[214]
 input_data[215]
 input_data[216]
 input_data[217]
 input_data[218]
 input_data[219]
 input_data[220]
 input_data[221]
 input_data[222]
 input_data[223]
 input_data[238]
 input_data[239]
 input_data[63]
 input_data[79]
Found 0 partially unannotated drivers.

===========================================================================
max slew violation count 0
max fanout violation count 352
max cap violation count 1
============================================================================

===========================================================================
check_setup -verbose -unconstrained_endpoints -multiple_clock -no_clock -no_input_delay -loops -generated_clocks
===========================================================================
