
===========================================================================
 report_power
============================================================================
======================= nom_ff_n40C_1v95 Corner ===================================

Group                    Internal    Switching      Leakage        Total
                            Power        Power        Power        Power (Watts)
------------------------------------------------------------------------
Sequential           5.249096e-05 4.585994e-05 2.515849e-10 9.835116e-05   0.6%
Combinational        6.054082e-03 9.728213e-03 7.429821e-08 1.578237e-02  99.1%
Clock                2.399225e-05 1.598994e-05 7.362900e-09 3.998955e-05   0.3%
Macro                0.000000e+00 0.000000e+00 0.000000e+00 0.000000e+00   0.0%
Pad                  0.000000e+00 0.000000e+00 0.000000e+00 0.000000e+00   0.0%
------------------------------------------------------------------------
Total                6.130566e-03 9.790062e-03 8.191278e-08 1.592071e-02 100.0%
                            38.5%        61.5%         0.0%

