
===========================================================================
 report_power
============================================================================
======================= max_ff_n40C_1v95 Corner ===================================

Group                    Internal    Switching      Leakage        Total
                            Power        Power        Power        Power (Watts)
------------------------------------------------------------------------
Sequential           5.472696e-05 6.263678e-05 3.023443e-10 1.173640e-04   0.6%
Combinational        6.862829e-03 1.179323e-02 9.214919e-08 1.865615e-02  99.1%
Clock                2.433501e-05 2.187334e-05 7.176055e-08 4.628011e-05   0.2%
Macro                0.000000e+00 0.000000e+00 0.000000e+00 0.000000e+00   0.0%
Pad                  0.000000e+00 0.000000e+00 0.000000e+00 0.000000e+00   0.0%
------------------------------------------------------------------------
Total                6.941891e-03 1.187774e-02 1.642112e-07 1.881980e-02 100.0%
                            36.9%        63.1%         0.0%

