
===========================================================================
 report_power
============================================================================
======================= max_ff_n40C_1v95 Corner ===================================

Group                    Internal    Switching      Leakage        Total
                            Power        Power        Power        Power (Watts)
------------------------------------------------------------------------
Sequential           4.748682e-04 2.802299e-05 3.420491e-09 5.028946e-04  53.3%
Combinational        5.058837e-05 9.666039e-05 9.873393e-09 1.472586e-04  15.6%
Clock                1.179046e-04 1.747378e-04 6.846890e-09 2.926492e-04  31.0%
Macro                0.000000e+00 0.000000e+00 0.000000e+00 0.000000e+00   0.0%
Pad                  0.000000e+00 0.000000e+00 0.000000e+00 0.000000e+00   0.0%
------------------------------------------------------------------------
Total                6.433612e-04 2.994215e-04 2.014108e-08 9.428029e-04 100.0%
                            68.2%        31.8%         0.0%

