
===========================================================================
 report_power
============================================================================
======================= min_ff_n40C_1v95 Corner ===================================

Group                    Internal    Switching      Leakage        Total
                            Power        Power        Power        Power (Watts)
------------------------------------------------------------------------
Sequential           5.449589e-05 5.349906e-05 2.828765e-10 1.079952e-04   0.7%
Combinational        6.347462e-03 9.833981e-03 8.154466e-08 1.618152e-02  99.1%
Clock                2.394067e-05 1.561960e-05 3.536789e-08 3.959563e-05   0.2%
Macro                0.000000e+00 0.000000e+00 0.000000e+00 0.000000e+00   0.0%
Pad                  0.000000e+00 0.000000e+00 0.000000e+00 0.000000e+00   0.0%
------------------------------------------------------------------------
Total                6.425899e-03 9.903100e-03 1.171953e-07 1.632912e-02 100.0%
                            39.4%        60.6%         0.0%

