
===========================================================================
report_checks -unconstrained
===========================================================================
======================= nom_ff_n40C_1v95 Corner ===================================

Startpoint: input_data[81] (input port clocked by clk)
Endpoint: _22395_ (rising edge-triggered flip-flop clocked by clk)
Path Group: clk
Path Type: max

Fanout         Cap        Slew       Delay        Time   Description
---------------------------------------------------------------------------------------------
                                  0.000000    0.000000   clock clk (rise edge)
                                  0.000000    0.000000   clock network delay (propagated)
                                  5.000000    5.000000 ^ input external delay
     1    0.003340    0.015853    0.008664    5.008664 ^ input_data[81] (in)
                                                         input_data[81] (net)
                      0.015854    0.000000    5.008664 ^ input197/A (sky130_fd_sc_hd__buf_2)
     1    0.061141    0.224338    0.197325    5.205989 ^ input197/X (sky130_fd_sc_hd__buf_2)
                                                         net197 (net)
                      0.224422    0.003605    5.209594 ^ fanout407/A (sky130_fd_sc_hd__clkbuf_4)
     7    0.076722    0.176966    0.229774    5.439367 ^ fanout407/X (sky130_fd_sc_hd__clkbuf_4)
                                                         net407 (net)
                      0.177496    0.007887    5.447255 ^ fanout406/A (sky130_fd_sc_hd__buf_4)
     8    0.078008    0.164008    0.188744    5.635999 ^ fanout406/X (sky130_fd_sc_hd__buf_4)
                                                         net406 (net)
                      0.164746    0.008938    5.644937 ^ fanout405/A (sky130_fd_sc_hd__clkbuf_2)
     5    0.035383    0.149963    0.173813    5.818750 ^ fanout405/X (sky130_fd_sc_hd__clkbuf_2)
                                                         net405 (net)
                      0.149995    0.001821    5.820571 ^ fanout404/A (sky130_fd_sc_hd__buf_4)
    10    0.061036    0.130067    0.165208    5.985779 ^ fanout404/X (sky130_fd_sc_hd__buf_4)
                                                         net404 (net)
                      0.130208    0.003531    5.989310 ^ _11244_/B (sky130_fd_sc_hd__nor2_1)
     4    0.016793    0.072301    0.077601    6.066910 v _11244_/Y (sky130_fd_sc_hd__nor2_1)
                                                         _03356_ (net)
                      0.072304    0.000373    6.067283 v _11245_/B (sky130_fd_sc_hd__nor2_2)
     3    0.044004    0.343785    0.279111    6.346394 ^ _11245_/Y (sky130_fd_sc_hd__nor2_2)
                                                         _03367_ (net)
                      0.343790    0.001132    6.347526 ^ fanout263/A (sky130_fd_sc_hd__clkbuf_8)
    10    0.104990    0.142842    0.213507    6.561033 ^ fanout263/X (sky130_fd_sc_hd__clkbuf_8)
                                                         net263 (net)
                      0.143381    0.007068    6.568101 ^ _11368_/A1 (sky130_fd_sc_hd__a21o_1)
     2    0.008635    0.063199    0.102658    6.670759 ^ _11368_/X (sky130_fd_sc_hd__a21o_1)
                                                         _04720_ (net)
                      0.063200    0.000224    6.670983 ^ _11370_/B (sky130_fd_sc_hd__xor2_1)
     2    0.009560    0.166879    0.157160    6.828143 ^ _11370_/X (sky130_fd_sc_hd__xor2_1)
                                                         _04742_ (net)
                      0.166880    0.000256    6.828399 ^ _11371_/B (sky130_fd_sc_hd__nand2_1)
     2    0.013333    0.077244    0.087057    6.915455 v _11371_/Y (sky130_fd_sc_hd__nand2_1)
                                                         _04753_ (net)
                      0.077245    0.000215    6.915671 v _11458_/B (sky130_fd_sc_hd__and3_1)
     1    0.005264    0.034524    0.127716    7.043387 v _11458_/X (sky130_fd_sc_hd__and3_1)
                                                         _05710_ (net)
                      0.034525    0.000181    7.043568 v _11459_/B (sky130_fd_sc_hd__or2_4)
     4    0.033276    0.059446    0.174640    7.218207 v _11459_/X (sky130_fd_sc_hd__or2_4)
                                                         _05721_ (net)
                      0.059459    0.000697    7.218904 v _11461_/B (sky130_fd_sc_hd__nor2_2)
     2    0.021905    0.181698    0.158618    7.377523 ^ _11461_/Y (sky130_fd_sc_hd__nor2_2)
                                                         _05743_ (net)
                      0.181702    0.000647    7.378170 ^ _11558_/A (sky130_fd_sc_hd__xnor2_4)
     2    0.024064    0.074544    0.080057    7.458226 v _11558_/Y (sky130_fd_sc_hd__xnor2_4)
                                                         _06809_ (net)
                      0.074549    0.000462    7.458688 v _11672_/A3 (sky130_fd_sc_hd__o31ai_4)
     4    0.030107    0.293810    0.258385    7.717073 ^ _11672_/Y (sky130_fd_sc_hd__o31ai_4)
                                                         _08062_ (net)
                      0.293812    0.000650    7.717723 ^ _11846_/A2 (sky130_fd_sc_hd__a21oi_2)
     2    0.028295    0.104718    0.108658    7.826382 v _11846_/Y (sky130_fd_sc_hd__a21oi_2)
                                                         _09975_ (net)
                      0.104863    0.003039    7.829421 v _11878_/B (sky130_fd_sc_hd__or4bb_4)
     3    0.020398    0.078992    0.359888    8.189309 v _11878_/X (sky130_fd_sc_hd__or4bb_4)
                                                         _10327_ (net)
                      0.079000    0.001521    8.190830 v _11880_/B (sky130_fd_sc_hd__and3_1)
     2    0.005419    0.034926    0.128968    8.319798 v _11880_/X (sky130_fd_sc_hd__and3_1)
                                                         _10349_ (net)
                      0.034926    0.000113    8.319911 v _11882_/B (sky130_fd_sc_hd__or3_1)
     3    0.011458    0.074230    0.236145    8.556057 v _11882_/X (sky130_fd_sc_hd__or3_1)
                                                         _10370_ (net)
                      0.074232    0.000328    8.556384 v _11897_/A1 (sky130_fd_sc_hd__a211o_1)
     3    0.007677    0.049781    0.187935    8.744319 v _11897_/X (sky130_fd_sc_hd__a211o_1)
                                                         _10535_ (net)
                      0.049781    0.000102    8.744421 v _11898_/C (sky130_fd_sc_hd__and3_1)
     2    0.005602    0.035502    0.127783    8.872205 v _11898_/X (sky130_fd_sc_hd__and3_1)
                                                         _10546_ (net)
                      0.035502    0.000122    8.872326 v _11917_/B1 (sky130_fd_sc_hd__a211o_1)
     3    0.011451    0.060771    0.153147    9.025473 v _11917_/X (sky130_fd_sc_hd__a211o_1)
                                                         _10755_ (net)
                      0.060773    0.000282    9.025755 v _11920_/B (sky130_fd_sc_hd__and3_2)
     4    0.020648    0.055840    0.165605    9.191360 v _11920_/X (sky130_fd_sc_hd__and3_2)
                                                         _10788_ (net)
                      0.055845    0.000425    9.191785 v _11947_/A (sky130_fd_sc_hd__or3_4)
     5    0.026118    0.068802    0.271303    9.463087 v _11947_/X (sky130_fd_sc_hd__or3_4)
                                                         _11085_ (net)
                      0.068893    0.001855    9.464943 v _11949_/B (sky130_fd_sc_hd__and3_1)
     2    0.008255    0.043509    0.134100    9.599043 v _11949_/X (sky130_fd_sc_hd__and3_1)
                                                         _11107_ (net)
                      0.043512    0.000282    9.599325 v _11979_/A (sky130_fd_sc_hd__or3_2)
     5    0.013824    0.074963    0.306649    9.905974 v _11979_/X (sky130_fd_sc_hd__or3_2)
                                                         _00258_ (net)
                      0.074965    0.000284    9.906259 v _11981_/B (sky130_fd_sc_hd__and3_1)
     2    0.008910    0.045588    0.138797   10.045054 v _11981_/X (sky130_fd_sc_hd__and3_1)
                                                         _00280_ (net)
                      0.045590    0.000273   10.045327 v _12019_/A1 (sky130_fd_sc_hd__o211a_1)
     2    0.008058    0.044111    0.161158   10.206486 v _12019_/X (sky130_fd_sc_hd__o211a_1)
                                                         _00697_ (net)
                      0.044113    0.000249   10.206735 v _12021_/A2 (sky130_fd_sc_hd__o21a_1)
     2    0.006569    0.036521    0.119941   10.326675 v _12021_/X (sky130_fd_sc_hd__o21a_1)
                                                         _00719_ (net)
                      0.036522    0.000147   10.326823 v _12118_/B (sky130_fd_sc_hd__nor3_1)
     3    0.008936    0.209809    0.192025   10.518848 ^ _12118_/Y (sky130_fd_sc_hd__nor3_1)
                                                         _01598_ (net)
                      0.209809    0.000171   10.519020 ^ _16802_/B1_N (sky130_fd_sc_hd__o21ba_1)
     2    0.010554    0.048626    0.124873   10.643893 v _16802_/X (sky130_fd_sc_hd__o21ba_1)
                                                         _06628_ (net)
                      0.048629    0.000271   10.644164 v _17945_/A2 (sky130_fd_sc_hd__o21bai_2)
     2    0.013771    0.141016    0.131828   10.775992 ^ _17945_/Y (sky130_fd_sc_hd__o21bai_2)
                                                         _07884_ (net)
                      0.141018    0.000449   10.776441 ^ _19186_/A2 (sky130_fd_sc_hd__a21o_1)
     3    0.020452    0.137405    0.160937   10.937378 ^ _19186_/X (sky130_fd_sc_hd__a21o_1)
                                                         _09248_ (net)
                      0.137411    0.000765   10.938142 ^ _20615_/A2 (sky130_fd_sc_hd__a21o_1)
     3    0.019007    0.128262    0.154516   11.092658 ^ _20615_/X (sky130_fd_sc_hd__a21o_1)
                                                         _10819_ (net)
                      0.128268    0.000694   11.093351 ^ _21715_/A1 (sky130_fd_sc_hd__a221o_1)
     1    0.010320    0.082205    0.133595   11.226947 ^ _21715_/X (sky130_fd_sc_hd__a221o_1)
                                                         _00849_ (net)
                      0.082207    0.000338   11.227284 ^ _21716_/B1 (sky130_fd_sc_hd__o311ai_4)
     1    0.018375    0.086952    0.059104   11.286388 v _21716_/Y (sky130_fd_sc_hd__o311ai_4)
                                                         _00850_ (net)
                      0.086959    0.001499   11.287888 v _21914_/A2 (sky130_fd_sc_hd__a31o_1)
     1    0.012848    0.056600    0.182047   11.469934 v _21914_/X (sky130_fd_sc_hd__a31o_1)
                                                         _01068_ (net)
                      0.056618    0.000824   11.470758 v _22033_/A2 (sky130_fd_sc_hd__o21a_1)
     1    0.021423    0.081517    0.165785   11.636543 v _22033_/X (sky130_fd_sc_hd__o21a_1)
                                                         _01199_ (net)
                      0.081570    0.001730   11.638274 v _22196_/A1 (sky130_fd_sc_hd__o22a_1)
     1    0.006704    0.038729    0.152948   11.791222 v _22196_/X (sky130_fd_sc_hd__o22a_1)
                                                         _01378_ (net)
                      0.038733    0.000303   11.791525 v _22243_/A2 (sky130_fd_sc_hd__o21ba_1)
     1    0.004729    0.031613    0.111759   11.903283 v _22243_/X (sky130_fd_sc_hd__o21ba_1)
                                                         _01430_ (net)
                      0.031614    0.000169   11.903452 v _22245_/B1 (sky130_fd_sc_hd__o32a_1)
     1    0.002133    0.034957    0.096677   12.000130 v _22245_/X (sky130_fd_sc_hd__o32a_1)
                                                         _00005_ (net)
                      0.034957    0.000060   12.000190 v _22395_/D (sky130_fd_sc_hd__dfxtp_2)
                                             12.000190   data arrival time

                                 25.000000   25.000000   clock clk (rise edge)
                                  0.000000   25.000000   clock source latency
     2    0.091315    0.307546    0.216762   25.216761 ^ clk (in)
                                                         clk (net)
                      0.307766    0.000000   25.216761 ^ clkbuf_0_clk/A (sky130_fd_sc_hd__clkbuf_16)
     2    0.024980    0.041438    0.134820   25.351582 ^ clkbuf_0_clk/X (sky130_fd_sc_hd__clkbuf_16)
                                                         clknet_0_clk (net)
                      0.041460    0.000721   25.352303 ^ clkbuf_1_1__f_clk/A (sky130_fd_sc_hd__clkbuf_16)
     7    0.030259    0.038486    0.093996   25.446299 ^ clkbuf_1_1__f_clk/X (sky130_fd_sc_hd__clkbuf_16)
                                                         clknet_1_1__leaf_clk (net)
                      0.038603    0.001657   25.447956 ^ _22395_/CLK (sky130_fd_sc_hd__dfxtp_2)
                                 -0.250000   25.197956   clock uncertainty
                                  0.000000   25.197956   clock reconvergence pessimism
                                 -0.071644   25.126312   library setup time
                                             25.126312   data required time
---------------------------------------------------------------------------------------------
                                             25.126312   data required time
                                            -12.000190   data arrival time
---------------------------------------------------------------------------------------------
                                             13.126122   slack (MET)




===========================================================================
report_checks --slack_max -0.01
============================================================================
======================= nom_ff_n40C_1v95 Corner ===================================

No paths found.


===========================================================================
 report_check_types -max_slew -max_cap -max_fanout -violators
============================================================================
======================= nom_ff_n40C_1v95 Corner ===================================

max fanout

Pin                                   Limit Fanout  Slack
---------------------------------------------------------
fanout487/X                              10     14     -4 (VIOLATED)
input136/X                               10     14     -4 (VIOLATED)
_15196_/Y                                10     11        (VIOLATED)
fanout496/X                              10     11        (VIOLATED)
fanout536/X                              10     11        (VIOLATED)



===========================================================================
report_parasitic_annotation -report_unannotated
============================================================================
Found 23 unannotated drivers.
 input_data[127]
 input_data[191]
 input_data[207]
 input_data[208]
 input_data[209]
 input_data[210]
 input_data[211]
 input_data[212]
 input_data[213]
 input_data[214]
 input_data[215]
 input_data[216]
 input_data[217]
 input_data[218]
 input_data[219]
 input_data[220]
 input_data[221]
 input_data[222]
 input_data[223]
 input_data[238]
 input_data[239]
 input_data[63]
 input_data[79]
Found 0 partially unannotated drivers.

===========================================================================
max slew violation count 0
max fanout violation count 5
max cap violation count 0
============================================================================

===========================================================================
check_setup -verbose -unconstrained_endpoints -multiple_clock -no_clock -no_input_delay -loops -generated_clocks
===========================================================================
