
===========================================================================
 report_power
============================================================================
======================= max_ff_n40C_1v95 Corner ===================================

Group                    Internal    Switching      Leakage        Total
                            Power        Power        Power        Power (Watts)
------------------------------------------------------------------------
Sequential           5.327277e-05 3.085371e-05 2.410345e-10 8.412672e-05   0.2%
Combinational        1.494127e-02 2.447963e-02 1.882166e-07 3.942109e-02  99.7%
Clock                2.401234e-05 2.070243e-05 6.126486e-08 4.477602e-05   0.1%
Macro                0.000000e+00 0.000000e+00 0.000000e+00 0.000000e+00   0.0%
Pad                  0.000000e+00 0.000000e+00 0.000000e+00 0.000000e+00   0.0%
------------------------------------------------------------------------
Total                1.501855e-02 2.453119e-02 2.497259e-07 3.954999e-02 100.0%
                            38.0%        62.0%         0.0%

