
===========================================================================
 report_power
============================================================================
======================= nom_ss_100C_1v60 Corner ===================================

Group                    Internal    Switching      Leakage        Total
                            Power        Power        Power        Power (Watts)
------------------------------------------------------------------------
Sequential           3.610803e-05 2.356678e-05 2.389915e-07 5.991380e-05   0.5%
Combinational        4.544290e-03 6.920195e-03 5.138170e-05 1.151587e-02  99.2%
Clock                1.715405e-05 1.406265e-05 9.168348e-08 3.130839e-05   0.3%
Macro                0.000000e+00 0.000000e+00 0.000000e+00 0.000000e+00   0.0%
Pad                  0.000000e+00 0.000000e+00 0.000000e+00 0.000000e+00   0.0%
------------------------------------------------------------------------
Total                4.597553e-03 6.957825e-03 5.171237e-05 1.160709e-02 100.0%
                            39.6%        59.9%         0.4%

