
===========================================================================
 report_power
============================================================================
======================= min_tt_025C_1v80 Corner ===================================

Group                    Internal    Switching      Leakage        Total
                            Power        Power        Power        Power (Watts)
------------------------------------------------------------------------
Sequential           1.171504e-03 4.814203e-04 5.526936e-09 1.652929e-03   1.3%
Combinational        5.200223e-02 7.064509e-02 1.158524e-07 1.226474e-01  97.9%
Clock                4.947470e-04 4.684574e-04 5.948843e-08 9.632639e-04   0.8%
Macro                0.000000e+00 0.000000e+00 0.000000e+00 0.000000e+00   0.0%
Pad                  0.000000e+00 0.000000e+00 0.000000e+00 0.000000e+00   0.0%
------------------------------------------------------------------------
Total                5.366850e-02 7.159494e-02 1.808685e-07 1.252636e-01 100.0%
                            42.8%        57.2%         0.0%

