
===========================================================================
 report_power
============================================================================
======================= nom_tt_025C_1v80 Corner ===================================

Group                    Internal    Switching      Leakage        Total
                            Power        Power        Power        Power (Watts)
------------------------------------------------------------------------
Sequential           4.572429e-05 1.729983e-06 1.346896e-10 4.745441e-05   0.2%
Combinational        1.227436e-02 1.006945e-02 7.556757e-08 2.234388e-02  99.7%
Clock                2.054053e-05 5.938272e-06 1.890279e-09 2.648069e-05   0.1%
Macro                0.000000e+00 0.000000e+00 0.000000e+00 0.000000e+00   0.0%
Pad                  0.000000e+00 0.000000e+00 0.000000e+00 0.000000e+00   0.0%
------------------------------------------------------------------------
Total                1.234062e-02 1.007712e-02 7.759255e-08 2.241782e-02 100.0%
                            55.0%        45.0%         0.0%
Writing metric power__internal__total: 0.012340620160102844
Writing metric power__switching__total: 0.010077117942273617
Writing metric power__leakage__total: 7.759255282735467e-8
Writing metric power__total: 0.022417817264795303

