
===========================================================================
report_checks -unconstrained
===========================================================================
======================= max_ss_100C_1v60 Corner ===================================

Startpoint: input_data[80] (input port clocked by clk)
Endpoint: _22395_ (rising edge-triggered flip-flop clocked by clk)
Path Group: clk
Path Type: max

Fanout         Cap        Slew       Delay        Time   Description
---------------------------------------------------------------------------------------------
                                  0.000000    0.000000   clock clk (rise edge)
                                  0.000000    0.000000   clock network delay (propagated)
                                  5.000000    5.000000 ^ input external delay
     2    0.009773    0.079590    0.051508    5.051508 ^ input_data[80] (in)
                                                         input_data[80] (net)
                      0.079595    0.000000    5.051508 ^ input196/A (sky130_fd_sc_hd__clkbuf_2)
     2    0.057397    0.483103    0.485342    5.536850 ^ input196/X (sky130_fd_sc_hd__clkbuf_2)
                                                         net196 (net)
                      0.483234    0.006627    5.543478 ^ fanout416/A (sky130_fd_sc_hd__clkbuf_4)
    16    0.089352    0.420725    0.683162    6.226639 ^ fanout416/X (sky130_fd_sc_hd__clkbuf_4)
                                                         net416 (net)
                      0.421325    0.013145    6.239784 ^ fanout415/A (sky130_fd_sc_hd__buf_4)
    14    0.095939    0.420075    0.611553    6.851337 ^ fanout415/X (sky130_fd_sc_hd__buf_4)
                                                         net415 (net)
                      0.420403    0.009778    6.861115 ^ fanout413/A (sky130_fd_sc_hd__buf_4)
    20    0.077769    0.347414    0.556303    7.417418 ^ fanout413/X (sky130_fd_sc_hd__buf_4)
                                                         net413 (net)
                      0.347976    0.011522    7.428941 ^ _11240_/A (sky130_fd_sc_hd__and2_2)
     5    0.045953    0.385136    0.625469    8.054410 ^ _11240_/X (sky130_fd_sc_hd__and2_2)
                                                         _03312_ (net)
                      0.385147    0.001788    8.056198 ^ _11246_/A (sky130_fd_sc_hd__or2_1)
     1    0.006387    0.117486    0.322995    8.379192 ^ _11246_/X (sky130_fd_sc_hd__or2_1)
                                                         _03378_ (net)
                      0.117489    0.000477    8.379669 ^ fanout265/A (sky130_fd_sc_hd__clkbuf_4)
    10    0.075096    0.357785    0.478323    8.857993 ^ fanout265/X (sky130_fd_sc_hd__clkbuf_4)
                                                         net265 (net)
                      0.357823    0.003111    8.861104 ^ fanout264/A (sky130_fd_sc_hd__buf_4)
    20    0.102189    0.446414    0.604651    9.465755 ^ fanout264/X (sky130_fd_sc_hd__buf_4)
                                                         net264 (net)
                      0.446466    0.004078    9.469833 ^ _11539_/A (sky130_fd_sc_hd__nor2_1)
     3    0.016262    0.192281    0.329317    9.799150 v _11539_/Y (sky130_fd_sc_hd__nor2_1)
                                                         _06600_ (net)
                      0.192285    0.000724    9.799874 v _11541_/A (sky130_fd_sc_hd__nor2_1)
     2    0.017830    0.542993    0.524084   10.323958 ^ _11541_/Y (sky130_fd_sc_hd__nor2_1)
                                                         _06622_ (net)
                      0.542995    0.001065   10.325023 ^ _11663_/A1 (sky130_fd_sc_hd__a21oi_1)
     2    0.017372    0.331924    0.484027   10.809050 v _11663_/Y (sky130_fd_sc_hd__a21oi_1)
                                                         _07963_ (net)
                      0.331938    0.001774   10.810823 v _11665_/B (sky130_fd_sc_hd__xor2_1)
     2    0.012875    0.475523    0.535946   11.346770 ^ _11665_/X (sky130_fd_sc_hd__xor2_1)
                                                         _07985_ (net)
                      0.475525    0.000883   11.347653 ^ _11666_/B (sky130_fd_sc_hd__xnor2_1)
     2    0.011588    0.472897    0.431815   11.779469 ^ _11666_/Y (sky130_fd_sc_hd__xnor2_1)
                                                         _07996_ (net)
                      0.472900    0.000877   11.780345 ^ _11668_/B (sky130_fd_sc_hd__xnor2_1)
     2    0.009064    0.189270    0.337498   12.117843 v _11668_/Y (sky130_fd_sc_hd__xnor2_1)
                                                         _08018_ (net)
                      0.189271    0.000302   12.118145 v _11670_/B (sky130_fd_sc_hd__or2_1)
     1    0.010768    0.167459    0.591397   12.709542 v _11670_/X (sky130_fd_sc_hd__or2_1)
                                                         _08040_ (net)
                      0.167468    0.000995   12.710537 v _11671_/B (sky130_fd_sc_hd__and2_2)
     4    0.021439    0.144643    0.537142   13.247679 v _11671_/X (sky130_fd_sc_hd__and2_2)
                                                         _08051_ (net)
                      0.144682    0.001846   13.249524 v _11845_/A (sky130_fd_sc_hd__and3_1)
     4    0.029644    0.287722    0.521845   13.771369 v _11845_/X (sky130_fd_sc_hd__and3_1)
                                                         _09964_ (net)
                      0.287760    0.002797   13.774166 v _11878_/A (sky130_fd_sc_hd__or4bb_4)
     3    0.010883    0.176333    1.177202   14.951368 v _11878_/X (sky130_fd_sc_hd__or4bb_4)
                                                         _10327_ (net)
                      0.176334    0.000693   14.952062 v _11880_/B (sky130_fd_sc_hd__and3_1)
     2    0.007629    0.109891    0.427445   15.379506 v _11880_/X (sky130_fd_sc_hd__and3_1)
                                                         _10349_ (net)
                      0.109893    0.000330   15.379836 v _11882_/B (sky130_fd_sc_hd__or3_1)
     3    0.011951    0.232743    0.937302   16.317139 v _11882_/X (sky130_fd_sc_hd__or3_1)
                                                         _10370_ (net)
                      0.232745    0.000638   16.317776 v _11897_/A1 (sky130_fd_sc_hd__a211o_1)
     3    0.009198    0.141900    0.617371   16.935146 v _11897_/X (sky130_fd_sc_hd__a211o_1)
                                                         _10535_ (net)
                      0.141902    0.000453   16.935600 v _11898_/C (sky130_fd_sc_hd__and3_1)
     2    0.007668    0.110323    0.439313   17.374912 v _11898_/X (sky130_fd_sc_hd__and3_1)
                                                         _10546_ (net)
                      0.110326    0.000524   17.375437 v _11917_/B1 (sky130_fd_sc_hd__a211o_1)
     3    0.011380    0.162274    0.601965   17.977402 v _11917_/X (sky130_fd_sc_hd__a211o_1)
                                                         _10755_ (net)
                      0.162278    0.000725   17.978127 v _11920_/B (sky130_fd_sc_hd__and3_2)
     4    0.019841    0.143579    0.542952   18.521078 v _11920_/X (sky130_fd_sc_hd__and3_2)
                                                         _10788_ (net)
                      0.143608    0.001540   18.522619 v _11947_/A (sky130_fd_sc_hd__or3_2)
     5    0.021525    0.267386    1.306653   19.829271 v _11947_/X (sky130_fd_sc_hd__or3_2)
                                                         _11085_ (net)
                      0.267441    0.002860   19.832130 v _11949_/B (sky130_fd_sc_hd__and3_1)
     2    0.007585    0.109588    0.472827   20.304958 v _11949_/X (sky130_fd_sc_hd__and3_1)
                                                         _11107_ (net)
                      0.109592    0.000517   20.305475 v _11979_/A (sky130_fd_sc_hd__or3_2)
     5    0.019114    0.258627    1.280448   21.585922 v _11979_/X (sky130_fd_sc_hd__or3_2)
                                                         _00258_ (net)
                      0.258629    0.001199   21.587122 v _11981_/B (sky130_fd_sc_hd__and3_1)
     2    0.009317    0.124085    0.482823   22.069944 v _11981_/X (sky130_fd_sc_hd__and3_1)
                                                         _00280_ (net)
                      0.124089    0.000599   22.070543 v _12019_/A1 (sky130_fd_sc_hd__o211a_1)
     2    0.008503    0.120891    0.479789   22.550331 v _12019_/X (sky130_fd_sc_hd__o211a_1)
                                                         _00697_ (net)
                      0.120895    0.000542   22.550875 v _12021_/A2 (sky130_fd_sc_hd__o21a_1)
     2    0.010469    0.132771    0.396350   22.947224 v _12021_/X (sky130_fd_sc_hd__o21a_1)
                                                         _00719_ (net)
                      0.132775    0.000682   22.947906 v _12119_/A2 (sky130_fd_sc_hd__o21a_1)
     3    0.011788    0.145022    0.412726   23.360632 v _12119_/X (sky130_fd_sc_hd__o21a_1)
                                                         _01599_ (net)
                      0.145026    0.000636   23.361267 v _16802_/A1 (sky130_fd_sc_hd__o21ba_1)
     2    0.007921    0.107363    0.407734   23.769001 v _16802_/X (sky130_fd_sc_hd__o21ba_1)
                                                         _06628_ (net)
                      0.107365    0.000348   23.769350 v _17945_/A2 (sky130_fd_sc_hd__o21bai_1)
     2    0.010685    0.409373    0.398074   24.167425 ^ _17945_/Y (sky130_fd_sc_hd__o21bai_1)
                                                         _07884_ (net)
                      0.409374    0.000620   24.168045 ^ _19186_/A2 (sky130_fd_sc_hd__a21o_1)
     3    0.011591    0.174077    0.419888   24.587933 ^ _19186_/X (sky130_fd_sc_hd__a21o_1)
                                                         _09248_ (net)
                      0.174080    0.000643   24.588575 ^ _20615_/A2 (sky130_fd_sc_hd__a21o_1)
     3    0.013817    0.201864    0.359263   24.947838 ^ _20615_/X (sky130_fd_sc_hd__a21o_1)
                                                         _10819_ (net)
                      0.201869    0.000759   24.948597 ^ _21715_/A1 (sky130_fd_sc_hd__a221o_1)
     1    0.006860    0.140758    0.380446   25.329042 ^ _21715_/X (sky130_fd_sc_hd__a221o_1)
                                                         _00849_ (net)
                      0.140762    0.000622   25.329664 ^ _21716_/B1 (sky130_fd_sc_hd__o311ai_2)
     1    0.016019    0.328754    0.365436   25.695101 v _21716_/Y (sky130_fd_sc_hd__o311ai_2)
                                                         _00850_ (net)
                      0.328772    0.001823   25.696922 v _21914_/A2 (sky130_fd_sc_hd__a31o_1)
     1    0.010342    0.128549    0.543704   26.240627 v _21914_/X (sky130_fd_sc_hd__a31o_1)
                                                         _01068_ (net)
                      0.128556    0.000838   26.241465 v _22033_/A2 (sky130_fd_sc_hd__o21a_1)
     1    0.016154    0.178719    0.443066   26.684530 v _22033_/X (sky130_fd_sc_hd__o21a_1)
                                                         _01199_ (net)
                      0.178744    0.001757   26.686287 v _22196_/A1 (sky130_fd_sc_hd__o22a_1)
     1    0.005169    0.108349    0.452614   27.138901 v _22196_/X (sky130_fd_sc_hd__o22a_1)
                                                         _01378_ (net)
                      0.108353    0.000451   27.139353 v _22243_/A2 (sky130_fd_sc_hd__o21ba_1)
     1    0.003713    0.072257    0.331708   27.471062 v _22243_/X (sky130_fd_sc_hd__o21ba_1)
                                                         _01430_ (net)
                      0.072259    0.000293   27.471354 v _22245_/B1 (sky130_fd_sc_hd__o32a_1)
     1    0.003174    0.116116    0.330772   27.802126 v _22245_/X (sky130_fd_sc_hd__o32a_1)
                                                         _00005_ (net)
                      0.116116    0.000190   27.802317 v _22395_/D (sky130_fd_sc_hd__dfxtp_2)
                                             27.802317   data arrival time

                                 25.000000   25.000000   clock clk (rise edge)
                                  0.000000   25.000000   clock source latency
     2    0.089124    0.641288    0.450580   25.450579 ^ clk (in)
                                                         clk (net)
                      0.641620    0.000000   25.450579 ^ clkbuf_0_clk/A (sky130_fd_sc_hd__clkbuf_16)
     2    0.025426    0.082314    0.468008   25.918587 ^ clkbuf_0_clk/X (sky130_fd_sc_hd__clkbuf_16)
                                                         clknet_0_clk (net)
                      0.082353    0.001327   25.919914 ^ clkbuf_1_1__f_clk/A (sky130_fd_sc_hd__clkbuf_16)
    14    0.054901    0.113932    0.271131   26.191044 ^ clkbuf_1_1__f_clk/X (sky130_fd_sc_hd__clkbuf_16)
                                                         clknet_1_1__leaf_clk (net)
                      0.114072    0.003062   26.194107 ^ _22395_/CLK (sky130_fd_sc_hd__dfxtp_2)
                                 -0.250000   25.944109   clock uncertainty
                                  0.000000   25.944109   clock reconvergence pessimism
                                 -0.281607   25.662500   library setup time
                                             25.662500   data required time
---------------------------------------------------------------------------------------------
                                             25.662500   data required time
                                            -27.802317   data arrival time
---------------------------------------------------------------------------------------------
                                             -2.139816   slack (VIOLATED)




===========================================================================
report_checks --slack_max -0.01
============================================================================
======================= max_ss_100C_1v60 Corner ===================================

Startpoint: input_data[80] (input port clocked by clk)
Endpoint: _22395_ (rising edge-triggered flip-flop clocked by clk)
Path Group: clk
Path Type: max

Fanout         Cap        Slew       Delay        Time   Description
---------------------------------------------------------------------------------------------
                                  0.000000    0.000000   clock clk (rise edge)
                                  0.000000    0.000000   clock network delay (propagated)
                                  5.000000    5.000000 ^ input external delay
     2    0.009773    0.079590    0.051508    5.051508 ^ input_data[80] (in)
                                                         input_data[80] (net)
                      0.079595    0.000000    5.051508 ^ input196/A (sky130_fd_sc_hd__clkbuf_2)
     2    0.057397    0.483103    0.485342    5.536850 ^ input196/X (sky130_fd_sc_hd__clkbuf_2)
                                                         net196 (net)
                      0.483234    0.006627    5.543478 ^ fanout416/A (sky130_fd_sc_hd__clkbuf_4)
    16    0.089352    0.420725    0.683162    6.226639 ^ fanout416/X (sky130_fd_sc_hd__clkbuf_4)
                                                         net416 (net)
                      0.421325    0.013145    6.239784 ^ fanout415/A (sky130_fd_sc_hd__buf_4)
    14    0.095939    0.420075    0.611553    6.851337 ^ fanout415/X (sky130_fd_sc_hd__buf_4)
                                                         net415 (net)
                      0.420403    0.009778    6.861115 ^ fanout413/A (sky130_fd_sc_hd__buf_4)
    20    0.077769    0.347414    0.556303    7.417418 ^ fanout413/X (sky130_fd_sc_hd__buf_4)
                                                         net413 (net)
                      0.347976    0.011522    7.428941 ^ _11240_/A (sky130_fd_sc_hd__and2_2)
     5    0.045953    0.385136    0.625469    8.054410 ^ _11240_/X (sky130_fd_sc_hd__and2_2)
                                                         _03312_ (net)
                      0.385147    0.001788    8.056198 ^ _11246_/A (sky130_fd_sc_hd__or2_1)
     1    0.006387    0.117486    0.322995    8.379192 ^ _11246_/X (sky130_fd_sc_hd__or2_1)
                                                         _03378_ (net)
                      0.117489    0.000477    8.379669 ^ fanout265/A (sky130_fd_sc_hd__clkbuf_4)
    10    0.075096    0.357785    0.478323    8.857993 ^ fanout265/X (sky130_fd_sc_hd__clkbuf_4)
                                                         net265 (net)
                      0.357823    0.003111    8.861104 ^ fanout264/A (sky130_fd_sc_hd__buf_4)
    20    0.102189    0.446414    0.604651    9.465755 ^ fanout264/X (sky130_fd_sc_hd__buf_4)
                                                         net264 (net)
                      0.446466    0.004078    9.469833 ^ _11539_/A (sky130_fd_sc_hd__nor2_1)
     3    0.016262    0.192281    0.329317    9.799150 v _11539_/Y (sky130_fd_sc_hd__nor2_1)
                                                         _06600_ (net)
                      0.192285    0.000724    9.799874 v _11541_/A (sky130_fd_sc_hd__nor2_1)
     2    0.017830    0.542993    0.524084   10.323958 ^ _11541_/Y (sky130_fd_sc_hd__nor2_1)
                                                         _06622_ (net)
                      0.542995    0.001065   10.325023 ^ _11663_/A1 (sky130_fd_sc_hd__a21oi_1)
     2    0.017372    0.331924    0.484027   10.809050 v _11663_/Y (sky130_fd_sc_hd__a21oi_1)
                                                         _07963_ (net)
                      0.331938    0.001774   10.810823 v _11665_/B (sky130_fd_sc_hd__xor2_1)
     2    0.012875    0.475523    0.535946   11.346770 ^ _11665_/X (sky130_fd_sc_hd__xor2_1)
                                                         _07985_ (net)
                      0.475525    0.000883   11.347653 ^ _11666_/B (sky130_fd_sc_hd__xnor2_1)
     2    0.011588    0.472897    0.431815   11.779469 ^ _11666_/Y (sky130_fd_sc_hd__xnor2_1)
                                                         _07996_ (net)
                      0.472900    0.000877   11.780345 ^ _11668_/B (sky130_fd_sc_hd__xnor2_1)
     2    0.009064    0.189270    0.337498   12.117843 v _11668_/Y (sky130_fd_sc_hd__xnor2_1)
                                                         _08018_ (net)
                      0.189271    0.000302   12.118145 v _11670_/B (sky130_fd_sc_hd__or2_1)
     1    0.010768    0.167459    0.591397   12.709542 v _11670_/X (sky130_fd_sc_hd__or2_1)
                                                         _08040_ (net)
                      0.167468    0.000995   12.710537 v _11671_/B (sky130_fd_sc_hd__and2_2)
     4    0.021439    0.144643    0.537142   13.247679 v _11671_/X (sky130_fd_sc_hd__and2_2)
                                                         _08051_ (net)
                      0.144682    0.001846   13.249524 v _11845_/A (sky130_fd_sc_hd__and3_1)
     4    0.029644    0.287722    0.521845   13.771369 v _11845_/X (sky130_fd_sc_hd__and3_1)
                                                         _09964_ (net)
                      0.287760    0.002797   13.774166 v _11878_/A (sky130_fd_sc_hd__or4bb_4)
     3    0.010883    0.176333    1.177202   14.951368 v _11878_/X (sky130_fd_sc_hd__or4bb_4)
                                                         _10327_ (net)
                      0.176334    0.000693   14.952062 v _11880_/B (sky130_fd_sc_hd__and3_1)
     2    0.007629    0.109891    0.427445   15.379506 v _11880_/X (sky130_fd_sc_hd__and3_1)
                                                         _10349_ (net)
                      0.109893    0.000330   15.379836 v _11882_/B (sky130_fd_sc_hd__or3_1)
     3    0.011951    0.232743    0.937302   16.317139 v _11882_/X (sky130_fd_sc_hd__or3_1)
                                                         _10370_ (net)
                      0.232745    0.000638   16.317776 v _11897_/A1 (sky130_fd_sc_hd__a211o_1)
     3    0.009198    0.141900    0.617371   16.935146 v _11897_/X (sky130_fd_sc_hd__a211o_1)
                                                         _10535_ (net)
                      0.141902    0.000453   16.935600 v _11898_/C (sky130_fd_sc_hd__and3_1)
     2    0.007668    0.110323    0.439313   17.374912 v _11898_/X (sky130_fd_sc_hd__and3_1)
                                                         _10546_ (net)
                      0.110326    0.000524   17.375437 v _11917_/B1 (sky130_fd_sc_hd__a211o_1)
     3    0.011380    0.162274    0.601965   17.977402 v _11917_/X (sky130_fd_sc_hd__a211o_1)
                                                         _10755_ (net)
                      0.162278    0.000725   17.978127 v _11920_/B (sky130_fd_sc_hd__and3_2)
     4    0.019841    0.143579    0.542952   18.521078 v _11920_/X (sky130_fd_sc_hd__and3_2)
                                                         _10788_ (net)
                      0.143608    0.001540   18.522619 v _11947_/A (sky130_fd_sc_hd__or3_2)
     5    0.021525    0.267386    1.306653   19.829271 v _11947_/X (sky130_fd_sc_hd__or3_2)
                                                         _11085_ (net)
                      0.267441    0.002860   19.832130 v _11949_/B (sky130_fd_sc_hd__and3_1)
     2    0.007585    0.109588    0.472827   20.304958 v _11949_/X (sky130_fd_sc_hd__and3_1)
                                                         _11107_ (net)
                      0.109592    0.000517   20.305475 v _11979_/A (sky130_fd_sc_hd__or3_2)
     5    0.019114    0.258627    1.280448   21.585922 v _11979_/X (sky130_fd_sc_hd__or3_2)
                                                         _00258_ (net)
                      0.258629    0.001199   21.587122 v _11981_/B (sky130_fd_sc_hd__and3_1)
     2    0.009317    0.124085    0.482823   22.069944 v _11981_/X (sky130_fd_sc_hd__and3_1)
                                                         _00280_ (net)
                      0.124089    0.000599   22.070543 v _12019_/A1 (sky130_fd_sc_hd__o211a_1)
     2    0.008503    0.120891    0.479789   22.550331 v _12019_/X (sky130_fd_sc_hd__o211a_1)
                                                         _00697_ (net)
                      0.120895    0.000542   22.550875 v _12021_/A2 (sky130_fd_sc_hd__o21a_1)
     2    0.010469    0.132771    0.396350   22.947224 v _12021_/X (sky130_fd_sc_hd__o21a_1)
                                                         _00719_ (net)
                      0.132775    0.000682   22.947906 v _12119_/A2 (sky130_fd_sc_hd__o21a_1)
     3    0.011788    0.145022    0.412726   23.360632 v _12119_/X (sky130_fd_sc_hd__o21a_1)
                                                         _01599_ (net)
                      0.145026    0.000636   23.361267 v _16802_/A1 (sky130_fd_sc_hd__o21ba_1)
     2    0.007921    0.107363    0.407734   23.769001 v _16802_/X (sky130_fd_sc_hd__o21ba_1)
                                                         _06628_ (net)
                      0.107365    0.000348   23.769350 v _17945_/A2 (sky130_fd_sc_hd__o21bai_1)
     2    0.010685    0.409373    0.398074   24.167425 ^ _17945_/Y (sky130_fd_sc_hd__o21bai_1)
                                                         _07884_ (net)
                      0.409374    0.000620   24.168045 ^ _19186_/A2 (sky130_fd_sc_hd__a21o_1)
     3    0.011591    0.174077    0.419888   24.587933 ^ _19186_/X (sky130_fd_sc_hd__a21o_1)
                                                         _09248_ (net)
                      0.174080    0.000643   24.588575 ^ _20615_/A2 (sky130_fd_sc_hd__a21o_1)
     3    0.013817    0.201864    0.359263   24.947838 ^ _20615_/X (sky130_fd_sc_hd__a21o_1)
                                                         _10819_ (net)
                      0.201869    0.000759   24.948597 ^ _21715_/A1 (sky130_fd_sc_hd__a221o_1)
     1    0.006860    0.140758    0.380446   25.329042 ^ _21715_/X (sky130_fd_sc_hd__a221o_1)
                                                         _00849_ (net)
                      0.140762    0.000622   25.329664 ^ _21716_/B1 (sky130_fd_sc_hd__o311ai_2)
     1    0.016019    0.328754    0.365436   25.695101 v _21716_/Y (sky130_fd_sc_hd__o311ai_2)
                                                         _00850_ (net)
                      0.328772    0.001823   25.696922 v _21914_/A2 (sky130_fd_sc_hd__a31o_1)
     1    0.010342    0.128549    0.543704   26.240627 v _21914_/X (sky130_fd_sc_hd__a31o_1)
                                                         _01068_ (net)
                      0.128556    0.000838   26.241465 v _22033_/A2 (sky130_fd_sc_hd__o21a_1)
     1    0.016154    0.178719    0.443066   26.684530 v _22033_/X (sky130_fd_sc_hd__o21a_1)
                                                         _01199_ (net)
                      0.178744    0.001757   26.686287 v _22196_/A1 (sky130_fd_sc_hd__o22a_1)
     1    0.005169    0.108349    0.452614   27.138901 v _22196_/X (sky130_fd_sc_hd__o22a_1)
                                                         _01378_ (net)
                      0.108353    0.000451   27.139353 v _22243_/A2 (sky130_fd_sc_hd__o21ba_1)
     1    0.003713    0.072257    0.331708   27.471062 v _22243_/X (sky130_fd_sc_hd__o21ba_1)
                                                         _01430_ (net)
                      0.072259    0.000293   27.471354 v _22245_/B1 (sky130_fd_sc_hd__o32a_1)
     1    0.003174    0.116116    0.330772   27.802126 v _22245_/X (sky130_fd_sc_hd__o32a_1)
                                                         _00005_ (net)
                      0.116116    0.000190   27.802317 v _22395_/D (sky130_fd_sc_hd__dfxtp_2)
                                             27.802317   data arrival time

                                 25.000000   25.000000   clock clk (rise edge)
                                  0.000000   25.000000   clock source latency
     2    0.089124    0.641288    0.450580   25.450579 ^ clk (in)
                                                         clk (net)
                      0.641620    0.000000   25.450579 ^ clkbuf_0_clk/A (sky130_fd_sc_hd__clkbuf_16)
     2    0.025426    0.082314    0.468008   25.918587 ^ clkbuf_0_clk/X (sky130_fd_sc_hd__clkbuf_16)
                                                         clknet_0_clk (net)
                      0.082353    0.001327   25.919914 ^ clkbuf_1_1__f_clk/A (sky130_fd_sc_hd__clkbuf_16)
    14    0.054901    0.113932    0.271131   26.191044 ^ clkbuf_1_1__f_clk/X (sky130_fd_sc_hd__clkbuf_16)
                                                         clknet_1_1__leaf_clk (net)
                      0.114072    0.003062   26.194107 ^ _22395_/CLK (sky130_fd_sc_hd__dfxtp_2)
                                 -0.250000   25.944109   clock uncertainty
                                  0.000000   25.944109   clock reconvergence pessimism
                                 -0.281607   25.662500   library setup time
                                             25.662500   data required time
---------------------------------------------------------------------------------------------
                                             25.662500   data required time
                                            -27.802317   data arrival time
---------------------------------------------------------------------------------------------
                                             -2.139816   slack (VIOLATED)




===========================================================================
 report_check_types -max_slew -max_cap -max_fanout -violators
============================================================================
======================= max_ss_100C_1v60 Corner ===================================

max slew

Pin                                        Limit        Slew       Slack
------------------------------------------------------------------------
_13767_/B1                              0.750000    1.078587   -0.328587 (VIOLATED)
ANTENNA__13767__B1/DIODE                0.750000    1.078586   -0.328586 (VIOLATED)
_13766_/A                               0.750000    1.078586   -0.328586 (VIOLATED)
ANTENNA__13766__A/DIODE                 0.750000    1.078585   -0.328585 (VIOLATED)
_13764_/Y                               0.750000    1.078576   -0.328576 (VIOLATED)
_21532_/B                               0.750000    1.049919   -0.299919 (VIOLATED)
ANTENNA__21532__B/DIODE                 0.750000    1.049917   -0.299918 (VIOLATED)
_21531_/X                               0.750000    1.049804   -0.299805 (VIOLATED)
ANTENNA__17653__A2/DIODE                0.750000    1.039585   -0.289585 (VIOLATED)
_16285_/B1                              0.750000    1.039585   -0.289585 (VIOLATED)
ANTENNA__16284__C/DIODE                 0.750000    1.039584   -0.289584 (VIOLATED)
ANTENNA__16285__B1/DIODE                0.750000    1.039584   -0.289584 (VIOLATED)
_16284_/C                               0.750000    1.039584   -0.289584 (VIOLATED)
_17653_/A2                              0.750000    1.039583   -0.289583 (VIOLATED)
_16283_/Y                               0.750000    1.039571   -0.289571 (VIOLATED)
_18334_/B                               0.750000    1.035094   -0.285094 (VIOLATED)
_19584_/A2                              0.750000    1.035094   -0.285094 (VIOLATED)
ANTENNA__18334__B/DIODE                 0.750000    1.035092   -0.285092 (VIOLATED)
ANTENNA__19584__A2/DIODE                0.750000    1.035092   -0.285092 (VIOLATED)
_18333_/Y                               0.750000    1.035053   -0.285053 (VIOLATED)
_21914_/B1                              0.750000    1.021541   -0.271541 (VIOLATED)
ANTENNA__21914__B1/DIODE                0.750000    1.021538   -0.271538 (VIOLATED)
ANTENNA__17459__A/DIODE                 0.750000    1.021516   -0.271516 (VIOLATED)
_17459_/A                               0.750000    1.021516   -0.271516 (VIOLATED)
fanout254/A                             0.750000    1.021486   -0.271486 (VIOLATED)
ANTENNA_fanout254_A/DIODE               0.750000    1.021483   -0.271483 (VIOLATED)
_14619_/Y                               0.750000    1.021478   -0.271478 (VIOLATED)
ANTENNA__16245__B/DIODE                 0.750000    0.970395   -0.220395 (VIOLATED)
_16245_/B                               0.750000    0.970395   -0.220395 (VIOLATED)
_16244_/B                               0.750000    0.970394   -0.220394 (VIOLATED)
ANTENNA__16244__B/DIODE                 0.750000    0.970392   -0.220392 (VIOLATED)
_16243_/Y                               0.750000    0.970385   -0.220385 (VIOLATED)
_17610_/B                               0.750000    0.965505   -0.215505 (VIOLATED)
ANTENNA__17610__B/DIODE                 0.750000    0.965504   -0.215504 (VIOLATED)
_18819_/A2                              0.750000    0.965503   -0.215503 (VIOLATED)
ANTENNA__18819__A2/DIODE                0.750000    0.965502   -0.215502 (VIOLATED)
_17609_/Y                               0.750000    0.965490   -0.215490 (VIOLATED)
_17098_/C                               0.750000    0.965065   -0.215065 (VIOLATED)
_17099_/A2                              0.750000    0.965063   -0.215063 (VIOLATED)
ANTENNA__17098__C/DIODE                 0.750000    0.965063   -0.215063 (VIOLATED)
ANTENNA__17099__A2/DIODE                0.750000    0.965061   -0.215061 (VIOLATED)
_17097_/Y                               0.750000    0.965024   -0.215024 (VIOLATED)
_15960_/B                               0.750000    0.958598   -0.208598 (VIOLATED)
ANTENNA__15960__B/DIODE                 0.750000    0.958597   -0.208597 (VIOLATED)
_15968_/B                               0.750000    0.958596   -0.208596 (VIOLATED)
ANTENNA__15968__B/DIODE                 0.750000    0.958592   -0.208592 (VIOLATED)
_15959_/Y                               0.750000    0.958510   -0.208510 (VIOLATED)
ANTENNA__14463__B/DIODE                 0.750000    0.957854   -0.207854 (VIOLATED)
_14463_/B                               0.750000    0.957854   -0.207854 (VIOLATED)
_14501_/A2                              0.750000    0.957852   -0.207852 (VIOLATED)
ANTENNA__14501__A2/DIODE                0.750000    0.957852   -0.207852 (VIOLATED)
_15027_/A2                              0.750000    0.957809   -0.207809 (VIOLATED)
ANTENNA__14132__C/DIODE                 0.750000    0.957808   -0.207808 (VIOLATED)
_14132_/C                               0.750000    0.957808   -0.207808 (VIOLATED)
ANTENNA__15027__A2/DIODE                0.750000    0.957805   -0.207805 (VIOLATED)
_14131_/Y                               0.750000    0.957800   -0.207800 (VIOLATED)
_20384_/B1                              0.750000    0.954045   -0.204045 (VIOLATED)
ANTENNA__20384__B1/DIODE                0.750000    0.954045   -0.204045 (VIOLATED)
_20382_/C                               0.750000    0.954044   -0.204044 (VIOLATED)
ANTENNA__20382__C/DIODE                 0.750000    0.954044   -0.204044 (VIOLATED)
_20381_/Y                               0.750000    0.954033   -0.204033 (VIOLATED)
_13594_/A1                              0.750000    0.946514   -0.196514 (VIOLATED)
ANTENNA__13594__A1/DIODE                0.750000    0.946513   -0.196513 (VIOLATED)
_12044_/B                               0.750000    0.946513   -0.196513 (VIOLATED)
_12046_/A1                              0.750000    0.946513   -0.196513 (VIOLATED)
ANTENNA__12046__A1/DIODE                0.750000    0.946508   -0.196508 (VIOLATED)
ANTENNA__12044__B/DIODE                 0.750000    0.946507   -0.196507 (VIOLATED)
ANTENNA__12405__B/DIODE                 0.750000    0.946506   -0.196506 (VIOLATED)
_12405_/B                               0.750000    0.946506   -0.196506 (VIOLATED)
_15374_/A                               0.750000    0.946496   -0.196496 (VIOLATED)
_15375_/A                               0.750000    0.946496   -0.196496 (VIOLATED)
ANTENNA__15374__A/DIODE                 0.750000    0.946496   -0.196496 (VIOLATED)
ANTENNA__15375__A/DIODE                 0.750000    0.946496   -0.196496 (VIOLATED)
_11242_/Y                               0.750000    0.946482   -0.196482 (VIOLATED)
_17458_/B1                              0.750000    0.943144   -0.193144 (VIOLATED)
_17119_/Y                               0.750000    0.943141   -0.193141 (VIOLATED)
_11756_/B                               0.750000    0.933292   -0.183292 (VIOLATED)
_11888_/B                               0.750000    0.933291   -0.183291 (VIOLATED)
_11907_/A1                              0.750000    0.933291   -0.183291 (VIOLATED)
_11906_/A                               0.750000    0.933291   -0.183291 (VIOLATED)
_11755_/Y                               0.750000    0.933285   -0.183286 (VIOLATED)
_13340_/A                               0.750000    0.925569   -0.175569 (VIOLATED)
_13339_/A                               0.750000    0.925564   -0.175564 (VIOLATED)
ANTENNA__13339__A/DIODE                 0.750000    0.925563   -0.175563 (VIOLATED)
ANTENNA__13340__A/DIODE                 0.750000    0.925563   -0.175563 (VIOLATED)
_17575_/A1                              0.750000    0.925460   -0.175460 (VIOLATED)
ANTENNA__17575__A1/DIODE                0.750000    0.925459   -0.175459 (VIOLATED)
_15922_/A                               0.750000    0.925432   -0.175432 (VIOLATED)
ANTENNA__15922__A/DIODE                 0.750000    0.925423   -0.175423 (VIOLATED)
_21393_/A                               0.750000    0.925367   -0.175367 (VIOLATED)
ANTENNA__21392__A_N/DIODE               0.750000    0.925367   -0.175367 (VIOLATED)
_21392_/A_N                             0.750000    0.925367   -0.175367 (VIOLATED)
ANTENNA__21393__A/DIODE                 0.750000    0.925362   -0.175362 (VIOLATED)
_13278_/Y                               0.750000    0.925335   -0.175335 (VIOLATED)
_16487_/B1                              0.750000    0.916313   -0.166313 (VIOLATED)
_16475_/C                               0.750000    0.916312   -0.166312 (VIOLATED)
ANTENNA__16475__C/DIODE                 0.750000    0.916311   -0.166311 (VIOLATED)
ANTENNA__16487__B1/DIODE                0.750000    0.916308   -0.166308 (VIOLATED)
_16474_/Y                               0.750000    0.916289   -0.166289 (VIOLATED)
_22141_/B                               0.750000    0.912367   -0.162368 (VIOLATED)
ANTENNA__22141__B/DIODE                 0.750000    0.912367   -0.162367 (VIOLATED)
ANTENNA__20211__B1/DIODE                0.750000    0.912358   -0.162358 (VIOLATED)
_20211_/B1                              0.750000    0.912358   -0.162358 (VIOLATED)
_20209_/Y                               0.750000    0.912355   -0.162355 (VIOLATED)
_14463_/A                               0.750000    0.888537   -0.138537 (VIOLATED)
_14501_/A1                              0.750000    0.888537   -0.138537 (VIOLATED)
ANTENNA__14501__A1/DIODE                0.750000    0.888537   -0.138537 (VIOLATED)
ANTENNA__14463__A/DIODE                 0.750000    0.888536   -0.138536 (VIOLATED)
_11762_/Y                               0.750000    0.888519   -0.138519 (VIOLATED)
_17915_/B                               0.750000    0.888318   -0.138318 (VIOLATED)
_19150_/A2                              0.750000    0.888316   -0.138316 (VIOLATED)
ANTENNA__17915__B/DIODE                 0.750000    0.888316   -0.138316 (VIOLATED)
ANTENNA__19150__A2/DIODE                0.750000    0.888311   -0.138311 (VIOLATED)
_17914_/Y                               0.750000    0.888279   -0.138279 (VIOLATED)
_20379_/B                               0.750000    0.874157   -0.124157 (VIOLATED)
_20378_/B                               0.750000    0.874155   -0.124155 (VIOLATED)
ANTENNA__20378__B/DIODE                 0.750000    0.874155   -0.124155 (VIOLATED)
ANTENNA__20379__B/DIODE                 0.750000    0.874155   -0.124155 (VIOLATED)
_20377_/Y                               0.750000    0.874146   -0.124146 (VIOLATED)
_16425_/B                               0.750000    0.866107   -0.116107 (VIOLATED)
_16429_/A2                              0.750000    0.866107   -0.116107 (VIOLATED)
_16422_/Y                               0.750000    0.866105   -0.116105 (VIOLATED)
_20899_/A                               0.750000    0.852071   -0.102071 (VIOLATED)
_20898_/A                               0.750000    0.852062   -0.102062 (VIOLATED)
ANTENNA__20898__A/DIODE                 0.750000    0.852060   -0.102060 (VIOLATED)
ANTENNA__20899__A/DIODE                 0.750000    0.852048   -0.102048 (VIOLATED)
_22118_/A1                              0.750000    0.851977   -0.101977 (VIOLATED)
ANTENNA__22118__A1/DIODE                0.750000    0.851977   -0.101977 (VIOLATED)
_21376_/A                               0.750000    0.851974   -0.101974 (VIOLATED)
ANTENNA__21376__A/DIODE                 0.750000    0.851968   -0.101968 (VIOLATED)
_20890_/Y                               0.750000    0.851933   -0.101933 (VIOLATED)
_15115_/A                               0.750000    0.851615   -0.101615 (VIOLATED)
_15116_/A1                              0.750000    0.851615   -0.101615 (VIOLATED)
ANTENNA__15115__A/DIODE                 0.750000    0.851615   -0.101615 (VIOLATED)
ANTENNA__15116__A1/DIODE                0.750000    0.851615   -0.101615 (VIOLATED)
_13129_/Y                               0.750000    0.851609   -0.101609 (VIOLATED)
_20773_/C                               0.750000    0.850633   -0.100633 (VIOLATED)
ANTENNA__20773__C/DIODE                 0.750000    0.850633   -0.100633 (VIOLATED)
_20774_/B1                              0.750000    0.850632   -0.100632 (VIOLATED)
ANTENNA__20774__B1/DIODE                0.750000    0.850629   -0.100629 (VIOLATED)
_20772_/Y                               0.750000    0.850603   -0.100603 (VIOLATED)
_21983_/B                               0.750000    0.839250   -0.089250 (VIOLATED)
ANTENNA__21983__B/DIODE                 0.750000    0.839248   -0.089248 (VIOLATED)
_21982_/Y                               0.750000    0.839143   -0.089143 (VIOLATED)
fanout479/A                             0.750000    0.838341   -0.088341 (VIOLATED)
ANTENNA_fanout479_A/DIODE               0.750000    0.838340   -0.088340 (VIOLATED)
input165/X                              0.750000    0.838312   -0.088312 (VIOLATED)
_14284_/A                               0.750000    0.835027   -0.085027 (VIOLATED)
ANTENNA__14284__A/DIODE                 0.750000    0.835025   -0.085025 (VIOLATED)
_14283_/A                               0.750000    0.835025   -0.085025 (VIOLATED)
ANTENNA__14283__A/DIODE                 0.750000    0.835023   -0.085023 (VIOLATED)
_14280_/Y                               0.750000    0.834950   -0.084950 (VIOLATED)
_20649_/A_N                             0.750000    0.830579   -0.080579 (VIOLATED)
_19116_/A1                              0.750000    0.830578   -0.080578 (VIOLATED)
_19115_/B                               0.750000    0.830577   -0.080577 (VIOLATED)
_19113_/Y                               0.750000    0.830575   -0.080575 (VIOLATED)
_15918_/A2                              0.750000    0.826796   -0.076796 (VIOLATED)
ANTENNA__15918__A2/DIODE                0.750000    0.826796   -0.076796 (VIOLATED)
ANTENNA__15917__C/DIODE                 0.750000    0.826795   -0.076795 (VIOLATED)
_15917_/C                               0.750000    0.826795   -0.076795 (VIOLATED)
_15923_/B1                              0.750000    0.826794   -0.076794 (VIOLATED)
ANTENNA__15923__B1/DIODE                0.750000    0.826794   -0.076794 (VIOLATED)
_15916_/Y                               0.750000    0.826770   -0.076770 (VIOLATED)
_21469_/A                               0.750000    0.822573   -0.072573 (VIOLATED)
ANTENNA__21469__A/DIODE                 0.750000    0.822570   -0.072570 (VIOLATED)
_21467_/Y                               0.750000    0.822467   -0.072467 (VIOLATED)
_21554_/B                               0.750000    0.817953   -0.067953 (VIOLATED)
ANTENNA__21554__B/DIODE                 0.750000    0.817951   -0.067951 (VIOLATED)
_21553_/Y                               0.750000    0.817931   -0.067931 (VIOLATED)
_14996_/A                               0.750000    0.817256   -0.067256 (VIOLATED)
_14995_/A                               0.750000    0.817255   -0.067255 (VIOLATED)
_22125_/B                               0.750000    0.817254   -0.067254 (VIOLATED)
_13131_/Y                               0.750000    0.817238   -0.067238 (VIOLATED)
_22112_/B                               0.750000    0.813787   -0.063787 (VIOLATED)
ANTENNA__22112__B/DIODE                 0.750000    0.813786   -0.063786 (VIOLATED)
_22111_/Y                               0.750000    0.813765   -0.063765 (VIOLATED)
_21523_/B                               0.750000    0.809212   -0.059212 (VIOLATED)
ANTENNA__21523__B/DIODE                 0.750000    0.809211   -0.059211 (VIOLATED)
_21522_/Y                               0.750000    0.809194   -0.059194 (VIOLATED)
_14896_/A                               0.750000    0.808688   -0.058688 (VIOLATED)
ANTENNA__17144__A1/DIODE                0.750000    0.808686   -0.058686 (VIOLATED)
_17144_/A1                              0.750000    0.808685   -0.058685 (VIOLATED)
ANTENNA__14896__A/DIODE                 0.750000    0.808684   -0.058684 (VIOLATED)
_11657_/A1                              0.750000    0.808638   -0.058638 (VIOLATED)
ANTENNA__11657__A1/DIODE                0.750000    0.808634   -0.058634 (VIOLATED)
_14167_/B                               0.750000    0.808622   -0.058622 (VIOLATED)
ANTENNA__14167__B/DIODE                 0.750000    0.808605   -0.058605 (VIOLATED)
_14183_/A2                              0.750000    0.808601   -0.058601 (VIOLATED)
_21236_/A                               0.750000    0.808575   -0.058575 (VIOLATED)
ANTENNA__19047__A1/DIODE                0.750000    0.808569   -0.058569 (VIOLATED)
_19047_/A1                              0.750000    0.808569   -0.058569 (VIOLATED)
_17822_/A                               0.750000    0.808568   -0.058568 (VIOLATED)
ANTENNA__14183__A2/DIODE                0.750000    0.808568   -0.058568 (VIOLATED)
ANTENNA__21236__A/DIODE                 0.750000    0.808568   -0.058568 (VIOLATED)
ANTENNA__17822__A/DIODE                 0.750000    0.808568   -0.058568 (VIOLATED)
ANTENNA__22076__A1/DIODE                0.750000    0.808568   -0.058568 (VIOLATED)
_22076_/A1                              0.750000    0.808568   -0.058568 (VIOLATED)
_11656_/X                               0.750000    0.808564   -0.058564 (VIOLATED)
_21475_/B                               0.750000    0.805740   -0.055740 (VIOLATED)
_21474_/Y                               0.750000    0.805730   -0.055730 (VIOLATED)
_13578_/A                               0.750000    0.803895   -0.053895 (VIOLATED)
_13538_/A1                              0.750000    0.803892   -0.053892 (VIOLATED)
ANTENNA__13578__A/DIODE                 0.750000    0.803892   -0.053892 (VIOLATED)
ANTENNA__13538__A1/DIODE                0.750000    0.803889   -0.053889 (VIOLATED)
_13530_/Y                               0.750000    0.803754   -0.053754 (VIOLATED)
_19113_/A                               0.750000    0.803344   -0.053344 (VIOLATED)
_19114_/B1                              0.750000    0.803344   -0.053344 (VIOLATED)
ANTENNA__19114__B1/DIODE                0.750000    0.803344   -0.053344 (VIOLATED)
ANTENNA__19113__A/DIODE                 0.750000    0.803344   -0.053344 (VIOLATED)
_19073_/Y                               0.750000    0.803325   -0.053325 (VIOLATED)
_20276_/B                               0.750000    0.801831   -0.051831 (VIOLATED)
_21463_/A2                              0.750000    0.801829   -0.051829 (VIOLATED)
ANTENNA__21463__A2/DIODE                0.750000    0.801829   -0.051829 (VIOLATED)
ANTENNA__20276__B/DIODE                 0.750000    0.801825   -0.051825 (VIOLATED)
_20275_/Y                               0.750000    0.801771   -0.051771 (VIOLATED)
_16442_/A                               0.750000    0.799353   -0.049353 (VIOLATED)
_16450_/A                               0.750000    0.799352   -0.049352 (VIOLATED)
ANTENNA__16450__A/DIODE                 0.750000    0.799352   -0.049352 (VIOLATED)
ANTENNA__16442__A/DIODE                 0.750000    0.799351   -0.049351 (VIOLATED)
_11988_/A                               0.750000    0.799244   -0.049244 (VIOLATED)
ANTENNA__11988__A/DIODE                 0.750000    0.799241   -0.049241 (VIOLATED)
_11960_/A1                              0.750000    0.799236   -0.049236 (VIOLATED)
ANTENNA__11960__A1/DIODE                0.750000    0.799231   -0.049231 (VIOLATED)
_11957_/Y                               0.750000    0.799128   -0.049128 (VIOLATED)
_19635_/A                               0.750000    0.793996   -0.043996 (VIOLATED)
_19634_/A                               0.750000    0.793995   -0.043995 (VIOLATED)
ANTENNA__19634__A/DIODE                 0.750000    0.793990   -0.043990 (VIOLATED)
ANTENNA__19635__A/DIODE                 0.750000    0.793986   -0.043986 (VIOLATED)
_21356_/B1                              0.750000    0.793970   -0.043970 (VIOLATED)
_21357_/A                               0.750000    0.793959   -0.043959 (VIOLATED)
ANTENNA__21357__A/DIODE                 0.750000    0.793950   -0.043950 (VIOLATED)
ANTENNA__21356__B1/DIODE                0.750000    0.793948   -0.043948 (VIOLATED)
_22042_/A                               0.750000    0.793933   -0.043933 (VIOLATED)
_15197_/A2                              0.750000    0.793923   -0.043923 (VIOLATED)
ANTENNA__22042__A/DIODE                 0.750000    0.793920   -0.043920 (VIOLATED)
ANTENNA__15197__A2/DIODE                0.750000    0.793917   -0.043917 (VIOLATED)
_20794_/B                               0.750000    0.793899   -0.043899 (VIOLATED)
_21614_/A3                              0.750000    0.793895   -0.043895 (VIOLATED)
ANTENNA__21614__A3/DIODE                0.750000    0.793894   -0.043894 (VIOLATED)
ANTENNA__20794__B/DIODE                 0.750000    0.793894   -0.043894 (VIOLATED)
_15196_/Y                               0.750000    0.793878   -0.043878 (VIOLATED)
_14834_/A1                              0.750000    0.793328   -0.043328 (VIOLATED)
ANTENNA__14834__A1/DIODE                0.750000    0.793326   -0.043326 (VIOLATED)
_14807_/A                               0.750000    0.793325   -0.043325 (VIOLATED)
ANTENNA__14807__A/DIODE                 0.750000    0.793321   -0.043322 (VIOLATED)
_11545_/A1                              0.750000    0.793292   -0.043292 (VIOLATED)
ANTENNA__11545__A1/DIODE                0.750000    0.793286   -0.043286 (VIOLATED)
_14154_/B                               0.750000    0.793255   -0.043255 (VIOLATED)
_14155_/B                               0.750000    0.793252   -0.043252 (VIOLATED)
ANTENNA__14154__B/DIODE                 0.750000    0.793252   -0.043252 (VIOLATED)
_20122_/A                               0.750000    0.793223   -0.043223 (VIOLATED)
_16689_/A                               0.750000    0.793222   -0.043222 (VIOLATED)
ANTENNA__16689__A/DIODE                 0.750000    0.793220   -0.043220 (VIOLATED)
_21237_/A1                              0.750000    0.793217   -0.043217 (VIOLATED)
ANTENNA__20122__A/DIODE                 0.750000    0.793217   -0.043217 (VIOLATED)
ANTENNA__21237__A1/DIODE                0.750000    0.793217   -0.043217 (VIOLATED)
_17823_/A1                              0.750000    0.793213   -0.043213 (VIOLATED)
ANTENNA__17823__A1/DIODE                0.750000    0.793213   -0.043213 (VIOLATED)
ANTENNA__14155__B/DIODE                 0.750000    0.793210   -0.043210 (VIOLATED)
_11544_/X                               0.750000    0.793200   -0.043200 (VIOLATED)
_13604_/A1                              0.750000    0.787638   -0.037638 (VIOLATED)
_13605_/B                               0.750000    0.787635   -0.037635 (VIOLATED)
ANTENNA__13604__A1/DIODE                0.750000    0.787634   -0.037634 (VIOLATED)
ANTENNA__13605__B/DIODE                 0.750000    0.787634   -0.037634 (VIOLATED)
ANTENNA__13592__A/DIODE                 0.750000    0.787559   -0.037559 (VIOLATED)
_13592_/A                               0.750000    0.787559   -0.037559 (VIOLATED)
_13590_/Y                               0.750000    0.787548   -0.037548 (VIOLATED)
_16572_/A_N                             0.750000    0.779109   -0.029109 (VIOLATED)
ANTENNA__16572__A_N/DIODE               0.750000    0.779109   -0.029109 (VIOLATED)
_16576_/A                               0.750000    0.779107   -0.029107 (VIOLATED)
ANTENNA__16576__A/DIODE                 0.750000    0.779105   -0.029105 (VIOLATED)
_21395_/B                               0.750000    0.779077   -0.029077 (VIOLATED)
ANTENNA__21395__B/DIODE                 0.750000    0.779076   -0.029076 (VIOLATED)
_16530_/B                               0.750000    0.779067   -0.029067 (VIOLATED)
ANTENNA__16530__B/DIODE                 0.750000    0.779067   -0.029067 (VIOLATED)
_19737_/B1                              0.750000    0.779054   -0.029054 (VIOLATED)
ANTENNA__19737__B1/DIODE                0.750000    0.779054   -0.029054 (VIOLATED)
_13656_/B                               0.750000    0.779053   -0.029053 (VIOLATED)
ANTENNA__13656__B/DIODE                 0.750000    0.779052   -0.029053 (VIOLATED)
_13659_/B                               0.750000    0.779052   -0.029052 (VIOLATED)
_22207_/B                               0.750000    0.779052   -0.029052 (VIOLATED)
_19738_/A                               0.750000    0.779052   -0.029052 (VIOLATED)
ANTENNA__19738__A/DIODE                 0.750000    0.779051   -0.029051 (VIOLATED)
ANTENNA__22207__B/DIODE                 0.750000    0.779051   -0.029051 (VIOLATED)
ANTENNA__13659__B/DIODE                 0.750000    0.779049   -0.029049 (VIOLATED)
_13655_/Y                               0.750000    0.779030   -0.029030 (VIOLATED)
_21904_/B                               0.750000    0.778751   -0.028751 (VIOLATED)
ANTENNA__21904__B/DIODE                 0.750000    0.778749   -0.028749 (VIOLATED)
_21903_/Y                               0.750000    0.778668   -0.028668 (VIOLATED)
_22349_/B1                              0.750000    0.774494   -0.024494 (VIOLATED)
ANTENNA__22349__B1/DIODE                0.750000    0.774491   -0.024491 (VIOLATED)
_17119_/B1                              0.750000    0.774474   -0.024474 (VIOLATED)
ANTENNA__17119__B1/DIODE                0.750000    0.774443   -0.024444 (VIOLATED)
_22383_/C1                              0.750000    0.774401   -0.024401 (VIOLATED)
ANTENNA__22383__C1/DIODE                0.750000    0.774393   -0.024393 (VIOLATED)
_18467_/A1                              0.750000    0.774347   -0.024347 (VIOLATED)
ANTENNA__18467__A1/DIODE                0.750000    0.774342   -0.024342 (VIOLATED)
_22365_/A1                              0.750000    0.774306   -0.024306 (VIOLATED)
ANTENNA__22365__A1/DIODE                0.750000    0.774299   -0.024299 (VIOLATED)
_21562_/C1                              0.750000    0.774288   -0.024288 (VIOLATED)
ANTENNA__21562__C1/DIODE                0.750000    0.774282   -0.024282 (VIOLATED)
_17458_/A1                              0.750000    0.774232   -0.024232 (VIOLATED)
ANTENNA__17458__A1/DIODE                0.750000    0.774232   -0.024232 (VIOLATED)
_22338_/A1                              0.750000    0.774136   -0.024136 (VIOLATED)
ANTENNA__22338__A1/DIODE                0.750000    0.774136   -0.024136 (VIOLATED)
_22319_/B1                              0.750000    0.774121   -0.024121 (VIOLATED)
ANTENNA__22319__B1/DIODE                0.750000    0.774120   -0.024120 (VIOLATED)
_22271_/A1                              0.750000    0.774119   -0.024120 (VIOLATED)
ANTENNA__22271__A1/DIODE                0.750000    0.774119   -0.024119 (VIOLATED)
_15566_/Y                               0.750000    0.774100   -0.024100 (VIOLATED)
_20908_/A                               0.750000    0.769722   -0.019722 (VIOLATED)
ANTENNA__20908__A/DIODE                 0.750000    0.769722   -0.019722 (VIOLATED)
_20910_/A                               0.750000    0.769720   -0.019720 (VIOLATED)
ANTENNA__20910__A/DIODE                 0.750000    0.769719   -0.019719 (VIOLATED)
_20909_/A                               0.750000    0.769719   -0.019719 (VIOLATED)
ANTENNA__20909__A/DIODE                 0.750000    0.769713   -0.019713 (VIOLATED)
_20906_/Y                               0.750000    0.769657   -0.019657 (VIOLATED)
_20624_/B                               0.750000    0.769582   -0.019582 (VIOLATED)
_20625_/B                               0.750000    0.769582   -0.019582 (VIOLATED)
ANTENNA__20624__B/DIODE                 0.750000    0.769579   -0.019579 (VIOLATED)
ANTENNA__20625__B/DIODE                 0.750000    0.769579   -0.019579 (VIOLATED)
ANTENNA__21764__B/DIODE                 0.750000    0.769571   -0.019571 (VIOLATED)
_21764_/B                               0.750000    0.769564   -0.019564 (VIOLATED)
input160/X                              0.750000    0.769554   -0.019554 (VIOLATED)
_13468_/A                               0.750000    0.766162   -0.016162 (VIOLATED)
ANTENNA__13468__A/DIODE                 0.750000    0.766143   -0.016143 (VIOLATED)
_13467_/A                               0.750000    0.766129   -0.016129 (VIOLATED)
ANTENNA__13467__A/DIODE                 0.750000    0.766127   -0.016127 (VIOLATED)
ANTENNA__15986__A/DIODE                 0.750000    0.765898   -0.015898 (VIOLATED)
_15986_/A                               0.750000    0.765898   -0.015898 (VIOLATED)
_15984_/A                               0.750000    0.765881   -0.015881 (VIOLATED)
ANTENNA__15984__A/DIODE                 0.750000    0.765880   -0.015880 (VIOLATED)
_17705_/A_N                             0.750000    0.765860   -0.015861 (VIOLATED)
ANTENNA__17705__A_N/DIODE               0.750000    0.765860   -0.015860 (VIOLATED)
_17704_/B                               0.750000    0.765860   -0.015860 (VIOLATED)
ANTENNA__17704__B/DIODE                 0.750000    0.765859   -0.015859 (VIOLATED)
_13465_/X                               0.750000    0.765846   -0.015846 (VIOLATED)
fanout484/A                             0.750000    0.760522   -0.010522 (VIOLATED)
ANTENNA_fanout484_A/DIODE               0.750000    0.760521   -0.010521 (VIOLATED)
fanout483/A                             0.750000    0.760521   -0.010521 (VIOLATED)
ANTENNA_fanout483_A/DIODE               0.750000    0.760519   -0.010519 (VIOLATED)
input163/X                              0.750000    0.760424   -0.010424 (VIOLATED)
_13909_/A                               0.750000    0.752520   -0.002520 (VIOLATED)
ANTENNA__13909__A/DIODE                 0.750000    0.752519   -0.002519 (VIOLATED)
_13911_/A1                              0.750000    0.752516   -0.002516 (VIOLATED)
ANTENNA__13911__A1/DIODE                0.750000    0.752515   -0.002515 (VIOLATED)
_13898_/X                               0.750000    0.752483   -0.002483 (VIOLATED)
_19837_/A                               0.750000    0.750982   -0.000982 (VIOLATED)
_19836_/A1                              0.750000    0.750981   -0.000981 (VIOLATED)
_18136_/A                               0.750000    0.750977   -0.000977 (VIOLATED)
_19377_/A1                              0.750000    0.750970   -0.000970 (VIOLATED)
_19378_/A                               0.750000    0.750965   -0.000965 (VIOLATED)
_18134_/Y                               0.750000    0.750957   -0.000957 (VIOLATED)

max fanout

Pin                                   Limit Fanout  Slack
---------------------------------------------------------
_11446_/Y                                10     20    -10 (VIOLATED)
_11758_/Y                                10     20    -10 (VIOLATED)
_12250_/X                                10     20    -10 (VIOLATED)
_13155_/Y                                10     20    -10 (VIOLATED)
_14753_/Y                                10     20    -10 (VIOLATED)
_15566_/Y                                10     20    -10 (VIOLATED)
_16075_/Y                                10     20    -10 (VIOLATED)
fanout246/X                              10     20    -10 (VIOLATED)
fanout247/X                              10     20    -10 (VIOLATED)
fanout248/X                              10     20    -10 (VIOLATED)
fanout250/X                              10     20    -10 (VIOLATED)
fanout251/X                              10     20    -10 (VIOLATED)
fanout253/X                              10     20    -10 (VIOLATED)
fanout254/X                              10     20    -10 (VIOLATED)
fanout255/X                              10     20    -10 (VIOLATED)
fanout256/X                              10     20    -10 (VIOLATED)
fanout258/X                              10     20    -10 (VIOLATED)
fanout260/X                              10     20    -10 (VIOLATED)
fanout261/X                              10     20    -10 (VIOLATED)
fanout262/X                              10     20    -10 (VIOLATED)
fanout264/X                              10     20    -10 (VIOLATED)
fanout266/X                              10     20    -10 (VIOLATED)
fanout268/X                              10     20    -10 (VIOLATED)
fanout274/X                              10     20    -10 (VIOLATED)
fanout275/X                              10     20    -10 (VIOLATED)
fanout280/X                              10     20    -10 (VIOLATED)
fanout281/X                              10     20    -10 (VIOLATED)
fanout282/X                              10     20    -10 (VIOLATED)
fanout283/X                              10     20    -10 (VIOLATED)
fanout286/X                              10     20    -10 (VIOLATED)
fanout292/X                              10     20    -10 (VIOLATED)
fanout295/X                              10     20    -10 (VIOLATED)
fanout299/X                              10     20    -10 (VIOLATED)
fanout300/X                              10     20    -10 (VIOLATED)
fanout301/X                              10     20    -10 (VIOLATED)
fanout302/X                              10     20    -10 (VIOLATED)
fanout303/X                              10     20    -10 (VIOLATED)
fanout304/X                              10     20    -10 (VIOLATED)
fanout305/X                              10     20    -10 (VIOLATED)
fanout309/X                              10     20    -10 (VIOLATED)
fanout310/X                              10     20    -10 (VIOLATED)
fanout316/X                              10     20    -10 (VIOLATED)
fanout317/X                              10     20    -10 (VIOLATED)
fanout319/X                              10     20    -10 (VIOLATED)
fanout325/X                              10     20    -10 (VIOLATED)
fanout329/X                              10     20    -10 (VIOLATED)
fanout333/X                              10     20    -10 (VIOLATED)
fanout334/X                              10     20    -10 (VIOLATED)
fanout335/X                              10     20    -10 (VIOLATED)
fanout347/X                              10     20    -10 (VIOLATED)
fanout350/X                              10     20    -10 (VIOLATED)
fanout351/X                              10     20    -10 (VIOLATED)
fanout354/X                              10     20    -10 (VIOLATED)
fanout357/X                              10     20    -10 (VIOLATED)
fanout358/X                              10     20    -10 (VIOLATED)
fanout372/X                              10     20    -10 (VIOLATED)
fanout376/X                              10     20    -10 (VIOLATED)
fanout377/X                              10     20    -10 (VIOLATED)
fanout388/X                              10     20    -10 (VIOLATED)
fanout390/X                              10     20    -10 (VIOLATED)
fanout393/X                              10     20    -10 (VIOLATED)
fanout411/X                              10     20    -10 (VIOLATED)
fanout413/X                              10     20    -10 (VIOLATED)
fanout414/X                              10     20    -10 (VIOLATED)
fanout417/X                              10     20    -10 (VIOLATED)
fanout432/X                              10     20    -10 (VIOLATED)
fanout438/X                              10     20    -10 (VIOLATED)
fanout446/X                              10     20    -10 (VIOLATED)
fanout451/X                              10     20    -10 (VIOLATED)
fanout453/X                              10     20    -10 (VIOLATED)
fanout485/X                              10     20    -10 (VIOLATED)
fanout486/X                              10     20    -10 (VIOLATED)
fanout490/X                              10     20    -10 (VIOLATED)
fanout491/X                              10     20    -10 (VIOLATED)
fanout493/X                              10     20    -10 (VIOLATED)
fanout495/X                              10     20    -10 (VIOLATED)
fanout499/X                              10     20    -10 (VIOLATED)
fanout502/X                              10     20    -10 (VIOLATED)
fanout505/X                              10     20    -10 (VIOLATED)
fanout508/X                              10     20    -10 (VIOLATED)
fanout509/X                              10     20    -10 (VIOLATED)
fanout510/X                              10     20    -10 (VIOLATED)
fanout512/X                              10     20    -10 (VIOLATED)
fanout527/X                              10     20    -10 (VIOLATED)
fanout545/X                              10     20    -10 (VIOLATED)
fanout546/X                              10     20    -10 (VIOLATED)
fanout552/X                              10     20    -10 (VIOLATED)
fanout557/X                              10     20    -10 (VIOLATED)
fanout559/X                              10     20    -10 (VIOLATED)
input121/X                               10     20    -10 (VIOLATED)
input122/X                               10     20    -10 (VIOLATED)
input174/X                               10     20    -10 (VIOLATED)
input40/X                                10     20    -10 (VIOLATED)
input67/X                                10     20    -10 (VIOLATED)
input69/X                                10     20    -10 (VIOLATED)
input70/X                                10     20    -10 (VIOLATED)
input95/X                                10     20    -10 (VIOLATED)
_11241_/Y                                10     18     -8 (VIOLATED)
_11286_/Y                                10     18     -8 (VIOLATED)
_11544_/X                                10     18     -8 (VIOLATED)
_11656_/X                                10     18     -8 (VIOLATED)
_12083_/Y                                10     18     -8 (VIOLATED)
_12314_/X                                10     18     -8 (VIOLATED)
_13074_/X                                10     18     -8 (VIOLATED)
_13135_/Y                                10     18     -8 (VIOLATED)
_13655_/Y                                10     18     -8 (VIOLATED)
_13713_/Y                                10     18     -8 (VIOLATED)
_14670_/Y                                10     18     -8 (VIOLATED)
_15567_/Y                                10     18     -8 (VIOLATED)
fanout321/X                              10     18     -8 (VIOLATED)
fanout323/X                              10     18     -8 (VIOLATED)
fanout328/X                              10     18     -8 (VIOLATED)
fanout332/X                              10     18     -8 (VIOLATED)
fanout340/X                              10     18     -8 (VIOLATED)
fanout346/X                              10     18     -8 (VIOLATED)
fanout349/X                              10     18     -8 (VIOLATED)
fanout371/X                              10     18     -8 (VIOLATED)
fanout382/X                              10     18     -8 (VIOLATED)
fanout384/X                              10     18     -8 (VIOLATED)
fanout447/X                              10     18     -8 (VIOLATED)
fanout455/X                              10     18     -8 (VIOLATED)
fanout457/X                              10     18     -8 (VIOLATED)
fanout476/X                              10     18     -8 (VIOLATED)
fanout481/X                              10     18     -8 (VIOLATED)
fanout482/X                              10     18     -8 (VIOLATED)
fanout487/X                              10     18     -8 (VIOLATED)
fanout494/X                              10     18     -8 (VIOLATED)
fanout501/X                              10     18     -8 (VIOLATED)
fanout522/X                              10     18     -8 (VIOLATED)
fanout526/X                              10     18     -8 (VIOLATED)
fanout549/X                              10     18     -8 (VIOLATED)
input221/X                               10     18     -8 (VIOLATED)
input33/X                                10     18     -8 (VIOLATED)
input43/X                                10     18     -8 (VIOLATED)
input62/X                                10     18     -8 (VIOLATED)
input68/X                                10     18     -8 (VIOLATED)
input79/X                                10     18     -8 (VIOLATED)
input86/X                                10     18     -8 (VIOLATED)
input87/X                                10     18     -8 (VIOLATED)
input89/X                                10     18     -8 (VIOLATED)
input94/X                                10     18     -8 (VIOLATED)
_11197_/Y                                10     16     -6 (VIOLATED)
_11203_/Y                                10     16     -6 (VIOLATED)
_11204_/Y                                10     16     -6 (VIOLATED)
_11207_/Y                                10     16     -6 (VIOLATED)
_11444_/X                                10     16     -6 (VIOLATED)
_11828_/X                                10     16     -6 (VIOLATED)
_12092_/X                                10     16     -6 (VIOLATED)
_12421_/Y                                10     16     -6 (VIOLATED)
_12650_/Y                                10     16     -6 (VIOLATED)
_13709_/X                                10     16     -6 (VIOLATED)
_15196_/Y                                10     16     -6 (VIOLATED)
_15609_/Y                                10     16     -6 (VIOLATED)
fanout287/X                              10     16     -6 (VIOLATED)
fanout369/X                              10     16     -6 (VIOLATED)
fanout379/X                              10     16     -6 (VIOLATED)
fanout396/X                              10     16     -6 (VIOLATED)
fanout416/X                              10     16     -6 (VIOLATED)
fanout435/X                              10     16     -6 (VIOLATED)
fanout452/X                              10     16     -6 (VIOLATED)
fanout525/X                              10     16     -6 (VIOLATED)
input104/X                               10     16     -6 (VIOLATED)
input158/X                               10     16     -6 (VIOLATED)
input210/X                               10     16     -6 (VIOLATED)
input220/X                               10     16     -6 (VIOLATED)
input41/X                                10     16     -6 (VIOLATED)
input85/X                                10     16     -6 (VIOLATED)
_11211_/Y                                10     14     -4 (VIOLATED)
_11238_/X                                10     14     -4 (VIOLATED)
_11358_/Y                                10     14     -4 (VIOLATED)
_11421_/X                                10     14     -4 (VIOLATED)
_12176_/Y                                10     14     -4 (VIOLATED)
_12177_/X                                10     14     -4 (VIOLATED)
_12224_/Y                                10     14     -4 (VIOLATED)
_13154_/X                                10     14     -4 (VIOLATED)
_14636_/X                                10     14     -4 (VIOLATED)
_14754_/Y                                10     14     -4 (VIOLATED)
_15278_/X                                10     14     -4 (VIOLATED)
_15573_/X                                10     14     -4 (VIOLATED)
_16687_/X                                10     14     -4 (VIOLATED)
clkbuf_1_1__f_clk/X                      10     14     -4 (VIOLATED)
fanout259/X                              10     14     -4 (VIOLATED)
fanout298/X                              10     14     -4 (VIOLATED)
fanout338/X                              10     14     -4 (VIOLATED)
fanout343/X                              10     14     -4 (VIOLATED)
fanout368/X                              10     14     -4 (VIOLATED)
fanout412/X                              10     14     -4 (VIOLATED)
fanout415/X                              10     14     -4 (VIOLATED)
fanout424/X                              10     14     -4 (VIOLATED)
fanout434/X                              10     14     -4 (VIOLATED)
fanout442/X                              10     14     -4 (VIOLATED)
fanout465/X                              10     14     -4 (VIOLATED)
fanout489/X                              10     14     -4 (VIOLATED)
fanout496/X                              10     14     -4 (VIOLATED)
fanout506/X                              10     14     -4 (VIOLATED)
fanout507/X                              10     14     -4 (VIOLATED)
fanout524/X                              10     14     -4 (VIOLATED)
fanout555/X                              10     14     -4 (VIOLATED)
input141/X                               10     14     -4 (VIOLATED)
input176/X                               10     14     -4 (VIOLATED)
input45/X                                10     14     -4 (VIOLATED)
input80/X                                10     14     -4 (VIOLATED)
input92/X                                10     14     -4 (VIOLATED)
input93/X                                10     14     -4 (VIOLATED)
input96/X                                10     14     -4 (VIOLATED)
_11242_/Y                                10     12     -2 (VIOLATED)
_11323_/X                                10     12     -2 (VIOLATED)
_11342_/X                                10     12     -2 (VIOLATED)
_11343_/Y                                10     12     -2 (VIOLATED)
_11360_/Y                                10     12     -2 (VIOLATED)
_11445_/Y                                10     12     -2 (VIOLATED)
_11991_/Y                                10     12     -2 (VIOLATED)
_13235_/Y                                10     12     -2 (VIOLATED)
_13278_/Y                                10     12     -2 (VIOLATED)
_13447_/Y                                10     12     -2 (VIOLATED)
_13465_/X                                10     12     -2 (VIOLATED)
_13490_/Y                                10     12     -2 (VIOLATED)
_13521_/Y                                10     12     -2 (VIOLATED)
_14674_/X                                10     12     -2 (VIOLATED)
_15027_/Y                                10     12     -2 (VIOLATED)
_15351_/Y                                10     12     -2 (VIOLATED)
_15610_/X                                10     12     -2 (VIOLATED)
_16608_/X                                10     12     -2 (VIOLATED)
_17774_/X                                10     12     -2 (VIOLATED)
fanout257/X                              10     12     -2 (VIOLATED)
fanout263/X                              10     12     -2 (VIOLATED)
fanout291/X                              10     12     -2 (VIOLATED)
fanout342/X                              10     12     -2 (VIOLATED)
fanout359/X                              10     12     -2 (VIOLATED)
fanout406/X                              10     12     -2 (VIOLATED)
fanout409/X                              10     12     -2 (VIOLATED)
fanout419/X                              10     12     -2 (VIOLATED)
fanout492/X                              10     12     -2 (VIOLATED)
fanout504/X                              10     12     -2 (VIOLATED)
fanout514/X                              10     12     -2 (VIOLATED)
fanout534/X                              10     12     -2 (VIOLATED)
fanout554/X                              10     12     -2 (VIOLATED)
fanout558/X                              10     12     -2 (VIOLATED)
input177/X                               10     12     -2 (VIOLATED)
input63/X                                10     12     -2 (VIOLATED)
input90/X                                10     12     -2 (VIOLATED)
input91/X                                10     12     -2 (VIOLATED)



===========================================================================
report_parasitic_annotation -report_unannotated
============================================================================
Found 23 unannotated drivers.
 input_data[127]
 input_data[191]
 input_data[207]
 input_data[208]
 input_data[209]
 input_data[210]
 input_data[211]
 input_data[212]
 input_data[213]
 input_data[214]
 input_data[215]
 input_data[216]
 input_data[217]
 input_data[218]
 input_data[219]
 input_data[220]
 input_data[221]
 input_data[222]
 input_data[223]
 input_data[238]
 input_data[239]
 input_data[63]
 input_data[79]
Found 0 partially unannotated drivers.

===========================================================================
max slew violation count 353
max fanout violation count 242
max cap violation count 0
============================================================================

===========================================================================
check_setup -verbose -unconstrained_endpoints -multiple_clock -no_clock -no_input_delay -loops -generated_clocks
===========================================================================
