
===========================================================================
report_checks -unconstrained
===========================================================================
======================= nom_tt_025C_1v80 Corner ===================================

Startpoint: input_data[0] (input port clocked by clk)
Endpoint: _22395_ (rising edge-triggered flip-flop clocked by clk)
Path Group: clk
Path Type: max

Fanout         Cap        Slew       Delay        Time   Description
---------------------------------------------------------------------------------------------
                                  0.000000    0.000000   clock clk (rise edge)
                                  0.000000    0.000000   clock network delay (propagated)
                                  5.000000    5.000000 ^ input external delay
     3    0.039487    0.181653    0.127326    5.127326 ^ input_data[0] (in)
                                                         input_data[0] (net)
                      0.181713    0.000000    5.127326 ^ input1/A (sky130_fd_sc_hd__clkbuf_4)
    10    0.094612    0.283685    0.351160    5.478487 ^ input1/X (sky130_fd_sc_hd__clkbuf_4)
                                                         net1 (net)
                      0.283794    0.004640    5.483127 ^ fanout555/A (sky130_fd_sc_hd__buf_4)
    20    0.117894    0.324117    0.374746    5.857873 ^ fanout555/X (sky130_fd_sc_hd__buf_4)
                                                         net555 (net)
                      0.324123    0.001279    5.859152 ^ fanout554/A (sky130_fd_sc_hd__buf_4)
    10    0.071259    0.200023    0.298142    6.157293 ^ fanout554/X (sky130_fd_sc_hd__buf_4)
                                                         net554 (net)
                      0.200026    0.000699    6.157992 ^ fanout553/A (sky130_fd_sc_hd__buf_2)
    14    0.063330    0.307507    0.341352    6.499344 ^ fanout553/X (sky130_fd_sc_hd__buf_2)
                                                         net553 (net)
                      0.307567    0.003558    6.502903 ^ fanout551/A (sky130_fd_sc_hd__clkbuf_4)
    10    0.051183    0.159464    0.307462    6.810364 ^ fanout551/X (sky130_fd_sc_hd__clkbuf_4)
                                                         net551 (net)
                      0.159491    0.001750    6.812115 ^ _13151_/A (sky130_fd_sc_hd__and2_1)
     4    0.017144    0.175415    0.241882    7.053997 ^ _13151_/X (sky130_fd_sc_hd__and2_1)
                                                         _02631_ (net)
                      0.175416    0.000291    7.054287 ^ _13344_/A1 (sky130_fd_sc_hd__o211a_1)
     3    0.010991    0.103967    0.228295    7.282582 ^ _13344_/X (sky130_fd_sc_hd__o211a_1)
                                                         _02825_ (net)
                      0.103969    0.000277    7.282859 ^ _13347_/A_N (sky130_fd_sc_hd__and4bb_1)
     3    0.007343    0.060244    0.213081    7.495940 v _13347_/X (sky130_fd_sc_hd__and4bb_1)
                                                         _02829_ (net)
                      0.060245    0.000168    7.496108 v _13352_/A (sky130_fd_sc_hd__or3_1)
     2    0.003937    0.071998    0.376631    7.872739 v _13352_/X (sky130_fd_sc_hd__or3_1)
                                                         _02834_ (net)
                      0.071998    0.000091    7.872830 v _13353_/B (sky130_fd_sc_hd__and2b_1)
     2    0.011245    0.068558    0.200501    8.073331 v _13353_/X (sky130_fd_sc_hd__and2b_1)
                                                         _02835_ (net)
                      0.068560    0.000338    8.073668 v _13368_/A (sky130_fd_sc_hd__xor2_2)
     2    0.011701    0.104529    0.196735    8.270403 v _13368_/X (sky130_fd_sc_hd__xor2_2)
                                                         _02852_ (net)
                      0.104530    0.000221    8.270624 v _13377_/A (sky130_fd_sc_hd__xor2_2)
     2    0.011948    0.081200    0.211284    8.481909 v _13377_/X (sky130_fd_sc_hd__xor2_2)
                                                         _02862_ (net)
                      0.081202    0.000336    8.482244 v _13379_/B (sky130_fd_sc_hd__xnor2_2)
     2    0.015541    0.238912    0.228932    8.711177 ^ _13379_/Y (sky130_fd_sc_hd__xnor2_2)
                                                         _02864_ (net)
                      0.238912    0.000252    8.711430 ^ _13387_/A (sky130_fd_sc_hd__xnor2_1)
     2    0.006983    0.196154    0.179662    8.891090 ^ _13387_/Y (sky130_fd_sc_hd__xnor2_1)
                                                         _02873_ (net)
                      0.196154    0.000112    8.891203 ^ _13404_/B1 (sky130_fd_sc_hd__a21o_1)
     2    0.019719    0.175267    0.208127    9.099330 ^ _13404_/X (sky130_fd_sc_hd__a21o_1)
                                                         _02891_ (net)
                      0.175269    0.000437    9.099767 ^ _13405_/B1 (sky130_fd_sc_hd__o21ai_4)
     2    0.021767    0.081736    0.111078    9.210845 v _13405_/Y (sky130_fd_sc_hd__o21ai_4)
                                                         _02892_ (net)
                      0.081744    0.000634    9.211479 v _17079_/A1 (sky130_fd_sc_hd__a21o_1)
     1    0.002856    0.033204    0.164989    9.376468 v _17079_/X (sky130_fd_sc_hd__a21o_1)
                                                         _06933_ (net)
                      0.033204    0.000083    9.376551 v _17080_/A2 (sky130_fd_sc_hd__a21oi_1)
     2    0.007196    0.185054    0.192684    9.569235 ^ _17080_/Y (sky130_fd_sc_hd__a21oi_1)
                                                         _06934_ (net)
                      0.185054    0.000243    9.569478 ^ _17081_/B (sky130_fd_sc_hd__or2_1)
     3    0.014064    0.139085    0.198340    9.767817 ^ _17081_/X (sky130_fd_sc_hd__or2_1)
                                                         _06935_ (net)
                      0.139087    0.000369    9.768187 ^ _17083_/A (sky130_fd_sc_hd__nand2_2)
     8    0.044531    0.179708    0.183468    9.951654 v _17083_/Y (sky130_fd_sc_hd__nand2_2)
                                                         _06937_ (net)
                      0.179918    0.005084    9.956738 v _17093_/A (sky130_fd_sc_hd__xnor2_1)
     2    0.004379    0.070614    0.188033   10.144772 v _17093_/Y (sky130_fd_sc_hd__xnor2_1)
                                                         _06948_ (net)
                      0.070614    0.000059   10.144830 v _17094_/B (sky130_fd_sc_hd__or2_2)
     3    0.017278    0.091822    0.333426   10.478256 v _17094_/X (sky130_fd_sc_hd__or2_2)
                                                         _06949_ (net)
                      0.091823    0.000206   10.478462 v _17097_/A1 (sky130_fd_sc_hd__a211oi_1)
     1    0.018889    0.630774    0.550853   11.029315 ^ _17097_/Y (sky130_fd_sc_hd__a211oi_1)
                                                         _06953_ (net)
                      0.630776    0.001015   11.030330 ^ wire240/A (sky130_fd_sc_hd__buf_2)
     4    0.066199    0.321430    0.427356   11.457685 ^ wire240/X (sky130_fd_sc_hd__buf_2)
                                                         net240 (net)
                      0.321553    0.005230   11.462915 ^ _17098_/C (sky130_fd_sc_hd__nor3_1)
     3    0.008893    0.099994    0.127639   11.590554 v _17098_/Y (sky130_fd_sc_hd__nor3_1)
                                                         _06954_ (net)
                      0.099994    0.000171   11.590725 v _17100_/B1 (sky130_fd_sc_hd__a211o_1)
     3    0.010425    0.081849    0.325614   11.916339 v _17100_/X (sky130_fd_sc_hd__a211o_1)
                                                         _06956_ (net)
                      0.081852    0.000332   11.916672 v _17103_/B1 (sky130_fd_sc_hd__a22o_1)
     2    0.005788    0.053755    0.203830   12.120502 v _17103_/X (sky130_fd_sc_hd__a22o_1)
                                                         _06959_ (net)
                      0.053755    0.000124   12.120625 v _17105_/A2 (sky130_fd_sc_hd__a211oi_1)
     2    0.007377    0.305068    0.324524   12.445149 ^ _17105_/Y (sky130_fd_sc_hd__a211oi_1)
                                                         _06961_ (net)
                      0.305068    0.000231   12.445380 ^ _17106_/C (sky130_fd_sc_hd__nor3_1)
     3    0.010922    0.104710    0.139518   12.584898 v _17106_/Y (sky130_fd_sc_hd__nor3_1)
                                                         _06962_ (net)
                      0.104711    0.000295   12.585193 v _17108_/B1 (sky130_fd_sc_hd__a211o_1)
     3    0.012908    0.092245    0.338116   12.923309 v _17108_/X (sky130_fd_sc_hd__a211o_1)
                                                         _06965_ (net)
                      0.092248    0.000435   12.923744 v _17111_/A1 (sky130_fd_sc_hd__a211o_1)
     3    0.011846    0.087370    0.317089   13.240833 v _17111_/X (sky130_fd_sc_hd__a211o_1)
                                                         _06968_ (net)
                      0.087372    0.000322   13.241157 v _17113_/B (sky130_fd_sc_hd__and3_1)
     2    0.006986    0.055037    0.198390   13.439546 v _17113_/X (sky130_fd_sc_hd__and3_1)
                                                         _06970_ (net)
                      0.055039    0.000210   13.439756 v _17116_/B1 (sky130_fd_sc_hd__a211o_2)
     6    0.062199    0.175793    0.455949   13.895705 v _17116_/X (sky130_fd_sc_hd__a211o_2)
                                                         _06973_ (net)
                      0.175796    0.000649   13.896355 v _18257_/A2 (sky130_fd_sc_hd__a21o_1)
     3    0.012190    0.071492    0.262522   14.158876 v _18257_/X (sky130_fd_sc_hd__a21o_1)
                                                         _08228_ (net)
                      0.071493    0.000217   14.159093 v _19506_/A2 (sky130_fd_sc_hd__a21oi_1)
     3    0.011853    0.273671    0.274213   14.433306 ^ _19506_/Y (sky130_fd_sc_hd__a21oi_1)
                                                         _09600_ (net)
                      0.273672    0.000441   14.433747 ^ _21134_/A2 (sky130_fd_sc_hd__o21ai_1)
     3    0.011381    0.130030    0.157108   14.590856 v _21134_/Y (sky130_fd_sc_hd__o21ai_1)
                                                         _00211_ (net)
                      0.130030    0.000283   14.591139 v _21911_/B (sky130_fd_sc_hd__and3_1)
     1    0.002598    0.035782    0.195135   14.786274 v _21911_/X (sky130_fd_sc_hd__and3_1)
                                                         _01065_ (net)
                      0.035782    0.000052   14.786326 v _21913_/B (sky130_fd_sc_hd__or3_2)
     2    0.085067    0.276307    0.686012   15.472339 v _21913_/X (sky130_fd_sc_hd__or3_2)
                                                         _01067_ (net)
                      0.276558    0.006946   15.479284 v _21914_/A3 (sky130_fd_sc_hd__a31o_1)
     1    0.006645    0.054159    0.322357   15.801641 v _21914_/X (sky130_fd_sc_hd__a31o_1)
                                                         _01068_ (net)
                      0.054161    0.000263   15.801905 v _22033_/A2 (sky130_fd_sc_hd__o21a_1)
     2    0.025477    0.134081    0.261128   16.063032 v _22033_/X (sky130_fd_sc_hd__o21a_1)
                                                         _01199_ (net)
                      0.134094    0.001098   16.064131 v _22196_/A1 (sky130_fd_sc_hd__o22a_1)
     1    0.003889    0.048102    0.243295   16.307425 v _22196_/X (sky130_fd_sc_hd__o22a_1)
                                                         _01378_ (net)
                      0.048103    0.000128   16.307552 v _22243_/A2 (sky130_fd_sc_hd__o21ba_1)
     1    0.003155    0.037091    0.165768   16.473320 v _22243_/X (sky130_fd_sc_hd__o21ba_1)
                                                         _01430_ (net)
                      0.037092    0.000096   16.473417 v _22245_/B1 (sky130_fd_sc_hd__o32a_1)
     1    0.003087    0.053417    0.164702   16.638119 v _22245_/X (sky130_fd_sc_hd__o32a_1)
                                                         _00005_ (net)
                      0.053417    0.000096   16.638214 v _22395_/D (sky130_fd_sc_hd__dfxtp_2)
                                             16.638214   data arrival time

                                 25.000000   25.000000   clock clk (rise edge)
                                  0.000000   25.000000   clock source latency
     2    0.097012    0.441446    0.319597   25.319595 ^ clk (in)
                                                         clk (net)
                      0.446948    0.000000   25.319595 ^ clkbuf_0_clk/A (sky130_fd_sc_hd__clkbuf_16)
     2    0.021577    0.051666    0.232557   25.552153 ^ clkbuf_0_clk/X (sky130_fd_sc_hd__clkbuf_16)
                                                         clknet_0_clk (net)
                      0.051666    0.000670   25.552822 ^ clkbuf_1_0__f_clk/A (sky130_fd_sc_hd__clkbuf_16)
     9    0.031556    0.052335    0.137685   25.690508 ^ clkbuf_1_0__f_clk/X (sky130_fd_sc_hd__clkbuf_16)
                                                         clknet_1_0__leaf_clk (net)
                      0.052376    0.001123   25.691631 ^ _22395_/CLK (sky130_fd_sc_hd__dfxtp_2)
                                 -0.250000   25.441631   clock uncertainty
                                  0.000000   25.441631   clock reconvergence pessimism
                                 -0.114834   25.326797   library setup time
                                             25.326797   data required time
---------------------------------------------------------------------------------------------
                                             25.326797   data required time
                                            -16.638214   data arrival time
---------------------------------------------------------------------------------------------
                                              8.688582   slack (MET)




===========================================================================
report_checks --slack_max -0.01
============================================================================
======================= nom_tt_025C_1v80 Corner ===================================

No paths found.


===========================================================================
 report_check_types -max_slew -max_cap -max_fanout -violators
============================================================================
======================= nom_tt_025C_1v80 Corner ===================================

max slew

Pin                                        Limit        Slew       Slack
------------------------------------------------------------------------
_19491_/A1                              0.750000    0.908598   -0.158598 (VIOLATED)
ANTENNA__19491__A1/DIODE                0.750000    0.908598   -0.158598 (VIOLATED)
_18239_/A                               0.750000    0.908596   -0.158596 (VIOLATED)
ANTENNA__18239__A/DIODE                 0.750000    0.908595   -0.158595 (VIOLATED)
_18237_/X                               0.750000    0.908409   -0.158409 (VIOLATED)
_21817_/A                               0.750000    0.789630   -0.039630 (VIOLATED)
ANTENNA__21817__A/DIODE                 0.750000    0.789629   -0.039629 (VIOLATED)
_21769_/Y                               0.750000    0.789479   -0.039479 (VIOLATED)
_13442_/B                               0.750000    0.786558   -0.036558 (VIOLATED)
ANTENNA__13442__B/DIODE                 0.750000    0.786555   -0.036555 (VIOLATED)
_13441_/A_N                             0.750000    0.786555   -0.036555 (VIOLATED)
ANTENNA__13441__A_N/DIODE               0.750000    0.786554   -0.036554 (VIOLATED)
_13440_/Y                               0.750000    0.786377   -0.036377 (VIOLATED)
_13605_/B                               0.750000    0.781943   -0.031943 (VIOLATED)
_13604_/A1                              0.750000    0.781941   -0.031941 (VIOLATED)
ANTENNA__13604__A1/DIODE                0.750000    0.781940   -0.031940 (VIOLATED)
ANTENNA__13605__B/DIODE                 0.750000    0.781938   -0.031938 (VIOLATED)
_13592_/A                               0.750000    0.781748   -0.031748 (VIOLATED)
ANTENNA_11/DIODE                        0.750000    0.781747   -0.031747 (VIOLATED)
ANTENNA_12/DIODE                        0.750000    0.781745   -0.031745 (VIOLATED)
ANTENNA__13592__A/DIODE                 0.750000    0.781745   -0.031745 (VIOLATED)
ANTENNA_10/DIODE                        0.750000    0.781725   -0.031725 (VIOLATED)
_13590_/Y                               0.750000    0.781723   -0.031723 (VIOLATED)
_20910_/A                               0.750000    0.777272   -0.027272 (VIOLATED)
_20909_/A                               0.750000    0.777272   -0.027272 (VIOLATED)
ANTENNA__20909__A/DIODE                 0.750000    0.777271   -0.027271 (VIOLATED)
_20908_/A                               0.750000    0.777271   -0.027271 (VIOLATED)
ANTENNA__20908__A/DIODE                 0.750000    0.777271   -0.027271 (VIOLATED)
ANTENNA__20910__A/DIODE                 0.750000    0.777269   -0.027269 (VIOLATED)
_20906_/Y                               0.750000    0.777099   -0.027099 (VIOLATED)
_13475_/A                               0.750000    0.759199   -0.009199 (VIOLATED)
_13472_/B                               0.750000    0.759198   -0.009198 (VIOLATED)
ANTENNA__13472__B/DIODE                 0.750000    0.759198   -0.009198 (VIOLATED)
ANTENNA__13475__A/DIODE                 0.750000    0.759197   -0.009197 (VIOLATED)
_13464_/X                               0.750000    0.759075   -0.009075 (VIOLATED)

max fanout

Pin                                   Limit Fanout  Slack
---------------------------------------------------------
input139/X                               10     39    -29 (VIOLATED)
fanout542/X                              10     21    -11 (VIOLATED)
_11446_/Y                                10     20    -10 (VIOLATED)
_11543_/Y                                10     20    -10 (VIOLATED)
_11758_/Y                                10     20    -10 (VIOLATED)
_12250_/X                                10     20    -10 (VIOLATED)
_13155_/Y                                10     20    -10 (VIOLATED)
_14753_/Y                                10     20    -10 (VIOLATED)
_15566_/Y                                10     20    -10 (VIOLATED)
_16075_/Y                                10     20    -10 (VIOLATED)
_16517_/Y                                10     20    -10 (VIOLATED)
fanout244/X                              10     20    -10 (VIOLATED)
fanout245/X                              10     20    -10 (VIOLATED)
fanout246/X                              10     20    -10 (VIOLATED)
fanout248/X                              10     20    -10 (VIOLATED)
fanout249/X                              10     20    -10 (VIOLATED)
fanout253/X                              10     20    -10 (VIOLATED)
fanout255/X                              10     20    -10 (VIOLATED)
fanout257/X                              10     20    -10 (VIOLATED)
fanout259/X                              10     20    -10 (VIOLATED)
fanout260/X                              10     20    -10 (VIOLATED)
fanout263/X                              10     20    -10 (VIOLATED)
fanout265/X                              10     20    -10 (VIOLATED)
fanout267/X                              10     20    -10 (VIOLATED)
fanout271/X                              10     20    -10 (VIOLATED)
fanout277/X                              10     20    -10 (VIOLATED)
fanout278/X                              10     20    -10 (VIOLATED)
fanout279/X                              10     20    -10 (VIOLATED)
fanout280/X                              10     20    -10 (VIOLATED)
fanout281/X                              10     20    -10 (VIOLATED)
fanout283/X                              10     20    -10 (VIOLATED)
fanout284/X                              10     20    -10 (VIOLATED)
fanout286/X                              10     20    -10 (VIOLATED)
fanout287/X                              10     20    -10 (VIOLATED)
fanout288/X                              10     20    -10 (VIOLATED)
fanout291/X                              10     20    -10 (VIOLATED)
fanout295/X                              10     20    -10 (VIOLATED)
fanout296/X                              10     20    -10 (VIOLATED)
fanout297/X                              10     20    -10 (VIOLATED)
fanout298/X                              10     20    -10 (VIOLATED)
fanout300/X                              10     20    -10 (VIOLATED)
fanout306/X                              10     20    -10 (VIOLATED)
fanout308/X                              10     20    -10 (VIOLATED)
fanout309/X                              10     20    -10 (VIOLATED)
fanout310/X                              10     20    -10 (VIOLATED)
fanout312/X                              10     20    -10 (VIOLATED)
fanout313/X                              10     20    -10 (VIOLATED)
fanout322/X                              10     20    -10 (VIOLATED)
fanout326/X                              10     20    -10 (VIOLATED)
fanout328/X                              10     20    -10 (VIOLATED)
fanout329/X                              10     20    -10 (VIOLATED)
fanout330/X                              10     20    -10 (VIOLATED)
fanout331/X                              10     20    -10 (VIOLATED)
fanout345/X                              10     20    -10 (VIOLATED)
fanout351/X                              10     20    -10 (VIOLATED)
fanout354/X                              10     20    -10 (VIOLATED)
fanout355/X                              10     20    -10 (VIOLATED)
fanout372/X                              10     20    -10 (VIOLATED)
fanout375/X                              10     20    -10 (VIOLATED)
fanout376/X                              10     20    -10 (VIOLATED)
fanout384/X                              10     20    -10 (VIOLATED)
fanout389/X                              10     20    -10 (VIOLATED)
fanout427/X                              10     20    -10 (VIOLATED)
fanout428/X                              10     20    -10 (VIOLATED)
fanout430/X                              10     20    -10 (VIOLATED)
fanout440/X                              10     20    -10 (VIOLATED)
fanout451/X                              10     20    -10 (VIOLATED)
fanout463/X                              10     20    -10 (VIOLATED)
fanout478/X                              10     20    -10 (VIOLATED)
fanout487/X                              10     20    -10 (VIOLATED)
fanout488/X                              10     20    -10 (VIOLATED)
fanout490/X                              10     20    -10 (VIOLATED)
fanout496/X                              10     20    -10 (VIOLATED)
fanout499/X                              10     20    -10 (VIOLATED)
fanout500/X                              10     20    -10 (VIOLATED)
fanout501/X                              10     20    -10 (VIOLATED)
fanout504/X                              10     20    -10 (VIOLATED)
fanout517/X                              10     20    -10 (VIOLATED)
fanout518/X                              10     20    -10 (VIOLATED)
fanout528/X                              10     20    -10 (VIOLATED)
fanout531/X                              10     20    -10 (VIOLATED)
fanout533/X                              10     20    -10 (VIOLATED)
fanout534/X                              10     20    -10 (VIOLATED)
fanout535/X                              10     20    -10 (VIOLATED)
fanout540/X                              10     20    -10 (VIOLATED)
fanout541/X                              10     20    -10 (VIOLATED)
fanout546/X                              10     20    -10 (VIOLATED)
fanout550/X                              10     20    -10 (VIOLATED)
fanout555/X                              10     20    -10 (VIOLATED)
input174/X                               10     20    -10 (VIOLATED)
input27/X                                10     20    -10 (VIOLATED)
input40/X                                10     20    -10 (VIOLATED)
input67/X                                10     20    -10 (VIOLATED)
input69/X                                10     20    -10 (VIOLATED)
input70/X                                10     20    -10 (VIOLATED)
input95/X                                10     20    -10 (VIOLATED)
_11241_/Y                                10     18     -8 (VIOLATED)
_11299_/Y                                10     18     -8 (VIOLATED)
_11449_/Y                                10     18     -8 (VIOLATED)
_11450_/X                                10     18     -8 (VIOLATED)
_11544_/X                                10     18     -8 (VIOLATED)
_11656_/X                                10     18     -8 (VIOLATED)
_12083_/Y                                10     18     -8 (VIOLATED)
_12314_/X                                10     18     -8 (VIOLATED)
_13074_/X                                10     18     -8 (VIOLATED)
_13655_/Y                                10     18     -8 (VIOLATED)
_13713_/Y                                10     18     -8 (VIOLATED)
_15567_/Y                                10     18     -8 (VIOLATED)
fanout318/X                              10     18     -8 (VIOLATED)
fanout320/X                              10     18     -8 (VIOLATED)
fanout325/X                              10     18     -8 (VIOLATED)
fanout336/X                              10     18     -8 (VIOLATED)
fanout380/X                              10     18     -8 (VIOLATED)
fanout387/X                              10     18     -8 (VIOLATED)
fanout404/X                              10     18     -8 (VIOLATED)
fanout414/X                              10     18     -8 (VIOLATED)
fanout435/X                              10     18     -8 (VIOLATED)
fanout445/X                              10     18     -8 (VIOLATED)
fanout453/X                              10     18     -8 (VIOLATED)
fanout455/X                              10     18     -8 (VIOLATED)
fanout498/X                              10     18     -8 (VIOLATED)
fanout503/X                              10     18     -8 (VIOLATED)
fanout522/X                              10     18     -8 (VIOLATED)
fanout532/X                              10     18     -8 (VIOLATED)
fanout544/X                              10     18     -8 (VIOLATED)
fanout547/X                              10     18     -8 (VIOLATED)
input221/X                               10     18     -8 (VIOLATED)
input26/X                                10     18     -8 (VIOLATED)
input33/X                                10     18     -8 (VIOLATED)
input43/X                                10     18     -8 (VIOLATED)
input62/X                                10     18     -8 (VIOLATED)
input68/X                                10     18     -8 (VIOLATED)
input79/X                                10     18     -8 (VIOLATED)
input86/X                                10     18     -8 (VIOLATED)
input87/X                                10     18     -8 (VIOLATED)
input89/X                                10     18     -8 (VIOLATED)
input94/X                                10     18     -8 (VIOLATED)
_11197_/Y                                10     16     -6 (VIOLATED)
_11203_/Y                                10     16     -6 (VIOLATED)
_11204_/Y                                10     16     -6 (VIOLATED)
_11207_/Y                                10     16     -6 (VIOLATED)
_11250_/Y                                10     16     -6 (VIOLATED)
_11444_/X                                10     16     -6 (VIOLATED)
_11828_/X                                10     16     -6 (VIOLATED)
_12092_/X                                10     16     -6 (VIOLATED)
_12421_/Y                                10     16     -6 (VIOLATED)
_12650_/Y                                10     16     -6 (VIOLATED)
_13709_/X                                10     16     -6 (VIOLATED)
_15196_/Y                                10     16     -6 (VIOLATED)
_15609_/Y                                10     16     -6 (VIOLATED)
_16518_/Y                                10     16     -6 (VIOLATED)
fanout294/X                              10     16     -6 (VIOLATED)
fanout342/X                              10     16     -6 (VIOLATED)
fanout344/X                              10     16     -6 (VIOLATED)
fanout370/X                              10     16     -6 (VIOLATED)
fanout398/X                              10     16     -6 (VIOLATED)
fanout401/X                              10     16     -6 (VIOLATED)
fanout407/X                              10     16     -6 (VIOLATED)
fanout410/X                              10     16     -6 (VIOLATED)
fanout433/X                              10     16     -6 (VIOLATED)
fanout477/X                              10     16     -6 (VIOLATED)
fanout484/X                              10     16     -6 (VIOLATED)
fanout506/X                              10     16     -6 (VIOLATED)
fanout514/X                              10     16     -6 (VIOLATED)
input158/X                               10     16     -6 (VIOLATED)
input210/X                               10     16     -6 (VIOLATED)
input220/X                               10     16     -6 (VIOLATED)
input41/X                                10     16     -6 (VIOLATED)
input77/X                                10     16     -6 (VIOLATED)
input85/X                                10     16     -6 (VIOLATED)
_13154_/X                                10     15     -5 (VIOLATED)
_11211_/Y                                10     14     -4 (VIOLATED)
_11238_/X                                10     14     -4 (VIOLATED)
_11358_/Y                                10     14     -4 (VIOLATED)
_11421_/X                                10     14     -4 (VIOLATED)
_12176_/Y                                10     14     -4 (VIOLATED)
_12177_/X                                10     14     -4 (VIOLATED)
_13325_/Y                                10     14     -4 (VIOLATED)
_14734_/Y                                10     14     -4 (VIOLATED)
_14754_/Y                                10     14     -4 (VIOLATED)
_15237_/Y                                10     14     -4 (VIOLATED)
_15573_/X                                10     14     -4 (VIOLATED)
_16072_/X                                10     14     -4 (VIOLATED)
_16687_/X                                10     14     -4 (VIOLATED)
clkbuf_1_1__f_clk/X                      10     14     -4 (VIOLATED)
fanout334/X                              10     14     -4 (VIOLATED)
fanout348/X                              10     14     -4 (VIOLATED)
fanout359/X                              10     14     -4 (VIOLATED)
fanout432/X                              10     14     -4 (VIOLATED)
fanout486/X                              10     14     -4 (VIOLATED)
fanout494/X                              10     14     -4 (VIOLATED)
fanout508/X                              10     14     -4 (VIOLATED)
fanout537/X                              10     14     -4 (VIOLATED)
fanout553/X                              10     14     -4 (VIOLATED)
input141/X                               10     14     -4 (VIOLATED)
input176/X                               10     14     -4 (VIOLATED)
input28/X                                10     14     -4 (VIOLATED)
input45/X                                10     14     -4 (VIOLATED)
input80/X                                10     14     -4 (VIOLATED)
input92/X                                10     14     -4 (VIOLATED)
input93/X                                10     14     -4 (VIOLATED)
input96/X                                10     14     -4 (VIOLATED)
max_cap275/X                             10     14     -4 (VIOLATED)
_11242_/Y                                10     12     -2 (VIOLATED)
_11323_/X                                10     12     -2 (VIOLATED)
_11342_/X                                10     12     -2 (VIOLATED)
_11343_/Y                                10     12     -2 (VIOLATED)
_11359_/X                                10     12     -2 (VIOLATED)
_11991_/Y                                10     12     -2 (VIOLATED)
_12333_/Y                                10     12     -2 (VIOLATED)
_12334_/X                                10     12     -2 (VIOLATED)
_13235_/Y                                10     12     -2 (VIOLATED)
_13278_/Y                                10     12     -2 (VIOLATED)
_13433_/Y                                10     12     -2 (VIOLATED)
_13447_/Y                                10     12     -2 (VIOLATED)
_13465_/X                                10     12     -2 (VIOLATED)
_13490_/Y                                10     12     -2 (VIOLATED)
_13521_/Y                                10     12     -2 (VIOLATED)
_14674_/X                                10     12     -2 (VIOLATED)
_14841_/X                                10     12     -2 (VIOLATED)
_15027_/Y                                10     12     -2 (VIOLATED)
_15351_/Y                                10     12     -2 (VIOLATED)
_15610_/X                                10     12     -2 (VIOLATED)
_16608_/X                                10     12     -2 (VIOLATED)
fanout262/X                              10     12     -2 (VIOLATED)
fanout268/X                              10     12     -2 (VIOLATED)
fanout339/X                              10     12     -2 (VIOLATED)
fanout366/X                              10     12     -2 (VIOLATED)
fanout371/X                              10     12     -2 (VIOLATED)
fanout392/X                              10     12     -2 (VIOLATED)
fanout396/X                              10     12     -2 (VIOLATED)
fanout415/X                              10     12     -2 (VIOLATED)
fanout418/X                              10     12     -2 (VIOLATED)
fanout516/X                              10     12     -2 (VIOLATED)
fanout527/X                              10     12     -2 (VIOLATED)
input159/X                               10     12     -2 (VIOLATED)
input63/X                                10     12     -2 (VIOLATED)
input90/X                                10     12     -2 (VIOLATED)
input91/X                                10     12     -2 (VIOLATED)
max_cap276/X                             10     12     -2 (VIOLATED)
fanout254/X                              10     11        (VIOLATED)
fanout524/X                              10     11        (VIOLATED)

max capacitance

Pin                                        Limit         Cap       Slack
------------------------------------------------------------------------
input139/X                              0.200000    0.206821   -0.006821 (VIOLATED)



===========================================================================
report_parasitic_annotation -report_unannotated
============================================================================
Found 23 unannotated drivers.
 input_data[127]
 input_data[191]
 input_data[207]
 input_data[208]
 input_data[209]
 input_data[210]
 input_data[211]
 input_data[212]
 input_data[213]
 input_data[214]
 input_data[215]
 input_data[216]
 input_data[217]
 input_data[218]
 input_data[219]
 input_data[220]
 input_data[221]
 input_data[222]
 input_data[223]
 input_data[238]
 input_data[239]
 input_data[63]
 input_data[79]
Found 0 partially unannotated drivers.

===========================================================================
max slew violation count 35
max fanout violation count 242
max cap violation count 1
============================================================================

===========================================================================
check_setup -verbose -unconstrained_endpoints -multiple_clock -no_clock -no_input_delay -loops -generated_clocks
===========================================================================
