
===========================================================================
report_checks -unconstrained
===========================================================================
======================= max_ff_n40C_1v95 Corner ===================================

Startpoint: reset (input port clocked by clk)
Endpoint: _498_ (recovery check against rising-edge clock clk)
Path Group: asynchronous
Path Type: max

Fanout         Cap        Slew       Delay        Time   Description
---------------------------------------------------------------------------------------------
                                  0.000000    0.000000   clock clk (rise edge)
                                  0.000000    0.000000   clock network delay (propagated)
                                  5.000000    5.000000 v input external delay
     2    0.003623    0.005926    0.003044    5.003044 v reset (in)
                                                         reset (net)
                      0.005931    0.000000    5.003044 v input17/A (sky130_fd_sc_hd__buf_2)
     2    0.043063    0.077899    0.114083    5.117127 v input17/X (sky130_fd_sc_hd__buf_2)
                                                         net17 (net)
                      0.080179    0.010574    5.127701 v fanout293/A (sky130_fd_sc_hd__buf_6)
    16    0.119211    0.070873    0.125382    5.253083 v fanout293/X (sky130_fd_sc_hd__buf_6)
                                                         net293 (net)
                      0.071154    0.004630    5.257713 v fanout267/A (sky130_fd_sc_hd__buf_4)
    18    0.073489    0.072202    0.152632    5.410345 v fanout267/X (sky130_fd_sc_hd__buf_4)
                                                         net267 (net)
                      0.074063    0.009157    5.419502 v fanout266/A (sky130_fd_sc_hd__buf_4)
    18    0.063734    0.069365    0.145847    5.565349 v fanout266/X (sky130_fd_sc_hd__buf_4)
                                                         net266 (net)
                      0.071072    0.008689    5.574039 v fanout265/A (sky130_fd_sc_hd__buf_4)
    20    0.072248    0.071102    0.152572    5.726611 v fanout265/X (sky130_fd_sc_hd__buf_4)
                                                         net265 (net)
                      0.071682    0.005149    5.731760 v _303_/A (sky130_fd_sc_hd__inv_2)
     1    0.004094    0.027775    0.044539    5.776298 ^ _303_/Y (sky130_fd_sc_hd__inv_2)
                                                         _018_ (net)
                      0.027778    0.000220    5.776518 ^ _498_/RESET_B (sky130_fd_sc_hd__dfrtp_1)
                                              5.776518   data arrival time

                                 25.000000   25.000000   clock clk (rise edge)
                                  0.000000   25.000000   clock source latency
     2    0.084508    0.284791    0.207139   25.207138 ^ clk (in)
                                                         clk (net)
                      0.285839    0.000000   25.207138 ^ clkbuf_0_clk/A (sky130_fd_sc_hd__clkbuf_16)
     4    0.055576    0.060830    0.150319   25.357458 ^ clkbuf_0_clk/X (sky130_fd_sc_hd__clkbuf_16)
                                                         clknet_0_clk (net)
                      0.061805    0.005931   25.363388 ^ clkbuf_1_0__f_clk/A (sky130_fd_sc_hd__clkbuf_16)
    16    0.109359    0.097125    0.136097   25.499485 ^ clkbuf_1_0__f_clk/X (sky130_fd_sc_hd__clkbuf_16)
                                                         clknet_1_0__leaf_clk (net)
                      0.101867    0.016762   25.516247 ^ clkbuf_leaf_13_clk/A (sky130_fd_sc_hd__clkbuf_8)
     9    0.036812    0.057986    0.122300   25.638548 ^ clkbuf_leaf_13_clk/X (sky130_fd_sc_hd__clkbuf_8)
                                                         clknet_leaf_13_clk (net)
                      0.058168    0.002588   25.641136 ^ _498_/CLK (sky130_fd_sc_hd__dfrtp_1)
                                 -0.250000   25.391136   clock uncertainty
                                  0.000000   25.391136   clock reconvergence pessimism
                                  0.148319   25.539455   library recovery time
                                             25.539455   data required time
---------------------------------------------------------------------------------------------
                                             25.539455   data required time
                                             -5.776518   data arrival time
---------------------------------------------------------------------------------------------
                                             19.762938   slack (MET)


Startpoint: _706_ (rising edge-triggered flip-flop clocked by clk)
Endpoint: output_ai[4] (output port clocked by clk)
Path Group: clk
Path Type: max

Fanout         Cap        Slew       Delay        Time   Description
---------------------------------------------------------------------------------------------
                                  0.000000    0.000000   clock clk (rise edge)
                                  0.000000    0.000000   clock source latency
     2    0.084508    0.284791    0.207139    0.207139 ^ clk (in)
                                                         clk (net)
                      0.285839    0.000000    0.207139 ^ clkbuf_0_clk/A (sky130_fd_sc_hd__clkbuf_16)
     4    0.055576    0.060830    0.150320    0.357459 ^ clkbuf_0_clk/X (sky130_fd_sc_hd__clkbuf_16)
                                                         clknet_0_clk (net)
                      0.061805    0.005931    0.363389 ^ clkbuf_1_0__f_clk/A (sky130_fd_sc_hd__clkbuf_16)
    16    0.109359    0.097125    0.136098    0.499487 ^ clkbuf_1_0__f_clk/X (sky130_fd_sc_hd__clkbuf_16)
                                                         clknet_1_0__leaf_clk (net)
                      0.101163    0.015468    0.514956 ^ clkbuf_leaf_2_clk/A (sky130_fd_sc_hd__clkbuf_8)
    26    0.076935    0.107194    0.155959    0.670914 ^ clkbuf_leaf_2_clk/X (sky130_fd_sc_hd__clkbuf_8)
                                                         clknet_leaf_2_clk (net)
                      0.107969    0.007325    0.678239 ^ _706_/CLK (sky130_fd_sc_hd__dfrtp_4)
     4    0.042413    0.080279    0.355421    1.033660 v _706_/Q (sky130_fd_sc_hd__dfrtp_4)
                                                         net202 (net)
                      0.081683    0.007873    1.041532 v output202/A (sky130_fd_sc_hd__clkbuf_4)
     1    0.034452    0.056880    0.143788    1.185320 v output202/X (sky130_fd_sc_hd__clkbuf_4)
                                                         output_ai[4] (net)
                      0.056949    0.001621    1.186942 v output_ai[4] (out)
                                              1.186942   data arrival time

                                 25.000000   25.000000   clock clk (rise edge)
                                  0.000000   25.000000   clock network delay (propagated)
                                 -0.250000   24.750000   clock uncertainty
                                  0.000000   24.750000   clock reconvergence pessimism
                                 -5.000000   19.750000   output external delay
                                             19.750000   data required time
---------------------------------------------------------------------------------------------
                                             19.750000   data required time
                                             -1.186942   data arrival time
---------------------------------------------------------------------------------------------
                                             18.563057   slack (MET)




===========================================================================
report_checks --slack_max -0.01
============================================================================
======================= max_ff_n40C_1v95 Corner ===================================

No paths found.


===========================================================================
 report_check_types -max_slew -max_cap -max_fanout -violators
============================================================================
======================= max_ff_n40C_1v95 Corner ===================================

max fanout

Pin                                   Limit Fanout  Slack
---------------------------------------------------------
clkbuf_leaf_0_clk/X                      10     50    -40 (VIOLATED)
clkbuf_leaf_4_clk/X                      10     48    -38 (VIOLATED)
clkbuf_leaf_6_clk/X                      10     44    -34 (VIOLATED)
clkbuf_leaf_7_clk/X                      10     42    -32 (VIOLATED)
clkbuf_leaf_12_clk/X                     10     40    -30 (VIOLATED)
clkbuf_leaf_8_clk/X                      10     40    -30 (VIOLATED)
clkbuf_leaf_11_clk/X                     10     38    -28 (VIOLATED)
clkbuf_leaf_5_clk/X                      10     38    -28 (VIOLATED)
clkbuf_leaf_1_clk/X                      10     34    -24 (VIOLATED)
clkbuf_leaf_9_clk/X                      10     32    -22 (VIOLATED)
clkbuf_leaf_2_clk/X                      10     26    -16 (VIOLATED)
clkbuf_leaf_10_clk/X                     10     24    -14 (VIOLATED)
fanout265/X                              10     20    -10 (VIOLATED)
fanout268/X                              10     20    -10 (VIOLATED)
fanout276/X                              10     20    -10 (VIOLATED)
fanout278/X                              10     20    -10 (VIOLATED)
fanout280/X                              10     20    -10 (VIOLATED)
fanout286/X                              10     20    -10 (VIOLATED)
fanout287/X                              10     20    -10 (VIOLATED)
fanout288/X                              10     20    -10 (VIOLATED)
fanout289/X                              10     20    -10 (VIOLATED)
fanout266/X                              10     18     -8 (VIOLATED)
fanout267/X                              10     18     -8 (VIOLATED)
fanout272/X                              10     18     -8 (VIOLATED)
fanout275/X                              10     18     -8 (VIOLATED)
clkbuf_1_0__f_clk/X                      10     16     -6 (VIOLATED)
fanout292/X                              10     16     -6 (VIOLATED)
fanout293/X                              10     16     -6 (VIOLATED)
fanout279/X                              10     14     -4 (VIOLATED)
input1/X                                 10     14     -4 (VIOLATED)
clkbuf_1_1__f_clk/X                      10     12     -2 (VIOLATED)
input10/X                                10     11        (VIOLATED)
input11/X                                10     11        (VIOLATED)
input8/X                                 10     11        (VIOLATED)
input9/X                                 10     11        (VIOLATED)



===========================================================================
report_parasitic_annotation -report_unannotated
============================================================================
Found 0 unannotated drivers.
Found 0 partially unannotated drivers.

===========================================================================
max slew violation count 0
max fanout violation count 35
max cap violation count 0
============================================================================

===========================================================================
check_setup -verbose -unconstrained_endpoints -multiple_clock -no_clock -no_input_delay -loops -generated_clocks
===========================================================================
