
===========================================================================
 report_power
============================================================================
======================= min_ff_n40C_1v95 Corner ===================================

Group                    Internal    Switching      Leakage        Total
                            Power        Power        Power        Power (Watts)
------------------------------------------------------------------------
Sequential           5.604265e-05 6.172923e-05 2.767626e-10 1.177722e-04   0.4%
Combinational        1.337990e-02 1.983368e-02 1.622443e-07 3.321375e-02  99.5%
Clock                2.402617e-05 1.354901e-05 4.551285e-08 3.762069e-05   0.1%
Macro                0.000000e+00 0.000000e+00 0.000000e+00 0.000000e+00   0.0%
Pad                  0.000000e+00 0.000000e+00 0.000000e+00 0.000000e+00   0.0%
------------------------------------------------------------------------
Total                1.345997e-02 1.990896e-02 2.080347e-07 3.336914e-02 100.0%
                            40.3%        59.7%         0.0%

