
===========================================================================
report_checks -unconstrained
===========================================================================
======================= nom_tt_025C_1v80 Corner ===================================

Startpoint: rst (input port clocked by clk)
Endpoint: _65592_ (recovery check against rising-edge clock clk)
Path Group: asynchronous
Path Type: max

Fanout         Cap        Slew       Delay        Time   Description
---------------------------------------------------------------------------------------------
                                  0.000000    0.000000   clock clk (rise edge)
                                  0.000000    0.000000   clock network delay (propagated)
                                  5.000000    5.000000 v input external delay
     1    0.002588    0.008138    0.004077    5.004077 v rst (in)
                                                         rst (net)
                      0.008138    0.000000    5.004077 v input17/A (sky130_fd_sc_hd__buf_1)
     1    0.010670    0.068238    0.107354    5.111431 v input17/X (sky130_fd_sc_hd__buf_1)
                                                         net17 (net)
                      0.068242    0.000434    5.111865 v fanout1190/A (sky130_fd_sc_hd__buf_12)
    11    0.278841    0.122116    0.193592    5.305457 v fanout1190/X (sky130_fd_sc_hd__buf_12)
                                                         net1190 (net)
                      0.208786    0.083486    5.388942 v fanout1174/A (sky130_fd_sc_hd__clkbuf_8)
     5    0.131686    0.142238    0.304184    5.693126 v fanout1174/X (sky130_fd_sc_hd__clkbuf_8)
                                                         net1174 (net)
                      0.144641    0.014732    5.707859 v fanout1173/A (sky130_fd_sc_hd__clkbuf_4)
     7    0.063485    0.130898    0.264237    5.972095 v fanout1173/X (sky130_fd_sc_hd__clkbuf_4)
                                                         net1173 (net)
                      0.130917    0.001363    5.973458 v fanout1171/A (sky130_fd_sc_hd__buf_2)
     5    0.038161    0.095328    0.225499    6.198956 v fanout1171/X (sky130_fd_sc_hd__buf_2)
                                                         net1171 (net)
                      0.095331    0.000455    6.199412 v fanout1169/A (sky130_fd_sc_hd__clkbuf_4)
     8    0.052430    0.109539    0.232490    6.431901 v fanout1169/X (sky130_fd_sc_hd__clkbuf_4)
                                                         net1169 (net)
                      0.109582    0.001784    6.433685 v fanout1168/A (sky130_fd_sc_hd__buf_4)
    10    0.058902    0.083457    0.222435    6.656120 v fanout1168/X (sky130_fd_sc_hd__buf_4)
                                                         net1168 (net)
                      0.083516    0.001823    6.657943 v _65111_/A (sky130_fd_sc_hd__inv_2)
     1    0.004405    0.035713    0.060712    6.718655 ^ _65111_/Y (sky130_fd_sc_hd__inv_2)
                                                         _00188_ (net)
                      0.035713    0.000095    6.718750 ^ _65592_/RESET_B (sky130_fd_sc_hd__dfrtp_1)
                                              6.718750   data arrival time

                                 25.000000   25.000000   clock clk (rise edge)
                                  0.000000   25.000000   clock source latency
     2    0.118322    0.531636    0.374413   25.374413 ^ clk (in)
                                                         clk (net)
                      0.532036    0.000000   25.374413 ^ clkbuf_0_clk/A (sky130_fd_sc_hd__clkbuf_16)
     5    0.159631    0.175065    0.345050   25.719463 ^ clkbuf_0_clk/X (sky130_fd_sc_hd__clkbuf_16)
                                                         clknet_0_clk (net)
                      0.176483    0.012591   25.732054 ^ clkbuf_2_2_0_clk/A (sky130_fd_sc_hd__clkbuf_8)
     4    0.099646    0.177123    0.266573   25.998627 ^ clkbuf_2_2_0_clk/X (sky130_fd_sc_hd__clkbuf_8)
                                                         clknet_2_2_0_clk (net)
                      0.177680    0.008184   26.006809 ^ clkbuf_4_9__f_clk/A (sky130_fd_sc_hd__clkbuf_16)
     8    0.076444    0.094526    0.212854   26.219664 ^ clkbuf_4_9__f_clk/X (sky130_fd_sc_hd__clkbuf_16)
                                                         clknet_4_9__leaf_clk (net)
                      0.094677    0.003093   26.222755 ^ _65592_/CLK (sky130_fd_sc_hd__dfrtp_1)
                                 -0.250000   25.972757   clock uncertainty
                                  0.000000   25.972757   clock reconvergence pessimism
                                  0.247948   26.220705   library recovery time
                                             26.220705   data required time
---------------------------------------------------------------------------------------------
                                             26.220705   data required time
                                             -6.718750   data arrival time
---------------------------------------------------------------------------------------------
                                             19.501955   slack (MET)


Startpoint: _65747_ (rising edge-triggered flip-flop clocked by clk)
Endpoint: _65688_ (rising edge-triggered flip-flop clocked by clk)
Path Group: clk
Path Type: max

Fanout         Cap        Slew       Delay        Time   Description
---------------------------------------------------------------------------------------------
                                  0.000000    0.000000   clock clk (rise edge)
                                  0.000000    0.000000   clock source latency
     2    0.118322    0.531636    0.374413    0.374413 ^ clk (in)
                                                         clk (net)
                      0.532036    0.000000    0.374413 ^ clkbuf_0_clk/A (sky130_fd_sc_hd__clkbuf_16)
     5    0.159631    0.175065    0.345050    0.719463 ^ clkbuf_0_clk/X (sky130_fd_sc_hd__clkbuf_16)
                                                         clknet_0_clk (net)
                      0.177205    0.015397    0.734860 ^ clkbuf_2_3_0_clk/A (sky130_fd_sc_hd__clkbuf_8)
     4    0.114981    0.201557    0.288951    1.023811 ^ clkbuf_2_3_0_clk/X (sky130_fd_sc_hd__clkbuf_8)
                                                         clknet_2_3_0_clk (net)
                      0.201735    0.004928    1.028739 ^ clkbuf_4_12__f_clk/A (sky130_fd_sc_hd__clkbuf_16)
    12    0.116482    0.130838    0.248511    1.277250 ^ clkbuf_4_12__f_clk/X (sky130_fd_sc_hd__clkbuf_16)
                                                         clknet_4_12__leaf_clk (net)
                      0.131040    0.004145    1.281395 ^ clkbuf_leaf_30_clk/A (sky130_fd_sc_hd__clkbuf_8)
     6    0.023173    0.056103    0.167485    1.448880 ^ clkbuf_leaf_30_clk/X (sky130_fd_sc_hd__clkbuf_8)
                                                         clknet_leaf_30_clk (net)
                      0.056113    0.000572    1.449452 ^ _65747_/CLK (sky130_fd_sc_hd__dfrtp_4)
     4    0.096373    0.281485    0.593299    2.042751 ^ _65747_/Q (sky130_fd_sc_hd__dfrtp_4)
                                                         lowshift.data[48] (net)
                      0.281816    0.007893    2.050644 ^ fanout648/A (sky130_fd_sc_hd__clkbuf_4)
     6    0.068691    0.208519    0.335441    2.386085 ^ fanout648/X (sky130_fd_sc_hd__clkbuf_4)
                                                         net648 (net)
                      0.208530    0.001327    2.387412 ^ fanout647/A (sky130_fd_sc_hd__clkbuf_2)
     6    0.039841    0.218493    0.277250    2.664662 ^ fanout647/X (sky130_fd_sc_hd__clkbuf_2)
                                                         net647 (net)
                      0.218514    0.001788    2.666450 ^ fanout645/A (sky130_fd_sc_hd__buf_4)
    10    0.069855    0.195009    0.274890    2.941340 ^ fanout645/X (sky130_fd_sc_hd__buf_4)
                                                         net645 (net)
                      0.195168    0.004602    2.945942 ^ _45670_/A (sky130_fd_sc_hd__xor2_4)
     4    0.103284    0.719801    0.618940    3.564882 ^ _45670_/X (sky130_fd_sc_hd__xor2_4)
                                                         _04823_ (net)
                      0.719812    0.002385    3.567267 ^ fanout176/A (sky130_fd_sc_hd__buf_8)
    12    0.202939    0.326867    0.360378    3.927645 ^ fanout176/X (sky130_fd_sc_hd__buf_8)
                                                         net176 (net)
                      0.327117    0.008054    3.935700 ^ fanout174/A (sky130_fd_sc_hd__buf_4)
    10    0.077374    0.215245    0.313415    4.249115 ^ fanout174/X (sky130_fd_sc_hd__buf_4)
                                                         net174 (net)
                      0.215591    0.007054    4.256168 ^ _48043_/A (sky130_fd_sc_hd__xnor2_1)
     3    0.010969    0.110345    0.156266    4.412435 v _48043_/Y (sky130_fd_sc_hd__xnor2_1)
                                                         _07433_ (net)
                      0.110345    0.000166    4.412600 v _48148_/B (sky130_fd_sc_hd__nor2_1)
     3    0.009391    0.184197    0.187216    4.599816 ^ _48148_/Y (sky130_fd_sc_hd__nor2_1)
                                                         _07549_ (net)
                      0.184197    0.000218    4.600033 ^ _48149_/B (sky130_fd_sc_hd__nor2_1)
     1    0.004916    0.064146    0.074469    4.674502 v _48149_/Y (sky130_fd_sc_hd__nor2_1)
                                                         _07550_ (net)
                      0.064146    0.000101    4.674603 v _48150_/B (sky130_fd_sc_hd__xnor2_1)
     2    0.011153    0.279384    0.259758    4.934361 ^ _48150_/Y (sky130_fd_sc_hd__xnor2_1)
                                                         _07551_ (net)
                      0.279384    0.000310    4.934671 ^ _48152_/B (sky130_fd_sc_hd__xnor2_2)
     2    0.011610    0.083992    0.126160    5.060831 v _48152_/Y (sky130_fd_sc_hd__xnor2_2)
                                                         _07553_ (net)
                      0.083993    0.000310    5.061141 v _48153_/B (sky130_fd_sc_hd__xnor2_2)
     2    0.018824    0.275741    0.257578    5.318718 ^ _48153_/Y (sky130_fd_sc_hd__xnor2_2)
                                                         _07554_ (net)
                      0.275741    0.000226    5.318944 ^ _48154_/A_N (sky130_fd_sc_hd__and2b_1)
     1    0.003017    0.034705    0.219653    5.538597 v _48154_/X (sky130_fd_sc_hd__and2b_1)
                                                         _07555_ (net)
                      0.034705    0.000092    5.538690 v _48287_/B1 (sky130_fd_sc_hd__a21o_2)
     2    0.020574    0.074217    0.228319    5.767009 v _48287_/X (sky130_fd_sc_hd__a21o_2)
                                                         _07701_ (net)
                      0.074218    0.000253    5.767262 v _48405_/A1 (sky130_fd_sc_hd__a21o_2)
     2    0.020406    0.074014    0.242417    6.009679 v _48405_/X (sky130_fd_sc_hd__a21o_2)
                                                         _07830_ (net)
                      0.074019    0.000476    6.010155 v _48463_/A1 (sky130_fd_sc_hd__a21o_2)
     2    0.022082    0.077498    0.246092    6.256247 v _48463_/X (sky130_fd_sc_hd__a21o_2)
                                                         _07894_ (net)
                      0.077504    0.000579    6.256826 v _48489_/A (sky130_fd_sc_hd__xor2_4)
     2    0.054607    0.405403    0.391728    6.648554 ^ _48489_/X (sky130_fd_sc_hd__xor2_4)
                                                         _07923_ (net)
                      0.405433    0.002855    6.651410 ^ _48534_/A (sky130_fd_sc_hd__nand3_2)
     3    0.019742    0.178645    0.207821    6.859230 v _48534_/Y (sky130_fd_sc_hd__nand3_2)
                                                         _07972_ (net)
                      0.178652    0.000908    6.860138 v _48536_/B (sky130_fd_sc_hd__and3_1)
     3    0.011571    0.073426    0.260311    7.120450 v _48536_/X (sky130_fd_sc_hd__and3_1)
                                                         _07974_ (net)
                      0.073428    0.000242    7.120691 v _48548_/B1 (sky130_fd_sc_hd__a211o_1)
     3    0.013879    0.096207    0.330918    7.451609 v _48548_/X (sky130_fd_sc_hd__a211o_1)
                                                         _07988_ (net)
                      0.096210    0.000463    7.452071 v _48551_/A1 (sky130_fd_sc_hd__a21o_1)
     2    0.006467    0.048649    0.188349    7.640420 v _48551_/X (sky130_fd_sc_hd__a21o_1)
                                                         _07991_ (net)
                      0.048650    0.000158    7.640578 v _48570_/A2 (sky130_fd_sc_hd__a21o_1)
     2    0.007606    0.053816    0.195689    7.836267 v _48570_/X (sky130_fd_sc_hd__a21o_1)
                                                         _08012_ (net)
                      0.053816    0.000170    7.836437 v _48572_/A2 (sky130_fd_sc_hd__a21o_1)
     2    0.009816    0.061782    0.207766    8.044203 v _48572_/X (sky130_fd_sc_hd__a21o_1)
                                                         _08014_ (net)
                      0.061785    0.000334    8.044537 v _48596_/A2 (sky130_fd_sc_hd__a211o_1)
     2    0.007893    0.072428    0.321523    8.366060 v _48596_/X (sky130_fd_sc_hd__a211o_1)
                                                         _08040_ (net)
                      0.072430    0.000316    8.366376 v _48597_/C (sky130_fd_sc_hd__and3_1)
     3    0.014325    0.084955    0.237067    8.603443 v _48597_/X (sky130_fd_sc_hd__and3_1)
                                                         _08042_ (net)
                      0.084957    0.000346    8.603790 v _48625_/A1 (sky130_fd_sc_hd__o211a_1)
     2    0.006622    0.055829    0.252161    8.855951 v _48625_/X (sky130_fd_sc_hd__o211a_1)
                                                         _08072_ (net)
                      0.055829    0.000125    8.856076 v _48626_/C (sky130_fd_sc_hd__nor3_1)
     3    0.011650    0.374250    0.306265    9.162341 ^ _48626_/Y (sky130_fd_sc_hd__nor3_1)
                                                         _08073_ (net)
                      0.374250    0.000322    9.162663 ^ _48657_/B1 (sky130_fd_sc_hd__a211oi_1)
     3    0.006982    0.107821    0.125880    9.288544 v _48657_/Y (sky130_fd_sc_hd__a211oi_1)
                                                         _08108_ (net)
                      0.107821    0.000187    9.288730 v _48659_/B (sky130_fd_sc_hd__or3_2)
     4    0.015694    0.116428    0.528603    9.817333 v _48659_/X (sky130_fd_sc_hd__or3_2)
                                                         _08110_ (net)
                      0.116436    0.000676    9.818009 v _48728_/A (sky130_fd_sc_hd__and3_1)
     3    0.010136    0.067530    0.204452   10.022461 v _48728_/X (sky130_fd_sc_hd__and3_1)
                                                         _08186_ (net)
                      0.067532    0.000317   10.022779 v _54768_/B1 (sky130_fd_sc_hd__a21o_1)
     2    0.011641    0.069097    0.195952   10.218730 v _54768_/X (sky130_fd_sc_hd__a21o_1)
                                                         _14828_ (net)
                      0.069101    0.000442   10.219172 v _56850_/A2 (sky130_fd_sc_hd__a21o_1)
     3    0.007837    0.054905    0.204972   10.424145 v _56850_/X (sky130_fd_sc_hd__a21o_1)
                                                         _17117_ (net)
                      0.054905    0.000101   10.424246 v _59800_/A2 (sky130_fd_sc_hd__a21o_1)
     3    0.020034    0.103680    0.245191   10.669437 v _59800_/X (sky130_fd_sc_hd__a21o_1)
                                                         _20360_ (net)
                      0.103692    0.000942   10.670380 v _61466_/A2 (sky130_fd_sc_hd__a21o_1)
     3    0.015203    0.083491    0.246948   10.917328 v _61466_/X (sky130_fd_sc_hd__a21o_1)
                                                         _22191_ (net)
                      0.083494    0.000414   10.917742 v _63378_/A1 (sky130_fd_sc_hd__a221oi_1)
     1    0.003960    0.255862    0.293407   11.211149 ^ _63378_/Y (sky130_fd_sc_hd__a221oi_1)
                                                         _24293_ (net)
                      0.255862    0.000119   11.211267 ^ _63379_/B1 (sky130_fd_sc_hd__a311o_1)
     1    0.031258    0.338018    0.368256   11.579523 ^ _63379_/X (sky130_fd_sc_hd__a311o_1)
                                                         _24294_ (net)
                      0.338024    0.001226   11.580750 ^ _63584_/B1 (sky130_fd_sc_hd__o211a_1)
     1    0.015516    0.140585    0.281994   11.862743 ^ _63584_/X (sky130_fd_sc_hd__o211a_1)
                                                         _24519_ (net)
                      0.140597    0.001084   11.863828 ^ _63877_/A1 (sky130_fd_sc_hd__o21ai_1)
     1    0.014746    0.131156    0.158466   12.022294 v _63877_/Y (sky130_fd_sc_hd__o21ai_1)
                                                         _24842_ (net)
                      0.131169    0.001045   12.023339 v _64248_/A1 (sky130_fd_sc_hd__a22o_1)
     1    0.008863    0.067137    0.266976   12.290315 v _64248_/X (sky130_fd_sc_hd__a22o_1)
                                                         _25250_ (net)
                      0.067142    0.000473   12.290789 v _64382_/B2 (sky130_fd_sc_hd__a2bb2o_1)
     1    0.020369    0.130408    0.335732   12.626520 v _64382_/X (sky130_fd_sc_hd__a2bb2o_1)
                                                         _25397_ (net)
                      0.130432    0.001475   12.627995 v _64447_/A2 (sky130_fd_sc_hd__a211oi_2)
     1    0.017452    0.358550    0.401951   13.029947 ^ _64447_/Y (sky130_fd_sc_hd__a211oi_2)
                                                         _25469_ (net)
                      0.358557    0.001265   13.031212 ^ _64574_/A1 (sky130_fd_sc_hd__o221ai_2)
     1    0.007815    0.101702    0.175703   13.206915 v _64574_/Y (sky130_fd_sc_hd__o221ai_2)
                                                         _25608_ (net)
                      0.101702    0.000297   13.207211 v _64610_/A1 (sky130_fd_sc_hd__a21oi_1)
     1    0.002725    0.102863    0.139071   13.346283 ^ _64610_/Y (sky130_fd_sc_hd__a21oi_1)
                                                         _00492_ (net)
                      0.102863    0.000083   13.346365 ^ _65688_/D (sky130_fd_sc_hd__dfxtp_1)
                                             13.346365   data arrival time

                                 25.000000   25.000000   clock clk (rise edge)
                                  0.000000   25.000000   clock source latency
     2    0.118322    0.531636    0.374413   25.374413 ^ clk (in)
                                                         clk (net)
                      0.532036    0.000000   25.374413 ^ clkbuf_0_clk/A (sky130_fd_sc_hd__clkbuf_16)
     5    0.159631    0.175065    0.345050   25.719463 ^ clkbuf_0_clk/X (sky130_fd_sc_hd__clkbuf_16)
                                                         clknet_0_clk (net)
                      0.177205    0.015396   25.734859 ^ clkbuf_2_3_0_clk/A (sky130_fd_sc_hd__clkbuf_8)
     4    0.114981    0.201557    0.288951   26.023809 ^ clkbuf_2_3_0_clk/X (sky130_fd_sc_hd__clkbuf_8)
                                                         clknet_2_3_0_clk (net)
                      0.202088    0.008395   26.032206 ^ clkbuf_4_13__f_clk/A (sky130_fd_sc_hd__clkbuf_16)
    10    0.116539    0.130890    0.248612   26.280817 ^ clkbuf_4_13__f_clk/X (sky130_fd_sc_hd__clkbuf_16)
                                                         clknet_4_13__leaf_clk (net)
                      0.131185    0.004988   26.285805 ^ clkbuf_leaf_25_clk/A (sky130_fd_sc_hd__clkbuf_8)
     2    0.005700    0.030701    0.141760   26.427565 ^ clkbuf_leaf_25_clk/X (sky130_fd_sc_hd__clkbuf_8)
                                                         clknet_leaf_25_clk (net)
                      0.030701    0.000087   26.427652 ^ _65688_/CLK (sky130_fd_sc_hd__dfxtp_1)
                                 -0.250000   26.177652   clock uncertainty
                                  0.000000   26.177652   clock reconvergence pessimism
                                 -0.069446   26.108206   library setup time
                                             26.108206   data required time
---------------------------------------------------------------------------------------------
                                             26.108206   data required time
                                            -13.346365   data arrival time
---------------------------------------------------------------------------------------------
                                             12.761841   slack (MET)




===========================================================================
report_checks --slack_max -0.01
============================================================================
======================= nom_tt_025C_1v80 Corner ===================================

No paths found.


===========================================================================
 report_check_types -max_slew -max_cap -max_fanout -violators
============================================================================
======================= nom_tt_025C_1v80 Corner ===================================

max slew

Pin                                        Limit        Slew       Slack
------------------------------------------------------------------------
_53228_/A                               0.750000    0.854471   -0.104471 (VIOLATED)
_53227_/A_N                             0.750000    0.854471   -0.104471 (VIOLATED)
_53514_/A                               0.750000    0.854467   -0.104467 (VIOLATED)
_53515_/A                               0.750000    0.854467   -0.104467 (VIOLATED)
_53224_/Y                               0.750000    0.854455   -0.104455 (VIOLATED)
_52215_/B                               0.750000    0.801803   -0.051803 (VIOLATED)
_52219_/A2                              0.750000    0.801803   -0.051803 (VIOLATED)
_52214_/Y                               0.750000    0.801606   -0.051606 (VIOLATED)
_49938_/A2                              0.750000    0.780916   -0.030916 (VIOLATED)
_49948_/B                               0.750000    0.780903   -0.030903 (VIOLATED)
_49937_/X                               0.750000    0.780142   -0.030142 (VIOLATED)
_63887_/A                               0.750000    0.766131   -0.016131 (VIOLATED)
_58576_/B                               0.750000    0.760519   -0.010519 (VIOLATED)
_60804_/A2                              0.750000    0.760511   -0.010511 (VIOLATED)
_58575_/Y                               0.750000    0.760499   -0.010499 (VIOLATED)
_52253_/B                               0.750000    0.750528   -0.000528 (VIOLATED)
_52243_/A2                              0.750000    0.750528   -0.000528 (VIOLATED)
_52242_/X                               0.750000    0.750308   -0.000308 (VIOLATED)

max fanout

Pin                                   Limit Fanout  Slack
---------------------------------------------------------
input11/X                                10     19     -9 (VIOLATED)
fanout1040/X                             10     17     -7 (VIOLATED)
input10/X                                10     17     -7 (VIOLATED)
input9/X                                 10     17     -7 (VIOLATED)
_45178_/X                                10     16     -6 (VIOLATED)
_65454_/Q                                10     16     -6 (VIOLATED)
fanout343/X                              10     16     -6 (VIOLATED)
fanout349/X                              10     16     -6 (VIOLATED)
fanout252/X                              10     15     -5 (VIOLATED)
clkbuf_leaf_76_clk/X                     10     14     -4 (VIOLATED)
clkbuf_leaf_95_clk/X                     10     14     -4 (VIOLATED)
fanout249/X                              10     14     -4 (VIOLATED)
fanout356/X                              10     14     -4 (VIOLATED)
fanout789/X                              10     14     -4 (VIOLATED)
fanout791/X                              10     14     -4 (VIOLATED)
wire48/X                                 10     14     -4 (VIOLATED)
clkbuf_leaf_119_clk/X                    10     13     -3 (VIOLATED)
fanout594/X                              10     13     -3 (VIOLATED)
fanout704/X                              10     13     -3 (VIOLATED)
fanout786/X                              10     13     -3 (VIOLATED)
clkbuf_4_12__f_clk/X                     10     12     -2 (VIOLATED)
clkbuf_4_14__f_clk/X                     10     12     -2 (VIOLATED)
fanout1060/X                             10     12     -2 (VIOLATED)
fanout1093/X                             10     12     -2 (VIOLATED)
fanout130/X                              10     12     -2 (VIOLATED)
fanout154/X                              10     12     -2 (VIOLATED)
fanout176/X                              10     12     -2 (VIOLATED)
fanout219/X                              10     12     -2 (VIOLATED)
fanout248/X                              10     12     -2 (VIOLATED)
fanout328/X                              10     12     -2 (VIOLATED)
fanout340/X                              10     12     -2 (VIOLATED)
fanout357/X                              10     12     -2 (VIOLATED)
fanout432/X                              10     12     -2 (VIOLATED)
fanout799/X                              10     12     -2 (VIOLATED)
fanout808/X                              10     12     -2 (VIOLATED)
fanout838/X                              10     12     -2 (VIOLATED)
_46012_/X                                10     11        (VIOLATED)
clkbuf_4_0__f_clk/X                      10     11        (VIOLATED)
clkbuf_4_10__f_clk/X                     10     11        (VIOLATED)
clkbuf_leaf_134_clk/X                    10     11        (VIOLATED)
fanout1105/X                             10     11        (VIOLATED)
fanout1118/X                             10     11        (VIOLATED)
fanout1190/X                             10     11        (VIOLATED)
fanout129/X                              10     11        (VIOLATED)
fanout132/X                              10     11        (VIOLATED)
fanout232/X                              10     11        (VIOLATED)
fanout265/X                              10     11        (VIOLATED)
fanout338/X                              10     11        (VIOLATED)
fanout410/X                              10     11        (VIOLATED)
fanout563/X                              10     11        (VIOLATED)
fanout568/X                              10     11        (VIOLATED)

max capacitance

Pin                                        Limit         Cap       Slack
------------------------------------------------------------------------
fanout1190/X                            0.200000    0.281326   -0.081326 (VIOLATED)
fanout1118/X                            0.200000    0.243765   -0.043765 (VIOLATED)
fanout138/X                             0.200000    0.239151   -0.039151 (VIOLATED)
fanout252/X                             0.200000    0.224459   -0.024459 (VIOLATED)
fanout634/X                             0.200000    0.210950   -0.010950 (VIOLATED)
_45548_/X                               0.200000    0.209938   -0.009938 (VIOLATED)
fanout799/X                             0.200000    0.209905   -0.009905 (VIOLATED)
fanout248/X                             0.200000    0.209394   -0.009394 (VIOLATED)
fanout176/X                             0.200000    0.202939   -0.002939 (VIOLATED)



===========================================================================
report_parasitic_annotation -report_unannotated
============================================================================
Found 0 unannotated drivers.
Found 0 partially unannotated drivers.

===========================================================================
max slew violation count 18
max fanout violation count 51
max cap violation count 9
============================================================================

===========================================================================
check_setup -verbose -unconstrained_endpoints -multiple_clock -no_clock -no_input_delay -loops -generated_clocks
===========================================================================
