
===========================================================================
 report_power
============================================================================
======================= nom_tt_025C_1v80 Corner ===================================

Group                    Internal    Switching      Leakage        Total
                            Power        Power        Power        Power (Watts)
------------------------------------------------------------------------
Sequential           1.164540e-03 1.601758e-04 5.526936e-09 1.324721e-03   1.4%
Combinational        5.173463e-02 4.182427e-02 1.158524e-07 9.355902e-02  97.9%
Clock                4.859563e-04 1.965130e-04 2.936503e-09 6.824723e-04   0.7%
Macro                0.000000e+00 0.000000e+00 0.000000e+00 0.000000e+00   0.0%
Pad                  0.000000e+00 0.000000e+00 0.000000e+00 0.000000e+00   0.0%
------------------------------------------------------------------------
Total                5.338516e-02 4.218084e-02 1.243168e-07 9.556613e-02 100.0%
                            55.9%        44.1%         0.0%
Writing metric power__internal__total: 0.053385160863399506
Writing metric power__switching__total: 0.04218084365129471
Writing metric power__leakage__total: 1.2431682705482672e-7
Writing metric power__total: 0.09556613117456436

