
===========================================================================
 report_power
============================================================================
======================= nom_ss_100C_1v60 Corner ===================================

Group                    Internal    Switching      Leakage        Total
                            Power        Power        Power        Power (Watts)
------------------------------------------------------------------------
Sequential           3.755200e-05 4.019006e-05 2.491780e-07 7.799124e-05   0.6%
Combinational        4.846491e-03 7.560357e-03 5.427357e-05 1.246112e-02  99.1%
Clock                1.719236e-05 1.355837e-05 1.183876e-07 3.086912e-05   0.2%
Macro                0.000000e+00 0.000000e+00 0.000000e+00 0.000000e+00   0.0%
Pad                  0.000000e+00 0.000000e+00 0.000000e+00 0.000000e+00   0.0%
------------------------------------------------------------------------
Total                4.901235e-03 7.614105e-03 5.464114e-05 1.256998e-02 100.0%
                            39.0%        60.6%         0.4%

