Net: _04504_
  Pin: _34607_/A (sky130_fd_sc_hd__xor2_1)
    Layer: met2
      Partial area ratio:    1.14
      Required ratio:    0.00 (Gate area) 
      Partial area ratio:    6.00
      Required ratio: 2965.20 (Side area) 
      Cumulative area ratio:   85.10
      Required ratio:    0.00 (Cumulative area) 
      Cumulative area ratio:  434.75
      Required ratio:    0.00 (Cumulative side area) 

    Layer: met1
      Partial area ratio:    0.63
      Required ratio:    0.00 (Gate area) 
      Partial area ratio:    3.54
      Required ratio:  400.00 (Side area) 
      Cumulative area ratio:    0.63
      Required ratio:    0.00 (Cumulative area) 
      Cumulative area ratio:    3.54
      Required ratio:    0.00 (Cumulative side area) 

    Layer: li1
      Partial area ratio:    0.00
      Required ratio:    0.00 (Gate area) 
      Partial area ratio:    0.00
      Required ratio:   75.00 (Side area) 
      Cumulative area ratio:    0.00
      Required ratio:    0.00 (Cumulative area) 
      Cumulative area ratio:    0.00
      Required ratio:    0.00 (Cumulative side area) 

    Via: M1M2_PR
      Partial area ratio:    0.05
      Required ratio:    6.00 (Gate area) 
      Cumulative area ratio:    0.10
      Required ratio:    0.00 (Cumulative area) 

    Via: L1M1_PR_MR
      Partial area ratio:    0.06
      Required ratio:    3.00 (Gate area) 
      Cumulative area ratio:    0.06
      Required ratio:    0.00 (Cumulative area) 

  Pin: _34606_/A_N (sky130_fd_sc_hd__and2b_1)
    Layer: met2
      Partial area ratio:    1.14
      Required ratio:    0.00 (Gate area) 
      Partial area ratio:    6.00
      Required ratio: 2965.20 (Side area) 
      Cumulative area ratio:   84.47
      Required ratio:    0.00 (Cumulative area) 
      Cumulative area ratio:  431.22
      Required ratio:    0.00 (Cumulative side area) 

    Layer: met1
      Partial area ratio:   83.33
      Required ratio:    0.00 (Gate area) 
      Partial area ratio:  425.22
      Required ratio:  400.00 (Side area) (VIOLATED)
      Cumulative area ratio:   83.33
      Required ratio:    0.00 (Cumulative area) 
      Cumulative area ratio:  425.22
      Required ratio:    0.00 (Cumulative side area) 

    Layer: li1
      Partial area ratio:    0.00
      Required ratio:    0.00 (Gate area) 
      Partial area ratio:    0.00
      Required ratio:   75.00 (Side area) 
      Cumulative area ratio:    0.00
      Required ratio:    0.00 (Cumulative area) 
      Cumulative area ratio:    0.00
      Required ratio:    0.00 (Cumulative side area) 

    Via: M1M2_PR
      Partial area ratio:    0.36
      Required ratio:    6.00 (Gate area) 
      Cumulative area ratio:    0.59
      Required ratio:    0.00 (Cumulative area) 

    Via: L1M1_PR_MR
      Partial area ratio:    0.23
      Required ratio:    3.00 (Gate area) 
      Cumulative area ratio:    0.23
      Required ratio:    0.00 (Cumulative area) 


Net: net75
  Pin: _28617_/A (sky130_fd_sc_hd__xor2_2)
    Layer: met2
      Partial area ratio:    3.37
      Required ratio:    0.00 (Gate area) 
      Partial area ratio:   17.34
      Required ratio: 3299.84 (Side area) 
      Cumulative area ratio:   84.71
      Required ratio:    0.00 (Cumulative area) 
      Cumulative area ratio:  435.23
      Required ratio:    0.00 (Cumulative side area) 

    Layer: met1
      Partial area ratio:    0.08
      Required ratio:    0.00 (Gate area) 
      Partial area ratio:    0.52
      Required ratio:  400.00 (Side area) 
      Cumulative area ratio:    0.08
      Required ratio:    0.00 (Cumulative area) 
      Cumulative area ratio:    0.52
      Required ratio:    0.00 (Cumulative side area) 

    Layer: li1
      Partial area ratio:    0.00
      Required ratio:    0.00 (Gate area) 
      Partial area ratio:    0.00
      Required ratio:   75.00 (Side area) 
      Cumulative area ratio:    0.00
      Required ratio:    0.00 (Cumulative area) 
      Cumulative area ratio:    0.00
      Required ratio:    0.00 (Cumulative side area) 

    Via: M1M2_PR
      Partial area ratio:    0.02
      Required ratio:    6.00 (Gate area) 
      Cumulative area ratio:    0.05
      Required ratio:    0.00 (Cumulative area) 

    Via: L1M1_PR_MR
      Partial area ratio:    0.03
      Required ratio:    3.00 (Gate area) 
      Cumulative area ratio:    0.03
      Required ratio:    0.00 (Cumulative area) 

  Pin: _28616_/A (sky130_fd_sc_hd__nand2_1)
    Layer: met2
      Partial area ratio:    3.37
      Required ratio:    0.00 (Gate area) 
      Partial area ratio:   17.34
      Required ratio: 3299.84 (Side area) 
      Cumulative area ratio:   85.23
      Required ratio:    0.00 (Cumulative area) 
      Cumulative area ratio:  438.55
      Required ratio:    0.00 (Cumulative side area) 

    Layer: met1
      Partial area ratio:    0.61
      Required ratio:    0.00 (Gate area) 
      Partial area ratio:    3.85
      Required ratio: 2773.88 (Side area) 
      Cumulative area ratio:    0.61
      Required ratio:    0.00 (Cumulative area) 
      Cumulative area ratio:    3.85
      Required ratio:    0.00 (Cumulative side area) 

    Layer: li1
      Partial area ratio:    0.00
      Required ratio:    0.00 (Gate area) 
      Partial area ratio:    0.00
      Required ratio:   75.00 (Side area) 
      Cumulative area ratio:    0.00
      Required ratio:    0.00 (Cumulative area) 
      Cumulative area ratio:    0.00
      Required ratio:    0.00 (Cumulative side area) 

    Via: M1M2_PR
      Partial area ratio:    0.09
      Required ratio:    6.00 (Gate area) 
      Cumulative area ratio:    0.21
      Required ratio:    0.00 (Cumulative area) 

    Via: L1M1_PR_MR
      Partial area ratio:    0.12
      Required ratio:    3.00 (Gate area) 
      Cumulative area ratio:    0.12
      Required ratio:    0.00 (Cumulative area) 

  Pin: fanout640/A (sky130_fd_sc_hd__buf_2)
    Layer: met2
      Partial area ratio:    3.37
      Required ratio:    0.00 (Gate area) 
      Partial area ratio:   17.34
      Required ratio: 3299.84 (Side area) 
      Cumulative area ratio:   84.62
      Required ratio:    0.00 (Cumulative area) 
      Cumulative area ratio:  434.70
      Required ratio:    0.00 (Cumulative side area) 

    Layer: met1
      Partial area ratio:   81.25
      Required ratio:    0.00 (Gate area) 
      Partial area ratio:  417.36
      Required ratio:  400.00 (Side area) (VIOLATED)
      Cumulative area ratio:   81.25
      Required ratio:    0.00 (Cumulative area) 
      Cumulative area ratio:  417.36
      Required ratio:    0.00 (Cumulative side area) 

    Layer: li1
      Partial area ratio:    0.00
      Required ratio:    0.00 (Gate area) 
      Partial area ratio:    0.00
      Required ratio:   75.00 (Side area) 
      Cumulative area ratio:    0.00
      Required ratio:    0.00 (Cumulative area) 
      Cumulative area ratio:    0.00
      Required ratio:    0.00 (Cumulative side area) 

    Via: M1M2_PR
      Partial area ratio:    0.42
      Required ratio:    6.00 (Gate area) 
      Cumulative area ratio:    0.61
      Required ratio:    0.00 (Cumulative area) 

    Via: L1M1_PR_MR
      Partial area ratio:    0.18
      Required ratio:    3.00 (Gate area) 
      Cumulative area ratio:    0.18
      Required ratio:    0.00 (Cumulative area) 


Net: net1105
  Pin: _26504_/A (sky130_fd_sc_hd__or2_1)
    Layer: met2
      Partial area ratio:    6.59
      Required ratio:    0.00 (Gate area) 
      Partial area ratio:   33.52
      Required ratio: 3999.68 (Side area) 
      Cumulative area ratio:   31.43
      Required ratio:    0.00 (Cumulative area) 
      Cumulative area ratio:  165.95
      Required ratio:    0.00 (Cumulative side area) 

    Layer: met1
      Partial area ratio:   17.96
      Required ratio:    0.00 (Gate area) 
      Partial area ratio:   96.00
      Required ratio: 2773.88 (Side area) 
      Cumulative area ratio:   17.96
      Required ratio:    0.00 (Cumulative area) 
      Cumulative area ratio:   96.00
      Required ratio:    0.00 (Cumulative side area) 

    Layer: li1
      Partial area ratio:    0.00
      Required ratio:    0.00 (Gate area) 
      Partial area ratio:    0.00
      Required ratio:   75.00 (Side area) 
      Cumulative area ratio:    0.00
      Required ratio:    0.00 (Cumulative area) 
      Cumulative area ratio:    0.00
      Required ratio:    0.00 (Cumulative side area) 

    Via: M1M2_PR
      Partial area ratio:    0.18
      Required ratio:    6.00 (Gate area) 
      Cumulative area ratio:    0.41
      Required ratio:    0.00 (Cumulative area) 

    Via: L1M1_PR_MR
      Partial area ratio:    0.23
      Required ratio:    3.00 (Gate area) 
      Cumulative area ratio:    0.23
      Required ratio:    0.00 (Cumulative area) 

  Pin: _25737_/A (sky130_fd_sc_hd__or2_1)
    Layer: met2
      Partial area ratio:    6.59
      Required ratio:    0.00 (Gate area) 
      Partial area ratio:   33.52
      Required ratio: 3999.68 (Side area) 
      Cumulative area ratio:  187.21
      Required ratio:    0.00 (Cumulative area) 
      Cumulative area ratio:  952.43
      Required ratio:    0.00 (Cumulative side area) 

    Layer: met1
      Partial area ratio:    2.73
      Required ratio:    0.00 (Gate area) 
      Partial area ratio:   15.22
      Required ratio:  400.00 (Side area) 
      Cumulative area ratio:    2.73
      Required ratio:    0.00 (Cumulative area) 
      Cumulative area ratio:   15.22
      Required ratio:    0.00 (Cumulative side area) 

    Layer: li1
      Partial area ratio:    0.00
      Required ratio:    0.00 (Gate area) 
      Partial area ratio:    0.00
      Required ratio:   75.00 (Side area) 
      Cumulative area ratio:    0.00
      Required ratio:    0.00 (Cumulative area) 
      Cumulative area ratio:    0.00
      Required ratio:    0.00 (Cumulative side area) 

    Via: M1M2_PR
      Partial area ratio:    0.18
      Required ratio:    6.00 (Gate area) 
      Cumulative area ratio:    0.41
      Required ratio:    0.00 (Cumulative area) 

    Via: L1M1_PR_MR
      Partial area ratio:    0.23
      Required ratio:    3.00 (Gate area) 
      Cumulative area ratio:    0.23
      Required ratio:    0.00 (Cumulative area) 

  Pin: _28884_/A1 (sky130_fd_sc_hd__a21bo_1)
    Layer: met2
      Partial area ratio:    6.59
      Required ratio:    0.00 (Gate area) 
      Partial area ratio:   33.52
      Required ratio: 3999.68 (Side area) 
      Cumulative area ratio:  190.27
      Required ratio:    0.00 (Cumulative area) 
      Cumulative area ratio:  968.15
      Required ratio:    0.00 (Cumulative side area) 

    Layer: met1
      Partial area ratio:    5.79
      Required ratio:    0.00 (Gate area) 
      Partial area ratio:   30.94
      Required ratio: 2773.88 (Side area) 
      Cumulative area ratio:    5.79
      Required ratio:    0.00 (Cumulative area) 
      Cumulative area ratio:   30.94
      Required ratio:    0.00 (Cumulative side area) 

    Layer: li1
      Partial area ratio:    0.00
      Required ratio:    0.00 (Gate area) 
      Partial area ratio:    0.00
      Required ratio:   75.00 (Side area) 
      Cumulative area ratio:    0.00
      Required ratio:    0.00 (Cumulative area) 
      Cumulative area ratio:    0.00
      Required ratio:    0.00 (Cumulative side area) 

    Via: M1M2_PR
      Partial area ratio:    0.18
      Required ratio:    6.00 (Gate area) 
      Cumulative area ratio:    0.30
      Required ratio:    0.00 (Cumulative area) 

    Via: L1M1_PR_MR
      Partial area ratio:    0.12
      Required ratio:    3.00 (Gate area) 
      Cumulative area ratio:    0.12
      Required ratio:    0.00 (Cumulative area) 

  Pin: _27222_/A (sky130_fd_sc_hd__xor2_1)
    Layer: met2
      Partial area ratio:    6.59
      Required ratio:    0.00 (Gate area) 
      Partial area ratio:   33.52
      Required ratio: 3999.68 (Side area) 
      Cumulative area ratio:  191.15
      Required ratio:    0.00 (Cumulative area) 
      Cumulative area ratio:  972.99
      Required ratio:    0.00 (Cumulative side area) 

    Layer: met1
      Partial area ratio:    0.89
      Required ratio:    0.00 (Gate area) 
      Partial area ratio:    4.84
      Required ratio: 2773.88 (Side area) 
      Cumulative area ratio:    0.89
      Required ratio:    0.00 (Cumulative area) 
      Cumulative area ratio:    4.84
      Required ratio:    0.00 (Cumulative side area) 

    Layer: li1
      Partial area ratio:    0.00
      Required ratio:    0.00 (Gate area) 
      Partial area ratio:    0.00
      Required ratio:   75.00 (Side area) 
      Cumulative area ratio:    0.00
      Required ratio:    0.00 (Cumulative area) 
      Cumulative area ratio:    0.00
      Required ratio:    0.00 (Cumulative side area) 

    Via: M1M2_PR
      Partial area ratio:    0.05
      Required ratio:    6.00 (Gate area) 
      Cumulative area ratio:    0.10
      Required ratio:    0.00 (Cumulative area) 

    Via: L1M1_PR_MR
      Partial area ratio:    0.06
      Required ratio:    3.00 (Gate area) 
      Cumulative area ratio:    0.06
      Required ratio:    0.00 (Cumulative area) 

  Pin: _25738_/A (sky130_fd_sc_hd__nand2_1)
    Layer: met2
      Partial area ratio:    6.59
      Required ratio:    0.00 (Gate area) 
      Partial area ratio:   33.52
      Required ratio: 3999.68 (Side area) 
      Cumulative area ratio:  184.47
      Required ratio:    0.00 (Cumulative area) 
      Cumulative area ratio:  937.21
      Required ratio:    0.00 (Cumulative side area) 

    Layer: met1
      Partial area ratio:  171.00
      Required ratio:    0.00 (Gate area) 
      Partial area ratio:  867.26
      Required ratio:  400.00 (Side area) (VIOLATED)
      Cumulative area ratio:  171.00
      Required ratio:    0.00 (Cumulative area) 
      Cumulative area ratio:  867.26
      Required ratio:    0.00 (Cumulative side area) 

    Layer: li1
      Partial area ratio:    0.00
      Required ratio:    0.00 (Gate area) 
      Partial area ratio:    0.00
      Required ratio:   75.00 (Side area) 
      Cumulative area ratio:    0.00
      Required ratio:    0.00 (Cumulative area) 
      Cumulative area ratio:    0.00
      Required ratio:    0.00 (Cumulative side area) 

    Via: M1M2_PR
      Partial area ratio:    0.18
      Required ratio:    6.00 (Gate area) 
      Cumulative area ratio:    0.30
      Required ratio:    0.00 (Cumulative area) 

    Via: L1M1_PR_MR
      Partial area ratio:    0.12
      Required ratio:    3.00 (Gate area) 
      Cumulative area ratio:    0.12
      Required ratio:    0.00 (Cumulative area) 

  Pin: _26503_/A (sky130_fd_sc_hd__nand2_1)
    Layer: met2
      Partial area ratio:    6.59
      Required ratio:    0.00 (Gate area) 
      Partial area ratio:   33.52
      Required ratio: 3999.68 (Side area) 
      Cumulative area ratio:   13.47
      Required ratio:    0.00 (Cumulative area) 
      Cumulative area ratio:   69.95
      Required ratio:    0.00 (Cumulative side area) 

    Layer: met1
      Partial area ratio:    6.89
      Required ratio:    0.00 (Gate area) 
      Partial area ratio:   36.43
      Required ratio: 2773.88 (Side area) 
      Cumulative area ratio:    6.89
      Required ratio:    0.00 (Cumulative area) 
      Cumulative area ratio:   36.43
      Required ratio:    0.00 (Cumulative side area) 

    Layer: li1
      Partial area ratio:    0.00
      Required ratio:    0.00 (Gate area) 
      Partial area ratio:    0.00
      Required ratio:   75.00 (Side area) 
      Cumulative area ratio:    0.00
      Required ratio:    0.00 (Cumulative area) 
      Cumulative area ratio:    0.00
      Required ratio:    0.00 (Cumulative side area) 

    Via: M1M2_PR
      Partial area ratio:    0.18
      Required ratio:    6.00 (Gate area) 
      Cumulative area ratio:    0.30
      Required ratio:    0.00 (Cumulative area) 

    Via: L1M1_PR_MR
      Partial area ratio:    0.12
      Required ratio:    3.00 (Gate area) 
      Cumulative area ratio:    0.12
      Required ratio:    0.00 (Cumulative area) 


Net: net1242
  Pin: _40718_/A (sky130_fd_sc_hd__xnor2_4)
    Layer: met2
      Partial area ratio:    3.33
      Required ratio:    0.00 (Gate area) 
      Partial area ratio:   17.04
      Required ratio: 3931.68 (Side area) 
      Cumulative area ratio:    8.03
      Required ratio:    0.00 (Cumulative area) 
      Cumulative area ratio:   41.20
      Required ratio:    0.00 (Cumulative side area) 

    Layer: met1
      Partial area ratio:    4.60
      Required ratio:    0.00 (Gate area) 
      Partial area ratio:   23.57
      Required ratio: 2773.88 (Side area) 
      Cumulative area ratio:    4.60
      Required ratio:    0.00 (Cumulative area) 
      Cumulative area ratio:   23.57
      Required ratio:    0.00 (Cumulative side area) 

    Layer: li1
      Partial area ratio:    0.00
      Required ratio:    0.00 (Gate area) 
      Partial area ratio:    0.00
      Required ratio:   75.00 (Side area) 
      Cumulative area ratio:    0.00
      Required ratio:    0.00 (Cumulative area) 
      Cumulative area ratio:    0.00
      Required ratio:    0.00 (Cumulative side area) 

    Via: M1M2_PR
      Partial area ratio:    0.02
      Required ratio:    6.00 (Gate area) 
      Cumulative area ratio:    0.04
      Required ratio:    0.00 (Cumulative area) 

    Via: L1M1_PR_MR
      Partial area ratio:    0.01
      Required ratio:    3.00 (Gate area) 
      Cumulative area ratio:    0.01
      Required ratio:    0.00 (Cumulative area) 

  Pin: _38132_/B (sky130_fd_sc_hd__nand2_1)
    Layer: met2
      Partial area ratio:    3.33
      Required ratio:    0.00 (Gate area) 
      Partial area ratio:   17.04
      Required ratio: 3931.68 (Side area) 
      Cumulative area ratio:   98.73
      Required ratio:    0.00 (Cumulative area) 
      Cumulative area ratio:  499.75
      Required ratio:    0.00 (Cumulative side area) 

    Layer: met1
      Partial area ratio:    4.07
      Required ratio:    0.00 (Gate area) 
      Partial area ratio:   21.55
      Required ratio: 2773.88 (Side area) 
      Cumulative area ratio:    4.07
      Required ratio:    0.00 (Cumulative area) 
      Cumulative area ratio:   21.55
      Required ratio:    0.00 (Cumulative side area) 

    Layer: li1
      Partial area ratio:    0.00
      Required ratio:    0.00 (Gate area) 
      Partial area ratio:    0.00
      Required ratio:   75.00 (Side area) 
      Cumulative area ratio:    0.00
      Required ratio:    0.00 (Cumulative area) 
      Cumulative area ratio:    0.00
      Required ratio:    0.00 (Cumulative side area) 

    Via: M1M2_PR
      Partial area ratio:    0.09
      Required ratio:    6.00 (Gate area) 
      Cumulative area ratio:    0.21
      Required ratio:    0.00 (Cumulative area) 

    Via: L1M1_PR_MR
      Partial area ratio:    0.12
      Required ratio:    3.00 (Gate area) 
      Cumulative area ratio:    0.12
      Required ratio:    0.00 (Cumulative area) 

  Pin: _38133_/B (sky130_fd_sc_hd__or2_1)
    Layer: met2
      Partial area ratio:    3.33
      Required ratio:    0.00 (Gate area) 
      Partial area ratio:   17.04
      Required ratio: 3931.68 (Side area) 
      Cumulative area ratio:   94.66
      Required ratio:    0.00 (Cumulative area) 
      Cumulative area ratio:  478.20
      Required ratio:    0.00 (Cumulative side area) 

    Layer: met1
      Partial area ratio:   86.62
      Required ratio:    0.00 (Gate area) 
      Partial area ratio:  437.00
      Required ratio:  400.00 (Side area) (VIOLATED)
      Cumulative area ratio:   86.62
      Required ratio:    0.00 (Cumulative area) 
      Cumulative area ratio:  437.00
      Required ratio:    0.00 (Cumulative side area) 

    Layer: li1
      Partial area ratio:    0.00
      Required ratio:    0.00 (Gate area) 
      Partial area ratio:    0.00
      Required ratio:   75.00 (Side area) 
      Cumulative area ratio:    0.00
      Required ratio:    0.00 (Cumulative area) 
      Cumulative area ratio:    0.00
      Required ratio:    0.00 (Cumulative side area) 

    Via: M1M2_PR
      Partial area ratio:    0.36
      Required ratio:    6.00 (Gate area) 
      Cumulative area ratio:    0.59
      Required ratio:    0.00 (Cumulative area) 

    Via: L1M1_PR_MR
      Partial area ratio:    0.23
      Required ratio:    3.00 (Gate area) 
      Cumulative area ratio:    0.23
      Required ratio:    0.00 (Cumulative area) 

  Pin: _40195_/A (sky130_fd_sc_hd__xor2_4)
    Layer: met2
      Partial area ratio:    3.33
      Required ratio:    0.00 (Gate area) 
      Partial area ratio:   17.04
      Required ratio: 3931.68 (Side area) 
      Cumulative area ratio:    3.44
      Required ratio:    0.00 (Cumulative area) 
      Cumulative area ratio:   17.63
      Required ratio:    0.00 (Cumulative side area) 

    Layer: met1
      Partial area ratio:    0.11
      Required ratio:    0.00 (Gate area) 
      Partial area ratio:    0.59
      Required ratio:  400.00 (Side area) 
      Cumulative area ratio:    0.11
      Required ratio:    0.00 (Cumulative area) 
      Cumulative area ratio:    0.59
      Required ratio:    0.00 (Cumulative side area) 

    Layer: li1
      Partial area ratio:    0.00
      Required ratio:    0.00 (Gate area) 
      Partial area ratio:    0.00
      Required ratio:   75.00 (Side area) 
      Cumulative area ratio:    0.00
      Required ratio:    0.00 (Cumulative area) 
      Cumulative area ratio:    0.00
      Required ratio:    0.00 (Cumulative side area) 

    Via: M1M2_PR
      Partial area ratio:    0.02
      Required ratio:    6.00 (Gate area) 
      Cumulative area ratio:    0.04
      Required ratio:    0.00 (Cumulative area) 

    Via: L1M1_PR_MR
      Partial area ratio:    0.01
      Required ratio:    3.00 (Gate area) 
      Cumulative area ratio:    0.01
      Required ratio:    0.00 (Cumulative area) 


[INFO ANT-0002] Found 4 net violations.
[INFO ANT-0001] Found 4 pin violations.
