
===========================================================================
 report_power
============================================================================
======================= max_ff_n40C_1v95 Corner ===================================

Group                    Internal    Switching      Leakage        Total
                            Power        Power        Power        Power (Watts)
------------------------------------------------------------------------
Sequential           5.338578e-05 2.350229e-05 2.344996e-10 7.688830e-05   0.2%
Combinational        1.379191e-02 2.329317e-02 1.675938e-07 3.708525e-02  99.7%
Clock                2.408409e-05 2.334213e-05 6.317833e-08 4.748940e-05   0.1%
Macro                0.000000e+00 0.000000e+00 0.000000e+00 0.000000e+00   0.0%
Pad                  0.000000e+00 0.000000e+00 0.000000e+00 0.000000e+00   0.0%
------------------------------------------------------------------------
Total                1.386938e-02 2.334002e-02 2.310078e-07 3.720964e-02 100.0%
                            37.3%        62.7%         0.0%

