┏━━━━━━━━━━━━━━━━━━┳━━━━━━━━━━┳━━━━━━━━━┳━━━━━━━━━┳━━━━━━━━━━━━━┳━━━━━━━┓
┃ Partial/Required ┃ Required ┃ Partial ┃ Net     ┃ Pin         ┃ Layer ┃
┡━━━━━━━━━━━━━━━━━━╇━━━━━━━━━━╇━━━━━━━━━╇━━━━━━━━━╇━━━━━━━━━━━━━╇━━━━━━━┩
│ 9.88             │ 400.00   │ 3950.48 │ _18230_ │ _28230_/B   │ met3  │
│ 2.12             │ 400.00   │ 848.00  │ net491  │ _21109_/A   │ met2  │
│ 2.07             │ 400.00   │ 827.15  │ net170  │ fanout884/A │ met4  │
│ 1.86             │ 400.00   │ 743.95  │ net804  │ _32345_/A   │ met1  │
│ 1.83             │ 400.00   │ 733.00  │ _19034_ │ _28938_/A   │ met1  │
│ 1.48             │ 400.00   │ 592.00  │ _10122_ │ _39715_/B   │ met4  │
│ 1.45             │ 400.00   │ 578.11  │ _15661_ │ _25868_/B   │ met1  │
│ 1.12             │ 400.00   │ 447.03  │ _09007_ │ _38702_/B   │ met4  │
│ 1.08             │ 400.00   │ 431.00  │ net949  │ _22130_/A   │ met2  │
│ 1.07             │ 400.00   │ 426.33  │ _17675_ │ _33053_/B1  │ met1  │
└──────────────────┴──────────┴─────────┴─────────┴─────────────┴───────┘
