
===========================================================================
report_checks -unconstrained
===========================================================================
======================= min_ss_100C_1v60 Corner ===================================

Startpoint: input_data[2] (input port clocked by clk)
Endpoint: _22395_ (rising edge-triggered flip-flop clocked by clk)
Path Group: clk
Path Type: max

Fanout         Cap        Slew       Delay        Time   Description
---------------------------------------------------------------------------------------------
                                  0.000000    0.000000   clock clk (rise edge)
                                  0.000000    0.000000   clock network delay (propagated)
                                  5.000000    5.000000 ^ input external delay
     2    0.023357    0.173565    0.119657    5.119658 ^ input_data[2] (in)
                                                         input_data[2] (net)
                      0.173612    0.000000    5.119658 ^ input142/A (sky130_fd_sc_hd__clkbuf_4)
     5    0.074241    0.354696    0.504961    5.624619 ^ input142/X (sky130_fd_sc_hd__clkbuf_4)
                                                         net142 (net)
                      0.354731    0.002943    5.627561 ^ fanout539/A (sky130_fd_sc_hd__clkbuf_4)
    18    0.084872    0.399951    0.614052    6.241613 ^ fanout539/X (sky130_fd_sc_hd__clkbuf_4)
                                                         net539 (net)
                      0.399951    0.000247    6.241860 ^ fanout538/A (sky130_fd_sc_hd__clkbuf_4)
    16    0.060009    0.292427    0.557586    6.799447 ^ fanout538/X (sky130_fd_sc_hd__clkbuf_4)
                                                         net538 (net)
                      0.292428    0.000500    6.799947 ^ fanout537/A (sky130_fd_sc_hd__buf_2)
    14    0.051101    0.397995    0.530771    7.330719 ^ fanout537/X (sky130_fd_sc_hd__buf_2)
                                                         net537 (net)
                      0.398019    0.002586    7.333305 ^ fanout536/A (sky130_fd_sc_hd__buf_6)
    20    0.101112    0.320817    0.493210    7.826515 ^ fanout536/X (sky130_fd_sc_hd__buf_6)
                                                         net536 (net)
                      0.321124    0.008222    7.834737 ^ _13197_/B (sky130_fd_sc_hd__xor2_4)
    12    0.061857    0.698936    0.720609    8.555346 ^ _13197_/X (sky130_fd_sc_hd__xor2_4)
                                                         _02677_ (net)
                      0.698938    0.000956    8.556302 ^ _13344_/A2 (sky130_fd_sc_hd__o211a_1)
     3    0.011964    0.185673    0.558511    9.114813 ^ _13344_/X (sky130_fd_sc_hd__o211a_1)
                                                         _02825_ (net)
                      0.185673    0.000131    9.114944 ^ _13347_/A_N (sky130_fd_sc_hd__and4bb_1)
     3    0.008451    0.122402    0.462318    9.577262 v _13347_/X (sky130_fd_sc_hd__and4bb_1)
                                                         _02829_ (net)
                      0.122402    0.000130    9.577392 v _13352_/A (sky130_fd_sc_hd__or3_1)
     2    0.004380    0.155081    0.889007   10.466398 v _13352_/X (sky130_fd_sc_hd__or3_1)
                                                         _02834_ (net)
                      0.155081    0.000045   10.466444 v _13374_/A (sky130_fd_sc_hd__and2_1)
     2    0.007942    0.108628    0.359119   10.825563 v _13374_/X (sky130_fd_sc_hd__and2_1)
                                                         _02858_ (net)
                      0.108628    0.000128   10.825691 v _13383_/B (sky130_fd_sc_hd__xor2_1)
     2    0.007959    0.342242    0.339590   11.165280 ^ _13383_/X (sky130_fd_sc_hd__xor2_1)
                                                         _02868_ (net)
                      0.342242    0.000072   11.165353 ^ _13385_/B (sky130_fd_sc_hd__xor2_1)
     2    0.010347    0.413611    0.500944   11.666297 ^ _13385_/X (sky130_fd_sc_hd__xor2_1)
                                                         _02870_ (net)
                      0.413611    0.000076   11.666373 ^ _13388_/B (sky130_fd_sc_hd__xnor2_1)
     2    0.005597    0.142213    0.269055   11.935428 v _13388_/Y (sky130_fd_sc_hd__xnor2_1)
                                                         _02874_ (net)
                      0.142213    0.000060   11.935488 v _13403_/A1 (sky130_fd_sc_hd__a211o_1)
     2    0.004946    0.106184    0.538988   12.474476 v _13403_/X (sky130_fd_sc_hd__a211o_1)
                                                         _02890_ (net)
                      0.106184    0.000041   12.474517 v _13404_/A2 (sky130_fd_sc_hd__a21o_1)
     2    0.018926    0.181932    0.450207   12.924724 v _13404_/X (sky130_fd_sc_hd__a21o_1)
                                                         _02891_ (net)
                      0.181932    0.000106   12.924829 v _13405_/B1 (sky130_fd_sc_hd__o21ai_4)
     2    0.023351    0.329424    0.201901   13.126730 ^ _13405_/Y (sky130_fd_sc_hd__o21ai_4)
                                                         _02892_ (net)
                      0.329424    0.000288   13.127018 ^ _17079_/A1 (sky130_fd_sc_hd__a21o_1)
     1    0.003964    0.079591    0.311713   13.438731 ^ _17079_/X (sky130_fd_sc_hd__a21o_1)
                                                         _06933_ (net)
                      0.079591    0.000059   13.438790 ^ _17080_/A2 (sky130_fd_sc_hd__a21oi_1)
     2    0.007877    0.161376    0.191991   13.630781 v _17080_/Y (sky130_fd_sc_hd__a21oi_1)
                                                         _06934_ (net)
                      0.161377    0.000218   13.630999 v _17081_/B (sky130_fd_sc_hd__or2_2)
     3    0.022891    0.205194    0.797870   14.428869 v _17081_/X (sky130_fd_sc_hd__or2_2)
                                                         _06935_ (net)
                      0.205196    0.000457   14.429326 v _17083_/A (sky130_fd_sc_hd__nand2_4)
     8    0.064074    0.309381    0.331900   14.761226 ^ _17083_/Y (sky130_fd_sc_hd__nand2_4)
                                                         _06937_ (net)
                      0.309421    0.002903   14.764129 ^ _17093_/A (sky130_fd_sc_hd__xnor2_1)
     2    0.006152    0.152325    0.263520   15.027649 v _17093_/Y (sky130_fd_sc_hd__xnor2_1)
                                                         _06948_ (net)
                      0.152325    0.000034   15.027682 v _17094_/B (sky130_fd_sc_hd__or2_2)
     3    0.022350    0.203208    0.791870   15.819552 v _17094_/X (sky130_fd_sc_hd__or2_2)
                                                         _06949_ (net)
                      0.203208    0.000306   15.819858 v _17097_/A1 (sky130_fd_sc_hd__a211oi_4)
     4    0.052289    0.964839    0.958172   16.778030 ^ _17097_/Y (sky130_fd_sc_hd__a211oi_4)
                                                         _06953_ (net)
                      0.964842    0.001418   16.779448 ^ _17098_/C (sky130_fd_sc_hd__nor3_1)
     2    0.007396    0.223582    0.382785   17.162233 v _17098_/Y (sky130_fd_sc_hd__nor3_1)
                                                         _06954_ (net)
                      0.223582    0.000110   17.162344 v max_cap241/A (sky130_fd_sc_hd__buf_1)
     2    0.008989    0.114417    0.286557   17.448900 v max_cap241/X (sky130_fd_sc_hd__buf_1)
                                                         net241 (net)
                      0.114417    0.000096   17.448996 v _17100_/B1 (sky130_fd_sc_hd__a211o_1)
     3    0.012942    0.175420    0.619272   18.068268 v _17100_/X (sky130_fd_sc_hd__a211o_1)
                                                         _06956_ (net)
                      0.175422    0.000465   18.068733 v _17103_/B1 (sky130_fd_sc_hd__a22o_1)
     2    0.007929    0.114298    0.415785   18.484518 v _17103_/X (sky130_fd_sc_hd__a22o_1)
                                                         _06959_ (net)
                      0.114298    0.000149   18.484667 v _17105_/A2 (sky130_fd_sc_hd__a211oi_1)
     2    0.008591    0.587505    0.615701   19.100368 ^ _17105_/Y (sky130_fd_sc_hd__a211oi_1)
                                                         _06961_ (net)
                      0.587505    0.000190   19.100557 ^ _17106_/C (sky130_fd_sc_hd__nor3_1)
     2    0.006326    0.160453    0.283968   19.384527 v _17106_/Y (sky130_fd_sc_hd__nor3_1)
                                                         _06962_ (net)
                      0.160453    0.000050   19.384577 v max_cap238/A (sky130_fd_sc_hd__buf_1)
     2    0.009241    0.116909    0.258314   19.642891 v max_cap238/X (sky130_fd_sc_hd__buf_1)
                                                         net238 (net)
                      0.116909    0.000169   19.643059 v _17108_/B1 (sky130_fd_sc_hd__a211o_1)
     3    0.011054    0.158799    0.601739   20.244799 v _17108_/X (sky130_fd_sc_hd__a211o_1)
                                                         _06965_ (net)
                      0.158799    0.000114   20.244911 v _17111_/A1 (sky130_fd_sc_hd__a211o_1)
     3    0.012640    0.174182    0.620680   20.865593 v _17111_/X (sky130_fd_sc_hd__a211o_1)
                                                         _06968_ (net)
                      0.174182    0.000309   20.865902 v _17113_/B (sky130_fd_sc_hd__and3_1)
     2    0.006601    0.101571    0.417849   21.283751 v _17113_/X (sky130_fd_sc_hd__and3_1)
                                                         _06970_ (net)
                      0.101571    0.000099   21.283850 v _17116_/B1 (sky130_fd_sc_hd__a211o_2)
     6    0.045349    0.263930    0.801657   22.085506 v _17116_/X (sky130_fd_sc_hd__a211o_2)
                                                         _06973_ (net)
                      0.263931    0.000471   22.085978 v _18257_/A2 (sky130_fd_sc_hd__a21o_1)
     3    0.009007    0.108647    0.445644   22.531622 v _18257_/X (sky130_fd_sc_hd__a21o_1)
                                                         _08228_ (net)
                      0.108647    0.000066   22.531687 v _19506_/A2 (sky130_fd_sc_hd__a21oi_1)
     3    0.013365    0.501133    0.488331   23.020018 ^ _19506_/Y (sky130_fd_sc_hd__a21oi_1)
                                                         _09600_ (net)
                      0.501133    0.000187   23.020205 ^ _21134_/A2 (sky130_fd_sc_hd__o21ai_2)
     3    0.013015    0.176319    0.293136   23.313341 v _21134_/Y (sky130_fd_sc_hd__o21ai_2)
                                                         _00211_ (net)
                      0.176319    0.000110   23.313452 v _21911_/B (sky130_fd_sc_hd__and3_1)
     1    0.004148    0.082656    0.397389   23.710840 v _21911_/X (sky130_fd_sc_hd__and3_1)
                                                         _01065_ (net)
                      0.082656    0.000068   23.710907 v _21913_/B (sky130_fd_sc_hd__or3_2)
     2    0.031020    0.307397    1.285953   24.996861 v _21913_/X (sky130_fd_sc_hd__or3_2)
                                                         _01067_ (net)
                      0.307440    0.002890   24.999750 v _21914_/A3 (sky130_fd_sc_hd__a31o_1)
     1    0.011488    0.138294    0.563365   25.563114 v _21914_/X (sky130_fd_sc_hd__a31o_1)
                                                         _01068_ (net)
                      0.138296    0.000467   25.563581 v _22033_/A2 (sky130_fd_sc_hd__o21a_1)
     2    0.021166    0.222679    0.482478   26.046061 v _22033_/X (sky130_fd_sc_hd__o21a_1)
                                                         _01199_ (net)
                      0.222690    0.001307   26.047367 v _22196_/A1 (sky130_fd_sc_hd__o22a_1)
     1    0.006043    0.115833    0.479359   26.526726 v _22196_/X (sky130_fd_sc_hd__o22a_1)
                                                         _01378_ (net)
                      0.115834    0.000126   26.526852 v _22243_/A2 (sky130_fd_sc_hd__o21ba_1)
     1    0.003084    0.066465    0.327802   26.854654 v _22243_/X (sky130_fd_sc_hd__o21ba_1)
                                                         _01430_ (net)
                      0.066465    0.000032   26.854687 v _22245_/B1 (sky130_fd_sc_hd__o32a_1)
     1    0.003277    0.117609    0.329775   27.184462 v _22245_/X (sky130_fd_sc_hd__o32a_1)
                                                         _00005_ (net)
                      0.117609    0.000048   27.184509 v _22395_/D (sky130_fd_sc_hd__dfxtp_4)
                                             27.184509   data arrival time

                                 25.000000   25.000000   clock clk (rise edge)
                                  0.000000   25.000000   clock source latency
     2    0.079347    0.571738    0.406116   25.406115 ^ clk (in)
                                                         clk (net)
                      0.572880    0.000000   25.406115 ^ clkbuf_0_clk/A (sky130_fd_sc_hd__clkbuf_16)
     2    0.022722    0.077680    0.438058   25.844173 ^ clkbuf_0_clk/X (sky130_fd_sc_hd__clkbuf_16)
                                                         clknet_0_clk (net)
                      0.077680    0.000256   25.844429 ^ clkbuf_1_1__f_clk/A (sky130_fd_sc_hd__clkbuf_16)
     9    0.033646    0.085537    0.244087   26.088516 ^ clkbuf_1_1__f_clk/X (sky130_fd_sc_hd__clkbuf_16)
                                                         clknet_1_1__leaf_clk (net)
                      0.085542    0.000517   26.089033 ^ _22395_/CLK (sky130_fd_sc_hd__dfxtp_4)
                                 -0.250000   25.839035   clock uncertainty
                                  0.000000   25.839035   clock reconvergence pessimism
                                 -0.288183   25.550852   library setup time
                                             25.550852   data required time
---------------------------------------------------------------------------------------------
                                             25.550852   data required time
                                            -27.184509   data arrival time
---------------------------------------------------------------------------------------------
                                             -1.633659   slack (VIOLATED)




===========================================================================
report_checks --slack_max -0.01
============================================================================
======================= min_ss_100C_1v60 Corner ===================================

Startpoint: input_data[2] (input port clocked by clk)
Endpoint: _22395_ (rising edge-triggered flip-flop clocked by clk)
Path Group: clk
Path Type: max

Fanout         Cap        Slew       Delay        Time   Description
---------------------------------------------------------------------------------------------
                                  0.000000    0.000000   clock clk (rise edge)
                                  0.000000    0.000000   clock network delay (propagated)
                                  5.000000    5.000000 ^ input external delay
     2    0.023357    0.173565    0.119657    5.119658 ^ input_data[2] (in)
                                                         input_data[2] (net)
                      0.173612    0.000000    5.119658 ^ input142/A (sky130_fd_sc_hd__clkbuf_4)
     5    0.074241    0.354696    0.504961    5.624619 ^ input142/X (sky130_fd_sc_hd__clkbuf_4)
                                                         net142 (net)
                      0.354731    0.002943    5.627561 ^ fanout539/A (sky130_fd_sc_hd__clkbuf_4)
    18    0.084872    0.399951    0.614052    6.241613 ^ fanout539/X (sky130_fd_sc_hd__clkbuf_4)
                                                         net539 (net)
                      0.399951    0.000247    6.241860 ^ fanout538/A (sky130_fd_sc_hd__clkbuf_4)
    16    0.060009    0.292427    0.557586    6.799447 ^ fanout538/X (sky130_fd_sc_hd__clkbuf_4)
                                                         net538 (net)
                      0.292428    0.000500    6.799947 ^ fanout537/A (sky130_fd_sc_hd__buf_2)
    14    0.051101    0.397995    0.530771    7.330719 ^ fanout537/X (sky130_fd_sc_hd__buf_2)
                                                         net537 (net)
                      0.398019    0.002586    7.333305 ^ fanout536/A (sky130_fd_sc_hd__buf_6)
    20    0.101112    0.320817    0.493210    7.826515 ^ fanout536/X (sky130_fd_sc_hd__buf_6)
                                                         net536 (net)
                      0.321124    0.008222    7.834737 ^ _13197_/B (sky130_fd_sc_hd__xor2_4)
    12    0.061857    0.698936    0.720609    8.555346 ^ _13197_/X (sky130_fd_sc_hd__xor2_4)
                                                         _02677_ (net)
                      0.698938    0.000956    8.556302 ^ _13344_/A2 (sky130_fd_sc_hd__o211a_1)
     3    0.011964    0.185673    0.558511    9.114813 ^ _13344_/X (sky130_fd_sc_hd__o211a_1)
                                                         _02825_ (net)
                      0.185673    0.000131    9.114944 ^ _13347_/A_N (sky130_fd_sc_hd__and4bb_1)
     3    0.008451    0.122402    0.462318    9.577262 v _13347_/X (sky130_fd_sc_hd__and4bb_1)
                                                         _02829_ (net)
                      0.122402    0.000130    9.577392 v _13352_/A (sky130_fd_sc_hd__or3_1)
     2    0.004380    0.155081    0.889007   10.466398 v _13352_/X (sky130_fd_sc_hd__or3_1)
                                                         _02834_ (net)
                      0.155081    0.000045   10.466444 v _13374_/A (sky130_fd_sc_hd__and2_1)
     2    0.007942    0.108628    0.359119   10.825563 v _13374_/X (sky130_fd_sc_hd__and2_1)
                                                         _02858_ (net)
                      0.108628    0.000128   10.825691 v _13383_/B (sky130_fd_sc_hd__xor2_1)
     2    0.007959    0.342242    0.339590   11.165280 ^ _13383_/X (sky130_fd_sc_hd__xor2_1)
                                                         _02868_ (net)
                      0.342242    0.000072   11.165353 ^ _13385_/B (sky130_fd_sc_hd__xor2_1)
     2    0.010347    0.413611    0.500944   11.666297 ^ _13385_/X (sky130_fd_sc_hd__xor2_1)
                                                         _02870_ (net)
                      0.413611    0.000076   11.666373 ^ _13388_/B (sky130_fd_sc_hd__xnor2_1)
     2    0.005597    0.142213    0.269055   11.935428 v _13388_/Y (sky130_fd_sc_hd__xnor2_1)
                                                         _02874_ (net)
                      0.142213    0.000060   11.935488 v _13403_/A1 (sky130_fd_sc_hd__a211o_1)
     2    0.004946    0.106184    0.538988   12.474476 v _13403_/X (sky130_fd_sc_hd__a211o_1)
                                                         _02890_ (net)
                      0.106184    0.000041   12.474517 v _13404_/A2 (sky130_fd_sc_hd__a21o_1)
     2    0.018926    0.181932    0.450207   12.924724 v _13404_/X (sky130_fd_sc_hd__a21o_1)
                                                         _02891_ (net)
                      0.181932    0.000106   12.924829 v _13405_/B1 (sky130_fd_sc_hd__o21ai_4)
     2    0.023351    0.329424    0.201901   13.126730 ^ _13405_/Y (sky130_fd_sc_hd__o21ai_4)
                                                         _02892_ (net)
                      0.329424    0.000288   13.127018 ^ _17079_/A1 (sky130_fd_sc_hd__a21o_1)
     1    0.003964    0.079591    0.311713   13.438731 ^ _17079_/X (sky130_fd_sc_hd__a21o_1)
                                                         _06933_ (net)
                      0.079591    0.000059   13.438790 ^ _17080_/A2 (sky130_fd_sc_hd__a21oi_1)
     2    0.007877    0.161376    0.191991   13.630781 v _17080_/Y (sky130_fd_sc_hd__a21oi_1)
                                                         _06934_ (net)
                      0.161377    0.000218   13.630999 v _17081_/B (sky130_fd_sc_hd__or2_2)
     3    0.022891    0.205194    0.797870   14.428869 v _17081_/X (sky130_fd_sc_hd__or2_2)
                                                         _06935_ (net)
                      0.205196    0.000457   14.429326 v _17083_/A (sky130_fd_sc_hd__nand2_4)
     8    0.064074    0.309381    0.331900   14.761226 ^ _17083_/Y (sky130_fd_sc_hd__nand2_4)
                                                         _06937_ (net)
                      0.309421    0.002903   14.764129 ^ _17093_/A (sky130_fd_sc_hd__xnor2_1)
     2    0.006152    0.152325    0.263520   15.027649 v _17093_/Y (sky130_fd_sc_hd__xnor2_1)
                                                         _06948_ (net)
                      0.152325    0.000034   15.027682 v _17094_/B (sky130_fd_sc_hd__or2_2)
     3    0.022350    0.203208    0.791870   15.819552 v _17094_/X (sky130_fd_sc_hd__or2_2)
                                                         _06949_ (net)
                      0.203208    0.000306   15.819858 v _17097_/A1 (sky130_fd_sc_hd__a211oi_4)
     4    0.052289    0.964839    0.958172   16.778030 ^ _17097_/Y (sky130_fd_sc_hd__a211oi_4)
                                                         _06953_ (net)
                      0.964842    0.001418   16.779448 ^ _17098_/C (sky130_fd_sc_hd__nor3_1)
     2    0.007396    0.223582    0.382785   17.162233 v _17098_/Y (sky130_fd_sc_hd__nor3_1)
                                                         _06954_ (net)
                      0.223582    0.000110   17.162344 v max_cap241/A (sky130_fd_sc_hd__buf_1)
     2    0.008989    0.114417    0.286557   17.448900 v max_cap241/X (sky130_fd_sc_hd__buf_1)
                                                         net241 (net)
                      0.114417    0.000096   17.448996 v _17100_/B1 (sky130_fd_sc_hd__a211o_1)
     3    0.012942    0.175420    0.619272   18.068268 v _17100_/X (sky130_fd_sc_hd__a211o_1)
                                                         _06956_ (net)
                      0.175422    0.000465   18.068733 v _17103_/B1 (sky130_fd_sc_hd__a22o_1)
     2    0.007929    0.114298    0.415785   18.484518 v _17103_/X (sky130_fd_sc_hd__a22o_1)
                                                         _06959_ (net)
                      0.114298    0.000149   18.484667 v _17105_/A2 (sky130_fd_sc_hd__a211oi_1)
     2    0.008591    0.587505    0.615701   19.100368 ^ _17105_/Y (sky130_fd_sc_hd__a211oi_1)
                                                         _06961_ (net)
                      0.587505    0.000190   19.100557 ^ _17106_/C (sky130_fd_sc_hd__nor3_1)
     2    0.006326    0.160453    0.283968   19.384527 v _17106_/Y (sky130_fd_sc_hd__nor3_1)
                                                         _06962_ (net)
                      0.160453    0.000050   19.384577 v max_cap238/A (sky130_fd_sc_hd__buf_1)
     2    0.009241    0.116909    0.258314   19.642891 v max_cap238/X (sky130_fd_sc_hd__buf_1)
                                                         net238 (net)
                      0.116909    0.000169   19.643059 v _17108_/B1 (sky130_fd_sc_hd__a211o_1)
     3    0.011054    0.158799    0.601739   20.244799 v _17108_/X (sky130_fd_sc_hd__a211o_1)
                                                         _06965_ (net)
                      0.158799    0.000114   20.244911 v _17111_/A1 (sky130_fd_sc_hd__a211o_1)
     3    0.012640    0.174182    0.620680   20.865593 v _17111_/X (sky130_fd_sc_hd__a211o_1)
                                                         _06968_ (net)
                      0.174182    0.000309   20.865902 v _17113_/B (sky130_fd_sc_hd__and3_1)
     2    0.006601    0.101571    0.417849   21.283751 v _17113_/X (sky130_fd_sc_hd__and3_1)
                                                         _06970_ (net)
                      0.101571    0.000099   21.283850 v _17116_/B1 (sky130_fd_sc_hd__a211o_2)
     6    0.045349    0.263930    0.801657   22.085506 v _17116_/X (sky130_fd_sc_hd__a211o_2)
                                                         _06973_ (net)
                      0.263931    0.000471   22.085978 v _18257_/A2 (sky130_fd_sc_hd__a21o_1)
     3    0.009007    0.108647    0.445644   22.531622 v _18257_/X (sky130_fd_sc_hd__a21o_1)
                                                         _08228_ (net)
                      0.108647    0.000066   22.531687 v _19506_/A2 (sky130_fd_sc_hd__a21oi_1)
     3    0.013365    0.501133    0.488331   23.020018 ^ _19506_/Y (sky130_fd_sc_hd__a21oi_1)
                                                         _09600_ (net)
                      0.501133    0.000187   23.020205 ^ _21134_/A2 (sky130_fd_sc_hd__o21ai_2)
     3    0.013015    0.176319    0.293136   23.313341 v _21134_/Y (sky130_fd_sc_hd__o21ai_2)
                                                         _00211_ (net)
                      0.176319    0.000110   23.313452 v _21911_/B (sky130_fd_sc_hd__and3_1)
     1    0.004148    0.082656    0.397389   23.710840 v _21911_/X (sky130_fd_sc_hd__and3_1)
                                                         _01065_ (net)
                      0.082656    0.000068   23.710907 v _21913_/B (sky130_fd_sc_hd__or3_2)
     2    0.031020    0.307397    1.285953   24.996861 v _21913_/X (sky130_fd_sc_hd__or3_2)
                                                         _01067_ (net)
                      0.307440    0.002890   24.999750 v _21914_/A3 (sky130_fd_sc_hd__a31o_1)
     1    0.011488    0.138294    0.563365   25.563114 v _21914_/X (sky130_fd_sc_hd__a31o_1)
                                                         _01068_ (net)
                      0.138296    0.000467   25.563581 v _22033_/A2 (sky130_fd_sc_hd__o21a_1)
     2    0.021166    0.222679    0.482478   26.046061 v _22033_/X (sky130_fd_sc_hd__o21a_1)
                                                         _01199_ (net)
                      0.222690    0.001307   26.047367 v _22196_/A1 (sky130_fd_sc_hd__o22a_1)
     1    0.006043    0.115833    0.479359   26.526726 v _22196_/X (sky130_fd_sc_hd__o22a_1)
                                                         _01378_ (net)
                      0.115834    0.000126   26.526852 v _22243_/A2 (sky130_fd_sc_hd__o21ba_1)
     1    0.003084    0.066465    0.327802   26.854654 v _22243_/X (sky130_fd_sc_hd__o21ba_1)
                                                         _01430_ (net)
                      0.066465    0.000032   26.854687 v _22245_/B1 (sky130_fd_sc_hd__o32a_1)
     1    0.003277    0.117609    0.329775   27.184462 v _22245_/X (sky130_fd_sc_hd__o32a_1)
                                                         _00005_ (net)
                      0.117609    0.000048   27.184509 v _22395_/D (sky130_fd_sc_hd__dfxtp_4)
                                             27.184509   data arrival time

                                 25.000000   25.000000   clock clk (rise edge)
                                  0.000000   25.000000   clock source latency
     2    0.079347    0.571738    0.406116   25.406115 ^ clk (in)
                                                         clk (net)
                      0.572880    0.000000   25.406115 ^ clkbuf_0_clk/A (sky130_fd_sc_hd__clkbuf_16)
     2    0.022722    0.077680    0.438058   25.844173 ^ clkbuf_0_clk/X (sky130_fd_sc_hd__clkbuf_16)
                                                         clknet_0_clk (net)
                      0.077680    0.000256   25.844429 ^ clkbuf_1_1__f_clk/A (sky130_fd_sc_hd__clkbuf_16)
     9    0.033646    0.085537    0.244087   26.088516 ^ clkbuf_1_1__f_clk/X (sky130_fd_sc_hd__clkbuf_16)
                                                         clknet_1_1__leaf_clk (net)
                      0.085542    0.000517   26.089033 ^ _22395_/CLK (sky130_fd_sc_hd__dfxtp_4)
                                 -0.250000   25.839035   clock uncertainty
                                  0.000000   25.839035   clock reconvergence pessimism
                                 -0.288183   25.550852   library setup time
                                             25.550852   data required time
---------------------------------------------------------------------------------------------
                                             25.550852   data required time
                                            -27.184509   data arrival time
---------------------------------------------------------------------------------------------
                                             -1.633659   slack (VIOLATED)




===========================================================================
 report_check_types -max_slew -max_cap -max_fanout -violators
============================================================================
======================= min_ss_100C_1v60 Corner ===================================

max slew

Pin                                        Limit        Slew       Slack
------------------------------------------------------------------------
ANTENNA__17098__C/DIODE                 0.750000    0.964842   -0.214842 (VIOLATED)
ANTENNA__17099__A2/DIODE                0.750000    0.964842   -0.214842 (VIOLATED)
_17098_/C                               0.750000    0.964842   -0.214842 (VIOLATED)
_17099_/A2                              0.750000    0.964842   -0.214842 (VIOLATED)
_17097_/Y                               0.750000    0.964839   -0.214839 (VIOLATED)
_14468_/A                               0.750000    0.860005   -0.110005 (VIOLATED)
ANTENNA__13664__B/DIODE                 0.750000    0.860005   -0.110005 (VIOLATED)
ANTENNA__14468__A/DIODE                 0.750000    0.860005   -0.110005 (VIOLATED)
ANTENNA__13665__B/DIODE                 0.750000    0.860005   -0.110005 (VIOLATED)
_13664_/B                               0.750000    0.860005   -0.110005 (VIOLATED)
_13665_/B                               0.750000    0.860005   -0.110005 (VIOLATED)
ANTENNA__12227__A/DIODE                 0.750000    0.860005   -0.110005 (VIOLATED)
_12227_/A                               0.750000    0.860005   -0.110005 (VIOLATED)
ANTENNA__12386__A/DIODE                 0.750000    0.860003   -0.110003 (VIOLATED)
ANTENNA__12387__A/DIODE                 0.750000    0.860003   -0.110003 (VIOLATED)
_12226_/Y                               0.750000    0.860003   -0.110003 (VIOLATED)
_12386_/A                               0.750000    0.860003   -0.110003 (VIOLATED)
_12387_/A                               0.750000    0.860003   -0.110003 (VIOLATED)
ANTENNA__16572__A_N/DIODE               0.750000    0.832728   -0.082728 (VIOLATED)
_16572_/A_N                             0.750000    0.832728   -0.082728 (VIOLATED)
ANTENNA__16576__A/DIODE                 0.750000    0.832728   -0.082728 (VIOLATED)
_16576_/A                               0.750000    0.832728   -0.082728 (VIOLATED)
ANTENNA__21395__B/DIODE                 0.750000    0.832724   -0.082724 (VIOLATED)
_21395_/B                               0.750000    0.832724   -0.082724 (VIOLATED)
ANTENNA__16530__B/DIODE                 0.750000    0.832723   -0.082723 (VIOLATED)
_16530_/B                               0.750000    0.832723   -0.082723 (VIOLATED)
ANTENNA__19737__B1/DIODE                0.750000    0.832722   -0.082722 (VIOLATED)
_19737_/B1                              0.750000    0.832722   -0.082722 (VIOLATED)
ANTENNA__19738__A/DIODE                 0.750000    0.832721   -0.082722 (VIOLATED)
_19738_/A                               0.750000    0.832722   -0.082722 (VIOLATED)
ANTENNA__13656__B/DIODE                 0.750000    0.832719   -0.082719 (VIOLATED)
ANTENNA__13659__B/DIODE                 0.750000    0.832719   -0.082719 (VIOLATED)
ANTENNA__22207__B/DIODE                 0.750000    0.832719   -0.082719 (VIOLATED)
_13655_/Y                               0.750000    0.832719   -0.082719 (VIOLATED)
_13656_/B                               0.750000    0.832719   -0.082719 (VIOLATED)
_13659_/B                               0.750000    0.832719   -0.082719 (VIOLATED)
_22207_/B                               0.750000    0.832719   -0.082719 (VIOLATED)
ANTENNA__12046__A1/DIODE                0.750000    0.832128   -0.082128 (VIOLATED)
_12046_/A1                              0.750000    0.832128   -0.082128 (VIOLATED)
_13594_/A1                              0.750000    0.832128   -0.082128 (VIOLATED)
ANTENNA__12405__B/DIODE                 0.750000    0.832128   -0.082128 (VIOLATED)
ANTENNA__13594__A1/DIODE                0.750000    0.832128   -0.082128 (VIOLATED)
_12405_/B                               0.750000    0.832128   -0.082128 (VIOLATED)
ANTENNA__12044__B/DIODE                 0.750000    0.832128   -0.082128 (VIOLATED)
_12044_/B                               0.750000    0.832128   -0.082128 (VIOLATED)
ANTENNA__15374__A/DIODE                 0.750000    0.832124   -0.082124 (VIOLATED)
ANTENNA__15375__A/DIODE                 0.750000    0.832124   -0.082124 (VIOLATED)
_15374_/A                               0.750000    0.832124   -0.082124 (VIOLATED)
_15375_/A                               0.750000    0.832124   -0.082124 (VIOLATED)
_11242_/Y                               0.750000    0.832123   -0.082123 (VIOLATED)
_21817_/A                               0.750000    0.814567   -0.064567 (VIOLATED)
ANTENNA__21817__A/DIODE                 0.750000    0.814566   -0.064566 (VIOLATED)
_19113_/Y                               0.750000    0.814345   -0.064345 (VIOLATED)
_19115_/B                               0.750000    0.814345   -0.064345 (VIOLATED)
_19116_/A1                              0.750000    0.814345   -0.064345 (VIOLATED)
_20649_/A_N                             0.750000    0.814345   -0.064345 (VIOLATED)
_21769_/Y                               0.750000    0.814252   -0.064252 (VIOLATED)
ANTENNA__15917__C/DIODE                 0.750000    0.811925   -0.061925 (VIOLATED)
ANTENNA__15918__A2/DIODE                0.750000    0.811925   -0.061925 (VIOLATED)
_15918_/A2                              0.750000    0.811925   -0.061925 (VIOLATED)
_15917_/C                               0.750000    0.811925   -0.061925 (VIOLATED)
ANTENNA__15923__B1/DIODE                0.750000    0.811924   -0.061924 (VIOLATED)
_15923_/B1                              0.750000    0.811925   -0.061925 (VIOLATED)
_15916_/Y                               0.750000    0.811922   -0.061922 (VIOLATED)
ANTENNA__20898__A/DIODE                 0.750000    0.810938   -0.060938 (VIOLATED)
_20898_/A                               0.750000    0.810938   -0.060938 (VIOLATED)
_20899_/A                               0.750000    0.810938   -0.060938 (VIOLATED)
ANTENNA__20899__A/DIODE                 0.750000    0.810938   -0.060938 (VIOLATED)
_22118_/A1                              0.750000    0.810924   -0.060924 (VIOLATED)
ANTENNA__22118__A1/DIODE                0.750000    0.810924   -0.060924 (VIOLATED)
_21376_/A                               0.750000    0.810920   -0.060920 (VIOLATED)
ANTENNA__21376__A/DIODE                 0.750000    0.810919   -0.060919 (VIOLATED)
_20890_/Y                               0.750000    0.810916   -0.060916 (VIOLATED)
ANTENNA__14463__A/DIODE                 0.750000    0.808235   -0.058235 (VIOLATED)
ANTENNA__14501__A1/DIODE                0.750000    0.808235   -0.058235 (VIOLATED)
_14501_/A1                              0.750000    0.808235   -0.058235 (VIOLATED)
_14463_/A                               0.750000    0.808235   -0.058235 (VIOLATED)
_11762_/Y                               0.750000    0.808225   -0.058225 (VIOLATED)
_17119_/A2                              0.750000    0.799777   -0.049777 (VIOLATED)
ANTENNA__17119__A2/DIODE                0.750000    0.799777   -0.049777 (VIOLATED)
_17118_/Y                               0.750000    0.799768   -0.049768 (VIOLATED)
_14807_/A                               0.750000    0.799267   -0.049267 (VIOLATED)
_14834_/A1                              0.750000    0.799267   -0.049267 (VIOLATED)
ANTENNA__14834__A1/DIODE                0.750000    0.799267   -0.049267 (VIOLATED)
ANTENNA__14807__A/DIODE                 0.750000    0.799267   -0.049267 (VIOLATED)
_11545_/A1                              0.750000    0.799261   -0.049261 (VIOLATED)
ANTENNA__11545__A1/DIODE                0.750000    0.799260   -0.049260 (VIOLATED)
ANTENNA__14154__B/DIODE                 0.750000    0.799255   -0.049255 (VIOLATED)
ANTENNA__14155__B/DIODE                 0.750000    0.799255   -0.049255 (VIOLATED)
ANTENNA__16689__A/DIODE                 0.750000    0.799255   -0.049255 (VIOLATED)
ANTENNA__17823__A1/DIODE                0.750000    0.799255   -0.049255 (VIOLATED)
ANTENNA__20122__A/DIODE                 0.750000    0.799255   -0.049255 (VIOLATED)
ANTENNA__21237__A1/DIODE                0.750000    0.799255   -0.049255 (VIOLATED)
_11544_/X                               0.750000    0.799255   -0.049255 (VIOLATED)
_14154_/B                               0.750000    0.799255   -0.049255 (VIOLATED)
_14155_/B                               0.750000    0.799255   -0.049255 (VIOLATED)
_16689_/A                               0.750000    0.799255   -0.049255 (VIOLATED)
_17823_/A1                              0.750000    0.799255   -0.049255 (VIOLATED)
_20122_/A                               0.750000    0.799255   -0.049255 (VIOLATED)
_21237_/A1                              0.750000    0.799255   -0.049255 (VIOLATED)
_22103_/A                               0.750000    0.796609   -0.046609 (VIOLATED)
ANTENNA__22103__A/DIODE                 0.750000    0.796609   -0.046609 (VIOLATED)
_22101_/Y                               0.750000    0.796500   -0.046500 (VIOLATED)
_19046_/A                               0.750000    0.790128   -0.040128 (VIOLATED)
ANTENNA__19046__A/DIODE                 0.750000    0.790127   -0.040127 (VIOLATED)
_19045_/A                               0.750000    0.790124   -0.040124 (VIOLATED)
ANTENNA__19045__A/DIODE                 0.750000    0.790124   -0.040124 (VIOLATED)
ANTENNA__14180__B/DIODE                 0.750000    0.790123   -0.040123 (VIOLATED)
_14180_/B                               0.750000    0.790123   -0.040123 (VIOLATED)
_14181_/B                               0.750000    0.790123   -0.040123 (VIOLATED)
ANTENNA__14181__B/DIODE                 0.750000    0.790123   -0.040123 (VIOLATED)
ANTENNA__22077__A/DIODE                 0.750000    0.790123   -0.040123 (VIOLATED)
_22077_/A                               0.750000    0.790123   -0.040123 (VIOLATED)
_11829_/A1                              0.750000    0.790121   -0.040121 (VIOLATED)
ANTENNA__11829__A1/DIODE                0.750000    0.790121   -0.040121 (VIOLATED)
ANTENNA__17149__A/DIODE                 0.750000    0.790121   -0.040121 (VIOLATED)
_17149_/A                               0.750000    0.790121   -0.040121 (VIOLATED)
_17150_/A                               0.750000    0.790121   -0.040121 (VIOLATED)
ANTENNA__17150__A/DIODE                 0.750000    0.790121   -0.040121 (VIOLATED)
_11828_/X                               0.750000    0.790119   -0.040119 (VIOLATED)
_16487_/B1                              0.750000    0.788721   -0.038721 (VIOLATED)
ANTENNA__16487__B1/DIODE                0.750000    0.788721   -0.038721 (VIOLATED)
_16475_/C                               0.750000    0.788721   -0.038721 (VIOLATED)
ANTENNA__16475__C/DIODE                 0.750000    0.788721   -0.038721 (VIOLATED)
_16474_/Y                               0.750000    0.788714   -0.038714 (VIOLATED)
_14896_/A                               0.750000    0.785623   -0.035623 (VIOLATED)
_17144_/A1                              0.750000    0.785623   -0.035623 (VIOLATED)
ANTENNA__17144__A1/DIODE                0.750000    0.785623   -0.035623 (VIOLATED)
ANTENNA__14896__A/DIODE                 0.750000    0.785623   -0.035623 (VIOLATED)
_11657_/A1                              0.750000    0.785613   -0.035613 (VIOLATED)
ANTENNA__11657__A1/DIODE                0.750000    0.785612   -0.035612 (VIOLATED)
ANTENNA__14167__B/DIODE                 0.750000    0.785609   -0.035609 (VIOLATED)
ANTENNA__14183__A2/DIODE                0.750000    0.785609   -0.035609 (VIOLATED)
ANTENNA__17822__A/DIODE                 0.750000    0.785609   -0.035609 (VIOLATED)
ANTENNA__19047__A1/DIODE                0.750000    0.785609   -0.035609 (VIOLATED)
ANTENNA__21236__A/DIODE                 0.750000    0.785609   -0.035609 (VIOLATED)
ANTENNA__22076__A1/DIODE                0.750000    0.785609   -0.035609 (VIOLATED)
_11656_/X                               0.750000    0.785609   -0.035609 (VIOLATED)
_14167_/B                               0.750000    0.785609   -0.035609 (VIOLATED)
_14183_/A2                              0.750000    0.785609   -0.035609 (VIOLATED)
_17822_/A                               0.750000    0.785609   -0.035609 (VIOLATED)
_19047_/A1                              0.750000    0.785609   -0.035609 (VIOLATED)
_21236_/A                               0.750000    0.785609   -0.035609 (VIOLATED)
_22076_/A1                              0.750000    0.785609   -0.035609 (VIOLATED)
_20583_/B                               0.750000    0.784235   -0.034235 (VIOLATED)
_20582_/B                               0.750000    0.784235   -0.034235 (VIOLATED)
ANTENNA__20582__B/DIODE                 0.750000    0.784235   -0.034235 (VIOLATED)
ANTENNA__20583__B/DIODE                 0.750000    0.784231   -0.034231 (VIOLATED)
_20581_/Y                               0.750000    0.784015   -0.034015 (VIOLATED)
_15099_/B                               0.750000    0.782385   -0.032385 (VIOLATED)
ANTENNA__15099__B/DIODE                 0.750000    0.782385   -0.032385 (VIOLATED)
ANTENNA__16474__B/DIODE                 0.750000    0.782384   -0.032384 (VIOLATED)
_16474_/B                               0.750000    0.782384   -0.032384 (VIOLATED)
ANTENNA__16232__B/DIODE                 0.750000    0.782383   -0.032383 (VIOLATED)
ANTENNA__20265__A2/DIODE                0.750000    0.782383   -0.032383 (VIOLATED)
_15098_/Y                               0.750000    0.782383   -0.032383 (VIOLATED)
_16232_/B                               0.750000    0.782383   -0.032383 (VIOLATED)
_20265_/A2                              0.750000    0.782383   -0.032383 (VIOLATED)
_20910_/A                               0.750000    0.780075   -0.030075 (VIOLATED)
ANTENNA__20910__A/DIODE                 0.750000    0.780074   -0.030074 (VIOLATED)
ANTENNA__20909__A/DIODE                 0.750000    0.780073   -0.030073 (VIOLATED)
ANTENNA__20908__A/DIODE                 0.750000    0.780072   -0.030072 (VIOLATED)
_20909_/A                               0.750000    0.780072   -0.030072 (VIOLATED)
_20908_/A                               0.750000    0.780071   -0.030071 (VIOLATED)
_20906_/Y                               0.750000    0.779831   -0.029831 (VIOLATED)
_21431_/A2                              0.750000    0.776502   -0.026502 (VIOLATED)
ANTENNA__21431__A2/DIODE                0.750000    0.776502   -0.026502 (VIOLATED)
_20338_/B                               0.750000    0.776502   -0.026502 (VIOLATED)
ANTENNA__20338__B/DIODE                 0.750000    0.776502   -0.026502 (VIOLATED)
_20337_/Y                               0.750000    0.776497   -0.026498 (VIOLATED)
_19485_/A                               0.750000    0.768761   -0.018761 (VIOLATED)
ANTENNA__19484__A/DIODE                 0.750000    0.768757   -0.018757 (VIOLATED)
ANTENNA__19485__A/DIODE                 0.750000    0.768757   -0.018757 (VIOLATED)
_19484_/A                               0.750000    0.768755   -0.018755 (VIOLATED)
ANTENNA__21377__A1/DIODE                0.750000    0.768616   -0.018616 (VIOLATED)
_21377_/A1                              0.750000    0.768616   -0.018616 (VIOLATED)
_20018_/A                               0.750000    0.768613   -0.018614 (VIOLATED)
ANTENNA__20018__A/DIODE                 0.750000    0.768613   -0.018613 (VIOLATED)
_19473_/Y                               0.750000    0.768611   -0.018611 (VIOLATED)
_17879_/B1                              0.750000    0.764972   -0.014972 (VIOLATED)
ANTENNA__17879__B1/DIODE                0.750000    0.764971   -0.014972 (VIOLATED)
ANTENNA__17878__A/DIODE                 0.750000    0.764971   -0.014971 (VIOLATED)
_17878_/A                               0.750000    0.764971   -0.014971 (VIOLATED)
_17841_/Y                               0.750000    0.764969   -0.014969 (VIOLATED)
_21983_/B                               0.750000    0.764548   -0.014548 (VIOLATED)
ANTENNA__21983__B/DIODE                 0.750000    0.764547   -0.014547 (VIOLATED)
_21982_/Y                               0.750000    0.764206   -0.014206 (VIOLATED)
_17044_/A                               0.750000    0.755931   -0.005931 (VIOLATED)
ANTENNA__17044__A/DIODE                 0.750000    0.755930   -0.005930 (VIOLATED)
_13188_/B                               0.750000    0.755930   -0.005930 (VIOLATED)
ANTENNA__13188__B/DIODE                 0.750000    0.755929   -0.005929 (VIOLATED)
_13215_/A2                              0.750000    0.755928   -0.005928 (VIOLATED)
ANTENNA__13215__A2/DIODE                0.750000    0.755926   -0.005926 (VIOLATED)
_13347_/D                               0.750000    0.755915   -0.005915 (VIOLATED)
ANTENNA__13347__D/DIODE                 0.750000    0.755914   -0.005914 (VIOLATED)
_13369_/B                               0.750000    0.755912   -0.005912 (VIOLATED)
ANTENNA__13369__B/DIODE                 0.750000    0.755912   -0.005912 (VIOLATED)
ANTENNA__16050__A/DIODE                 0.750000    0.755905   -0.005905 (VIOLATED)
_16050_/A                               0.750000    0.755905   -0.005905 (VIOLATED)
ANTENNA__16052__A/DIODE                 0.750000    0.755905   -0.005905 (VIOLATED)
_16052_/A                               0.750000    0.755905   -0.005905 (VIOLATED)
_13154_/X                               0.750000    0.755904   -0.005904 (VIOLATED)

max fanout

Pin                                   Limit Fanout  Slack
---------------------------------------------------------
_11446_/Y                                10     20    -10 (VIOLATED)
_11543_/Y                                10     20    -10 (VIOLATED)
_11758_/Y                                10     20    -10 (VIOLATED)
_12250_/X                                10     20    -10 (VIOLATED)
_13115_/X                                10     20    -10 (VIOLATED)
_13155_/Y                                10     20    -10 (VIOLATED)
_14753_/Y                                10     20    -10 (VIOLATED)
_15566_/Y                                10     20    -10 (VIOLATED)
_16075_/Y                                10     20    -10 (VIOLATED)
_16517_/Y                                10     20    -10 (VIOLATED)
fanout251/X                              10     20    -10 (VIOLATED)
fanout252/X                              10     20    -10 (VIOLATED)
fanout253/X                              10     20    -10 (VIOLATED)
fanout255/X                              10     20    -10 (VIOLATED)
fanout256/X                              10     20    -10 (VIOLATED)
fanout258/X                              10     20    -10 (VIOLATED)
fanout259/X                              10     20    -10 (VIOLATED)
fanout260/X                              10     20    -10 (VIOLATED)
fanout261/X                              10     20    -10 (VIOLATED)
fanout262/X                              10     20    -10 (VIOLATED)
fanout264/X                              10     20    -10 (VIOLATED)
fanout266/X                              10     20    -10 (VIOLATED)
fanout267/X                              10     20    -10 (VIOLATED)
fanout268/X                              10     20    -10 (VIOLATED)
fanout270/X                              10     20    -10 (VIOLATED)
fanout272/X                              10     20    -10 (VIOLATED)
fanout275/X                              10     20    -10 (VIOLATED)
fanout276/X                              10     20    -10 (VIOLATED)
fanout283/X                              10     20    -10 (VIOLATED)
fanout284/X                              10     20    -10 (VIOLATED)
fanout288/X                              10     20    -10 (VIOLATED)
fanout291/X                              10     20    -10 (VIOLATED)
fanout292/X                              10     20    -10 (VIOLATED)
fanout293/X                              10     20    -10 (VIOLATED)
fanout294/X                              10     20    -10 (VIOLATED)
fanout295/X                              10     20    -10 (VIOLATED)
fanout297/X                              10     20    -10 (VIOLATED)
fanout300/X                              10     20    -10 (VIOLATED)
fanout303/X                              10     20    -10 (VIOLATED)
fanout306/X                              10     20    -10 (VIOLATED)
fanout307/X                              10     20    -10 (VIOLATED)
fanout311/X                              10     20    -10 (VIOLATED)
fanout312/X                              10     20    -10 (VIOLATED)
fanout313/X                              10     20    -10 (VIOLATED)
fanout314/X                              10     20    -10 (VIOLATED)
fanout315/X                              10     20    -10 (VIOLATED)
fanout316/X                              10     20    -10 (VIOLATED)
fanout321/X                              10     20    -10 (VIOLATED)
fanout322/X                              10     20    -10 (VIOLATED)
fanout324/X                              10     20    -10 (VIOLATED)
fanout325/X                              10     20    -10 (VIOLATED)
fanout326/X                              10     20    -10 (VIOLATED)
fanout328/X                              10     20    -10 (VIOLATED)
fanout329/X                              10     20    -10 (VIOLATED)
fanout331/X                              10     20    -10 (VIOLATED)
fanout337/X                              10     20    -10 (VIOLATED)
fanout338/X                              10     20    -10 (VIOLATED)
fanout342/X                              10     20    -10 (VIOLATED)
fanout346/X                              10     20    -10 (VIOLATED)
fanout347/X                              10     20    -10 (VIOLATED)
fanout348/X                              10     20    -10 (VIOLATED)
fanout349/X                              10     20    -10 (VIOLATED)
fanout352/X                              10     20    -10 (VIOLATED)
fanout360/X                              10     20    -10 (VIOLATED)
fanout361/X                              10     20    -10 (VIOLATED)
fanout364/X                              10     20    -10 (VIOLATED)
fanout365/X                              10     20    -10 (VIOLATED)
fanout366/X                              10     20    -10 (VIOLATED)
fanout367/X                              10     20    -10 (VIOLATED)
fanout370/X                              10     20    -10 (VIOLATED)
fanout371/X                              10     20    -10 (VIOLATED)
fanout373/X                              10     20    -10 (VIOLATED)
fanout377/X                              10     20    -10 (VIOLATED)
fanout380/X                              10     20    -10 (VIOLATED)
fanout381/X                              10     20    -10 (VIOLATED)
fanout382/X                              10     20    -10 (VIOLATED)
fanout383/X                              10     20    -10 (VIOLATED)
fanout386/X                              10     20    -10 (VIOLATED)
fanout389/X                              10     20    -10 (VIOLATED)
fanout390/X                              10     20    -10 (VIOLATED)
fanout392/X                              10     20    -10 (VIOLATED)
fanout398/X                              10     20    -10 (VIOLATED)
fanout400/X                              10     20    -10 (VIOLATED)
fanout402/X                              10     20    -10 (VIOLATED)
fanout405/X                              10     20    -10 (VIOLATED)
fanout406/X                              10     20    -10 (VIOLATED)
fanout408/X                              10     20    -10 (VIOLATED)
fanout412/X                              10     20    -10 (VIOLATED)
fanout413/X                              10     20    -10 (VIOLATED)
fanout421/X                              10     20    -10 (VIOLATED)
fanout425/X                              10     20    -10 (VIOLATED)
fanout427/X                              10     20    -10 (VIOLATED)
fanout429/X                              10     20    -10 (VIOLATED)
fanout434/X                              10     20    -10 (VIOLATED)
fanout435/X                              10     20    -10 (VIOLATED)
fanout437/X                              10     20    -10 (VIOLATED)
fanout440/X                              10     20    -10 (VIOLATED)
fanout443/X                              10     20    -10 (VIOLATED)
fanout444/X                              10     20    -10 (VIOLATED)
fanout445/X                              10     20    -10 (VIOLATED)
fanout448/X                              10     20    -10 (VIOLATED)
fanout450/X                              10     20    -10 (VIOLATED)
fanout451/X                              10     20    -10 (VIOLATED)
fanout452/X                              10     20    -10 (VIOLATED)
fanout453/X                              10     20    -10 (VIOLATED)
fanout455/X                              10     20    -10 (VIOLATED)
fanout457/X                              10     20    -10 (VIOLATED)
fanout458/X                              10     20    -10 (VIOLATED)
fanout459/X                              10     20    -10 (VIOLATED)
fanout460/X                              10     20    -10 (VIOLATED)
fanout462/X                              10     20    -10 (VIOLATED)
fanout467/X                              10     20    -10 (VIOLATED)
fanout475/X                              10     20    -10 (VIOLATED)
fanout479/X                              10     20    -10 (VIOLATED)
fanout481/X                              10     20    -10 (VIOLATED)
fanout487/X                              10     20    -10 (VIOLATED)
fanout490/X                              10     20    -10 (VIOLATED)
fanout493/X                              10     20    -10 (VIOLATED)
fanout497/X                              10     20    -10 (VIOLATED)
fanout498/X                              10     20    -10 (VIOLATED)
fanout500/X                              10     20    -10 (VIOLATED)
fanout501/X                              10     20    -10 (VIOLATED)
fanout503/X                              10     20    -10 (VIOLATED)
fanout504/X                              10     20    -10 (VIOLATED)
fanout506/X                              10     20    -10 (VIOLATED)
fanout508/X                              10     20    -10 (VIOLATED)
fanout510/X                              10     20    -10 (VIOLATED)
fanout512/X                              10     20    -10 (VIOLATED)
fanout514/X                              10     20    -10 (VIOLATED)
fanout517/X                              10     20    -10 (VIOLATED)
fanout520/X                              10     20    -10 (VIOLATED)
fanout521/X                              10     20    -10 (VIOLATED)
fanout522/X                              10     20    -10 (VIOLATED)
fanout523/X                              10     20    -10 (VIOLATED)
fanout526/X                              10     20    -10 (VIOLATED)
fanout528/X                              10     20    -10 (VIOLATED)
fanout529/X                              10     20    -10 (VIOLATED)
fanout533/X                              10     20    -10 (VIOLATED)
fanout535/X                              10     20    -10 (VIOLATED)
fanout536/X                              10     20    -10 (VIOLATED)
fanout540/X                              10     20    -10 (VIOLATED)
fanout559/X                              10     20    -10 (VIOLATED)
fanout560/X                              10     20    -10 (VIOLATED)
fanout563/X                              10     20    -10 (VIOLATED)
fanout565/X                              10     20    -10 (VIOLATED)
fanout566/X                              10     20    -10 (VIOLATED)
fanout571/X                              10     20    -10 (VIOLATED)
fanout574/X                              10     20    -10 (VIOLATED)
input121/X                               10     20    -10 (VIOLATED)
input122/X                               10     20    -10 (VIOLATED)
input174/X                               10     20    -10 (VIOLATED)
input27/X                                10     20    -10 (VIOLATED)
input40/X                                10     20    -10 (VIOLATED)
input67/X                                10     20    -10 (VIOLATED)
input69/X                                10     20    -10 (VIOLATED)
input70/X                                10     20    -10 (VIOLATED)
input95/X                                10     20    -10 (VIOLATED)
_11241_/Y                                10     18     -8 (VIOLATED)
_11286_/Y                                10     18     -8 (VIOLATED)
_11299_/Y                                10     18     -8 (VIOLATED)
_11449_/Y                                10     18     -8 (VIOLATED)
_11544_/X                                10     18     -8 (VIOLATED)
_11656_/X                                10     18     -8 (VIOLATED)
_12083_/Y                                10     18     -8 (VIOLATED)
_12314_/X                                10     18     -8 (VIOLATED)
_13074_/X                                10     18     -8 (VIOLATED)
_13086_/X                                10     18     -8 (VIOLATED)
_13135_/Y                                10     18     -8 (VIOLATED)
_13655_/Y                                10     18     -8 (VIOLATED)
_13713_/Y                                10     18     -8 (VIOLATED)
_14670_/Y                                10     18     -8 (VIOLATED)
_15567_/Y                                10     18     -8 (VIOLATED)
fanout336/X                              10     18     -8 (VIOLATED)
fanout341/X                              10     18     -8 (VIOLATED)
fanout353/X                              10     18     -8 (VIOLATED)
fanout362/X                              10     18     -8 (VIOLATED)
fanout378/X                              10     18     -8 (VIOLATED)
fanout394/X                              10     18     -8 (VIOLATED)
fanout396/X                              10     18     -8 (VIOLATED)
fanout428/X                              10     18     -8 (VIOLATED)
fanout465/X                              10     18     -8 (VIOLATED)
fanout466/X                              10     18     -8 (VIOLATED)
fanout470/X                              10     18     -8 (VIOLATED)
fanout486/X                              10     18     -8 (VIOLATED)
fanout489/X                              10     18     -8 (VIOLATED)
fanout494/X                              10     18     -8 (VIOLATED)
fanout495/X                              10     18     -8 (VIOLATED)
fanout499/X                              10     18     -8 (VIOLATED)
fanout509/X                              10     18     -8 (VIOLATED)
fanout513/X                              10     18     -8 (VIOLATED)
fanout539/X                              10     18     -8 (VIOLATED)
fanout556/X                              10     18     -8 (VIOLATED)
fanout567/X                              10     18     -8 (VIOLATED)
fanout572/X                              10     18     -8 (VIOLATED)
input221/X                               10     18     -8 (VIOLATED)
input26/X                                10     18     -8 (VIOLATED)
input33/X                                10     18     -8 (VIOLATED)
input43/X                                10     18     -8 (VIOLATED)
input62/X                                10     18     -8 (VIOLATED)
input68/X                                10     18     -8 (VIOLATED)
input79/X                                10     18     -8 (VIOLATED)
input86/X                                10     18     -8 (VIOLATED)
input87/X                                10     18     -8 (VIOLATED)
input89/X                                10     18     -8 (VIOLATED)
input94/X                                10     18     -8 (VIOLATED)
_11197_/Y                                10     16     -6 (VIOLATED)
_11203_/Y                                10     16     -6 (VIOLATED)
_11204_/Y                                10     16     -6 (VIOLATED)
_11207_/Y                                10     16     -6 (VIOLATED)
_11217_/Y                                10     16     -6 (VIOLATED)
_11250_/Y                                10     16     -6 (VIOLATED)
_11444_/X                                10     16     -6 (VIOLATED)
_11828_/X                                10     16     -6 (VIOLATED)
_12092_/X                                10     16     -6 (VIOLATED)
_12421_/Y                                10     16     -6 (VIOLATED)
_12650_/Y                                10     16     -6 (VIOLATED)
_13062_/Y                                10     16     -6 (VIOLATED)
_13598_/Y                                10     16     -6 (VIOLATED)
_13709_/X                                10     16     -6 (VIOLATED)
_13876_/X                                10     16     -6 (VIOLATED)
_14620_/Y                                10     16     -6 (VIOLATED)
_15196_/Y                                10     16     -6 (VIOLATED)
_15609_/Y                                10     16     -6 (VIOLATED)
_16518_/Y                                10     16     -6 (VIOLATED)
fanout298/X                              10     16     -6 (VIOLATED)
fanout369/X                              10     16     -6 (VIOLATED)
fanout391/X                              10     16     -6 (VIOLATED)
fanout411/X                              10     16     -6 (VIOLATED)
fanout439/X                              10     16     -6 (VIOLATED)
fanout447/X                              10     16     -6 (VIOLATED)
fanout449/X                              10     16     -6 (VIOLATED)
fanout461/X                              10     16     -6 (VIOLATED)
fanout463/X                              10     16     -6 (VIOLATED)
fanout468/X                              10     16     -6 (VIOLATED)
fanout507/X                              10     16     -6 (VIOLATED)
fanout518/X                              10     16     -6 (VIOLATED)
fanout538/X                              10     16     -6 (VIOLATED)
fanout564/X                              10     16     -6 (VIOLATED)
input104/X                               10     16     -6 (VIOLATED)
input138/X                               10     16     -6 (VIOLATED)
input158/X                               10     16     -6 (VIOLATED)
input210/X                               10     16     -6 (VIOLATED)
input220/X                               10     16     -6 (VIOLATED)
input41/X                                10     16     -6 (VIOLATED)
input85/X                                10     16     -6 (VIOLATED)
max_cap286/X                             10     16     -6 (VIOLATED)
_11208_/Y                                10     14     -4 (VIOLATED)
_11211_/Y                                10     14     -4 (VIOLATED)
_11238_/X                                10     14     -4 (VIOLATED)
_11358_/Y                                10     14     -4 (VIOLATED)
_11421_/X                                10     14     -4 (VIOLATED)
_11760_/X                                10     14     -4 (VIOLATED)
_12176_/Y                                10     14     -4 (VIOLATED)
_12177_/X                                10     14     -4 (VIOLATED)
_12224_/Y                                10     14     -4 (VIOLATED)
_13088_/Y                                10     14     -4 (VIOLATED)
_13104_/Y                                10     14     -4 (VIOLATED)
_13132_/Y                                10     14     -4 (VIOLATED)
_13154_/X                                10     14     -4 (VIOLATED)
_13872_/Y                                10     14     -4 (VIOLATED)
_14636_/X                                10     14     -4 (VIOLATED)
_14734_/Y                                10     14     -4 (VIOLATED)
_14754_/Y                                10     14     -4 (VIOLATED)
_14759_/X                                10     14     -4 (VIOLATED)
_15237_/Y                                10     14     -4 (VIOLATED)
_15278_/X                                10     14     -4 (VIOLATED)
_15573_/X                                10     14     -4 (VIOLATED)
_16072_/X                                10     14     -4 (VIOLATED)
_16687_/X                                10     14     -4 (VIOLATED)
clkbuf_1_0__f_clk/X                      10     14     -4 (VIOLATED)
fanout344/X                              10     14     -4 (VIOLATED)
fanout345/X                              10     14     -4 (VIOLATED)
fanout351/X                              10     14     -4 (VIOLATED)
fanout355/X                              10     14     -4 (VIOLATED)
fanout358/X                              10     14     -4 (VIOLATED)
fanout359/X                              10     14     -4 (VIOLATED)
fanout375/X                              10     14     -4 (VIOLATED)
fanout384/X                              10     14     -4 (VIOLATED)
fanout385/X                              10     14     -4 (VIOLATED)
fanout423/X                              10     14     -4 (VIOLATED)
fanout436/X                              10     14     -4 (VIOLATED)
fanout446/X                              10     14     -4 (VIOLATED)
fanout454/X                              10     14     -4 (VIOLATED)
fanout502/X                              10     14     -4 (VIOLATED)
fanout524/X                              10     14     -4 (VIOLATED)
fanout537/X                              10     14     -4 (VIOLATED)
fanout570/X                              10     14     -4 (VIOLATED)
input123/X                               10     14     -4 (VIOLATED)
input141/X                               10     14     -4 (VIOLATED)
input176/X                               10     14     -4 (VIOLATED)
input45/X                                10     14     -4 (VIOLATED)
input80/X                                10     14     -4 (VIOLATED)
input92/X                                10     14     -4 (VIOLATED)
input93/X                                10     14     -4 (VIOLATED)
input96/X                                10     14     -4 (VIOLATED)
_11242_/Y                                10     12     -2 (VIOLATED)
_11323_/X                                10     12     -2 (VIOLATED)
_11342_/X                                10     12     -2 (VIOLATED)
_11343_/Y                                10     12     -2 (VIOLATED)
_11360_/Y                                10     12     -2 (VIOLATED)
_11445_/Y                                10     12     -2 (VIOLATED)
_11506_/Y                                10     12     -2 (VIOLATED)
_11681_/Y                                10     12     -2 (VIOLATED)
_11991_/Y                                10     12     -2 (VIOLATED)
_12226_/Y                                10     12     -2 (VIOLATED)
_12333_/Y                                10     12     -2 (VIOLATED)
_12334_/X                                10     12     -2 (VIOLATED)
_13197_/X                                10     12     -2 (VIOLATED)
_13235_/Y                                10     12     -2 (VIOLATED)
_13447_/Y                                10     12     -2 (VIOLATED)
_13465_/X                                10     12     -2 (VIOLATED)
_13490_/Y                                10     12     -2 (VIOLATED)
_13521_/Y                                10     12     -2 (VIOLATED)
_13858_/Y                                10     12     -2 (VIOLATED)
_13862_/Y                                10     12     -2 (VIOLATED)
_13873_/Y                                10     12     -2 (VIOLATED)
_14674_/X                                10     12     -2 (VIOLATED)
_14841_/X                                10     12     -2 (VIOLATED)
_15027_/Y                                10     12     -2 (VIOLATED)
_15351_/Y                                10     12     -2 (VIOLATED)
_15610_/X                                10     12     -2 (VIOLATED)
_16608_/X                                10     12     -2 (VIOLATED)
_17774_/X                                10     12     -2 (VIOLATED)
_19723_/X                                10     12     -2 (VIOLATED)
fanout263/X                              10     12     -2 (VIOLATED)
fanout265/X                              10     12     -2 (VIOLATED)
fanout269/X                              10     12     -2 (VIOLATED)
fanout302/X                              10     12     -2 (VIOLATED)
fanout310/X                              10     12     -2 (VIOLATED)
fanout356/X                              10     12     -2 (VIOLATED)
fanout372/X                              10     12     -2 (VIOLATED)
fanout407/X                              10     12     -2 (VIOLATED)
fanout416/X                              10     12     -2 (VIOLATED)
fanout417/X                              10     12     -2 (VIOLATED)
fanout422/X                              10     12     -2 (VIOLATED)
fanout426/X                              10     12     -2 (VIOLATED)
fanout431/X                              10     12     -2 (VIOLATED)
fanout492/X                              10     12     -2 (VIOLATED)
fanout515/X                              10     12     -2 (VIOLATED)
fanout519/X                              10     12     -2 (VIOLATED)
fanout531/X                              10     12     -2 (VIOLATED)
fanout545/X                              10     12     -2 (VIOLATED)
fanout548/X                              10     12     -2 (VIOLATED)
fanout554/X                              10     12     -2 (VIOLATED)
fanout569/X                              10     12     -2 (VIOLATED)
fanout573/X                              10     12     -2 (VIOLATED)
input159/X                               10     12     -2 (VIOLATED)
input177/X                               10     12     -2 (VIOLATED)
input193/X                               10     12     -2 (VIOLATED)
input63/X                                10     12     -2 (VIOLATED)
input90/X                                10     12     -2 (VIOLATED)
input91/X                                10     12     -2 (VIOLATED)



===========================================================================
report_parasitic_annotation -report_unannotated
============================================================================
Found 23 unannotated drivers.
 input_data[127]
 input_data[191]
 input_data[207]
 input_data[208]
 input_data[209]
 input_data[210]
 input_data[211]
 input_data[212]
 input_data[213]
 input_data[214]
 input_data[215]
 input_data[216]
 input_data[217]
 input_data[218]
 input_data[219]
 input_data[220]
 input_data[221]
 input_data[222]
 input_data[223]
 input_data[238]
 input_data[239]
 input_data[63]
 input_data[79]
Found 0 partially unannotated drivers.

===========================================================================
max slew violation count 202
max fanout violation count 352
max cap violation count 0
============================================================================

===========================================================================
check_setup -verbose -unconstrained_endpoints -multiple_clock -no_clock -no_input_delay -loops -generated_clocks
===========================================================================
