
===========================================================================
 report_power
============================================================================
======================= min_ss_100C_1v60 Corner ===================================

Group                    Internal    Switching      Leakage        Total
                            Power        Power        Power        Power (Watts)
------------------------------------------------------------------------
Sequential           3.731890e-05 3.613389e-05 2.456023e-07 7.369839e-05   0.7%
Combinational        4.557725e-03 6.569525e-03 5.141781e-05 1.117867e-02  99.1%
Clock                1.699302e-05 1.027665e-05 9.343006e-08 2.736310e-05   0.2%
Macro                0.000000e+00 0.000000e+00 0.000000e+00 0.000000e+00   0.0%
Pad                  0.000000e+00 0.000000e+00 0.000000e+00 0.000000e+00   0.0%
------------------------------------------------------------------------
Total                4.612037e-03 6.615934e-03 5.175684e-05 1.127973e-02 100.0%
                            40.9%        58.7%         0.5%

