
===========================================================================
report_checks -unconstrained
===========================================================================
======================= nom_ss_100C_1v60 Corner ===================================

Startpoint: reset (input port clocked by clk)
Endpoint: _497_ (recovery check against rising-edge clock clk)
Path Group: asynchronous
Path Type: max

Fanout         Cap        Slew       Delay        Time   Description
---------------------------------------------------------------------------------------------
                                  0.000000    0.000000   clock clk (rise edge)
                                  0.000000    0.000000   clock network delay (propagated)
                                  5.000000    5.000000 v input external delay
     1    0.002540    0.017472    0.008412    5.008412 v reset (in)
                                                         reset (net)
                      0.017472    0.000000    5.008412 v input17/A (sky130_fd_sc_hd__clkbuf_1)
     1    0.005413    0.076820    0.159950    5.168362 v input17/X (sky130_fd_sc_hd__clkbuf_1)
                                                         net17 (net)
                      0.076820    0.000192    5.168555 v fanout288/A (sky130_fd_sc_hd__buf_4)
     8    0.083851    0.203642    0.388515    5.557070 v fanout288/X (sky130_fd_sc_hd__buf_4)
                                                         net288 (net)
                      0.203681    0.002387    5.559457 v fanout261/A (sky130_fd_sc_hd__buf_2)
     5    0.035219    0.170077    0.411295    5.970752 v fanout261/X (sky130_fd_sc_hd__buf_2)
                                                         net261 (net)
                      0.170085    0.000956    5.971708 v fanout259/A (sky130_fd_sc_hd__buf_4)
    10    0.058225    0.150327    0.390869    6.362577 v fanout259/X (sky130_fd_sc_hd__buf_4)
                                                         net259 (net)
                      0.150337    0.001049    6.363626 v fanout258/A (sky130_fd_sc_hd__buf_4)
    10    0.057229    0.148389    0.381371    6.744997 v fanout258/X (sky130_fd_sc_hd__buf_4)
                                                         net258 (net)
                      0.148433    0.002112    6.747109 v _302_/A (sky130_fd_sc_hd__inv_2)
     1    0.003871    0.056264    0.101966    6.849074 ^ _302_/Y (sky130_fd_sc_hd__inv_2)
                                                         _017_ (net)
                      0.056265    0.000081    6.849155 ^ _497_/RESET_B (sky130_fd_sc_hd__dfrtp_1)
                                              6.849155   data arrival time

                                 25.000000   25.000000   clock clk (rise edge)
                                  0.000000   25.000000   clock source latency
     1    0.032601    0.238367    0.165961   25.165960 ^ clk (in)
                                                         clk (net)
                      0.238448    0.000000   25.165960 ^ clkbuf_0_clk/A (sky130_fd_sc_hd__clkbuf_16)
     2    0.030881    0.081884    0.313284   25.479244 ^ clkbuf_0_clk/X (sky130_fd_sc_hd__clkbuf_16)
                                                         clknet_0_clk (net)
                      0.081900    0.000878   25.480122 ^ clkbuf_1_0__f_clk/A (sky130_fd_sc_hd__clkbuf_16)
    13    0.112209    0.194364    0.329882   25.810003 ^ clkbuf_1_0__f_clk/X (sky130_fd_sc_hd__clkbuf_16)
                                                         clknet_1_0__leaf_clk (net)
                      0.194527    0.004645   25.814650 ^ clkbuf_leaf_21_clk/A (sky130_fd_sc_hd__clkbuf_8)
    10    0.033051    0.113202    0.322064   26.136713 ^ clkbuf_leaf_21_clk/X (sky130_fd_sc_hd__clkbuf_8)
                                                         clknet_leaf_21_clk (net)
                      0.113208    0.000647   26.137360 ^ _497_/CLK (sky130_fd_sc_hd__dfrtp_1)
                                 -0.250000   25.887360   clock uncertainty
                                  0.000000   25.887360   clock reconvergence pessimism
                                  0.482042   26.369402   library recovery time
                                             26.369402   data required time
---------------------------------------------------------------------------------------------
                                             26.369402   data required time
                                             -6.849155   data arrival time
---------------------------------------------------------------------------------------------
                                             19.520247   slack (MET)


Startpoint: _716_ (rising edge-triggered flip-flop clocked by clk)
Endpoint: output_ai[14] (output port clocked by clk)
Path Group: clk
Path Type: max

Fanout         Cap        Slew       Delay        Time   Description
---------------------------------------------------------------------------------------------
                                  0.000000    0.000000   clock clk (rise edge)
                                  0.000000    0.000000   clock source latency
     1    0.032601    0.238367    0.165962    0.165962 ^ clk (in)
                                                         clk (net)
                      0.238448    0.000000    0.165962 ^ clkbuf_0_clk/A (sky130_fd_sc_hd__clkbuf_16)
     2    0.030881    0.081884    0.313284    0.479246 ^ clkbuf_0_clk/X (sky130_fd_sc_hd__clkbuf_16)
                                                         clknet_0_clk (net)
                      0.081913    0.001180    0.480425 ^ clkbuf_1_1__f_clk/A (sky130_fd_sc_hd__clkbuf_16)
    10    0.096780    0.172439    0.314203    0.794628 ^ clkbuf_1_1__f_clk/X (sky130_fd_sc_hd__clkbuf_16)
                                                         clknet_1_1__leaf_clk (net)
                      0.172663    0.005041    0.799669 ^ clkbuf_leaf_11_clk/A (sky130_fd_sc_hd__clkbuf_8)
    13    0.048197    0.149729    0.339631    1.139300 ^ clkbuf_leaf_11_clk/X (sky130_fd_sc_hd__clkbuf_8)
                                                         clknet_leaf_11_clk (net)
                      0.149737    0.000898    1.140199 ^ _716_/CLK (sky130_fd_sc_hd__dfrtp_4)
     2    0.047324    0.213391    1.160825    2.301024 v _716_/Q (sky130_fd_sc_hd__dfrtp_4)
                                                         net73 (net)
                      0.213801    0.007538    2.308562 v output73/A (sky130_fd_sc_hd__buf_2)
     1    0.035905    0.172695    0.418665    2.727227 v output73/X (sky130_fd_sc_hd__buf_2)
                                                         output_ai[14] (net)
                      0.172704    0.001044    2.728271 v output_ai[14] (out)
                                              2.728271   data arrival time

                                 25.000000   25.000000   clock clk (rise edge)
                                  0.000000   25.000000   clock network delay (propagated)
                                 -0.250000   24.750000   clock uncertainty
                                  0.000000   24.750000   clock reconvergence pessimism
                                 -5.000000   19.750000   output external delay
                                             19.750000   data required time
---------------------------------------------------------------------------------------------
                                             19.750000   data required time
                                             -2.728271   data arrival time
---------------------------------------------------------------------------------------------
                                             17.021729   slack (MET)




===========================================================================
report_checks --slack_max -0.01
============================================================================
======================= nom_ss_100C_1v60 Corner ===================================

No paths found.


===========================================================================
 report_check_types -max_slew -max_cap -max_fanout -violators
============================================================================
======================= nom_ss_100C_1v60 Corner ===================================

max fanout

Pin                                   Limit Fanout  Slack
---------------------------------------------------------
clkbuf_leaf_13_clk/X                     10     17     -7 (VIOLATED)
clkbuf_leaf_8_clk/X                      10     16     -6 (VIOLATED)
clkbuf_leaf_19_clk/X                     10     15     -5 (VIOLATED)
clkbuf_leaf_20_clk/X                     10     15     -5 (VIOLATED)
clkbuf_leaf_0_clk/X                      10     14     -4 (VIOLATED)
clkbuf_leaf_15_clk/X                     10     14     -4 (VIOLATED)
clkbuf_leaf_4_clk/X                      10     14     -4 (VIOLATED)
clkbuf_1_0__f_clk/X                      10     13     -3 (VIOLATED)
clkbuf_leaf_11_clk/X                     10     13     -3 (VIOLATED)
clkbuf_leaf_12_clk/X                     10     11        (VIOLATED)



===========================================================================
report_parasitic_annotation -report_unannotated
============================================================================
Found 0 unannotated drivers.
Found 0 partially unannotated drivers.

===========================================================================
max slew violation count 0
max fanout violation count 10
max cap violation count 0
============================================================================

===========================================================================
check_setup -verbose -unconstrained_endpoints -multiple_clock -no_clock -no_input_delay -loops -generated_clocks
===========================================================================
