
===========================================================================
 report_power
============================================================================
======================= max_ss_100C_1v60 Corner ===================================

Group                    Internal    Switching      Leakage        Total
                            Power        Power        Power        Power (Watts)
------------------------------------------------------------------------
Sequential           3.126309e-04 6.744424e-06 4.533362e-06 3.239087e-04  53.8%
Combinational        4.507255e-05 6.759795e-05 4.368621e-06 1.170391e-04  19.4%
Clock                5.896547e-05 1.018063e-04 2.101198e-07 1.609819e-04  26.7%
Macro                0.000000e+00 0.000000e+00 0.000000e+00 0.000000e+00   0.0%
Pad                  0.000000e+00 0.000000e+00 0.000000e+00 0.000000e+00   0.0%
------------------------------------------------------------------------
Total                4.166678e-04 1.761487e-04 9.112253e-06 6.019287e-04 100.0%
                            69.2%        29.3%         1.5%
Writing metric power__internal__total: 0.00041666781180538237
Writing metric power__switching__total: 0.00017614866374060512
Writing metric power__leakage__total: 9.112252882914618e-6
Writing metric power__total: 0.0006019287393428385

