
===========================================================================
report_checks -unconstrained
===========================================================================
======================= nom_ff_n40C_1v95 Corner ===================================

Startpoint: input_data[83] (input port clocked by clk)
Endpoint: _22395_ (rising edge-triggered flip-flop clocked by clk)
Path Group: clk
Path Type: max

Fanout         Cap        Slew       Delay        Time   Description
---------------------------------------------------------------------------------------------
                                  0.000000    0.000000   clock clk (rise edge)
                                  0.000000    0.000000   clock network delay (propagated)
                                  5.000000    5.000000 ^ input external delay
     1    0.003676    0.017064    0.009544    5.009544 ^ input_data[83] (in)
                                                         input_data[83] (net)
                      0.017065    0.000000    5.009544 ^ input199/A (sky130_fd_sc_hd__buf_4)
     2    0.094120    0.196964    0.167935    5.177479 ^ input199/X (sky130_fd_sc_hd__buf_4)
                                                         net199 (net)
                      0.205013    0.031271    5.208750 ^ fanout437/A (sky130_fd_sc_hd__clkbuf_8)
    10    0.114582    0.154874    0.199920    5.408670 ^ fanout437/X (sky130_fd_sc_hd__clkbuf_8)
                                                         net437 (net)
                      0.159906    0.022038    5.430708 ^ fanout436/A (sky130_fd_sc_hd__buf_4)
    10    0.070568    0.148988    0.177197    5.607905 ^ fanout436/X (sky130_fd_sc_hd__buf_4)
                                                         net436 (net)
                      0.149803    0.008916    5.616822 ^ fanout435/A (sky130_fd_sc_hd__buf_6)
    10    0.113462    0.170760    0.176636    5.793458 ^ fanout435/X (sky130_fd_sc_hd__buf_6)
                                                         net435 (net)
                      0.171384    0.008442    5.801900 ^ _11251_/A (sky130_fd_sc_hd__xor2_4)
     7    0.061870    0.339468    0.292259    6.094160 ^ _11251_/X (sky130_fd_sc_hd__xor2_4)
                                                         _03433_ (net)
                      0.339479    0.001598    6.095757 ^ max_cap312/A (sky130_fd_sc_hd__buf_4)
     4    0.053508    0.116334    0.166291    6.262048 ^ max_cap312/X (sky130_fd_sc_hd__buf_4)
                                                         net312 (net)
                      0.116530    0.003877    6.265925 ^ _11252_/A1 (sky130_fd_sc_hd__mux2_1)
     3    0.019766    0.135494    0.169743    6.435668 ^ _11252_/X (sky130_fd_sc_hd__mux2_1)
                                                         _03444_ (net)
                      0.135501    0.000846    6.436514 ^ _11368_/A2 (sky130_fd_sc_hd__a21o_1)
     2    0.009166    0.066805    0.110607    6.547121 ^ _11368_/X (sky130_fd_sc_hd__a21o_1)
                                                         _04720_ (net)
                      0.066806    0.000243    6.547365 ^ _11370_/B (sky130_fd_sc_hd__xor2_1)
     2    0.012276    0.202708    0.183231    6.730596 ^ _11370_/X (sky130_fd_sc_hd__xor2_1)
                                                         _04742_ (net)
                      0.202709    0.000312    6.730907 ^ _11371_/B (sky130_fd_sc_hd__nand2_1)
     2    0.013322    0.083164    0.090883    6.821791 v _11371_/Y (sky130_fd_sc_hd__nand2_1)
                                                         _04753_ (net)
                      0.083165    0.000224    6.822015 v _11458_/B (sky130_fd_sc_hd__and3_1)
     1    0.003728    0.030512    0.125094    6.947109 v _11458_/X (sky130_fd_sc_hd__and3_1)
                                                         _05710_ (net)
                      0.030512    0.000115    6.947224 v _11459_/B (sky130_fd_sc_hd__or2_4)
     4    0.036767    0.062719    0.176283    7.123507 v _11459_/X (sky130_fd_sc_hd__or2_4)
                                                         _05721_ (net)
                      0.062775    0.001533    7.125041 v _11461_/B (sky130_fd_sc_hd__nor2_2)
     2    0.020893    0.174289    0.154497    7.279537 ^ _11461_/Y (sky130_fd_sc_hd__nor2_2)
                                                         _05743_ (net)
                      0.174292    0.000611    7.280148 ^ _11558_/A (sky130_fd_sc_hd__xnor2_4)
     2    0.025262    0.075360    0.081440    7.361588 v _11558_/Y (sky130_fd_sc_hd__xnor2_4)
                                                         _06809_ (net)
                      0.075368    0.000594    7.362182 v _11672_/A3 (sky130_fd_sc_hd__o31ai_4)
     4    0.031777    0.304939    0.266979    7.629160 ^ _11672_/Y (sky130_fd_sc_hd__o31ai_4)
                                                         _08062_ (net)
                      0.304943    0.000891    7.630052 ^ _11846_/A2 (sky130_fd_sc_hd__a21oi_2)
     2    0.031045    0.111518    0.113599    7.743650 v _11846_/Y (sky130_fd_sc_hd__a21oi_2)
                                                         _09975_ (net)
                      0.111793    0.004411    7.748061 v _11878_/B (sky130_fd_sc_hd__or4bb_4)
     3    0.009331    0.064641    0.340647    8.088708 v _11878_/X (sky130_fd_sc_hd__or4bb_4)
                                                         _10327_ (net)
                      0.064641    0.000203    8.088910 v _11880_/B (sky130_fd_sc_hd__and3_1)
     2    0.006815    0.039079    0.127568    8.216478 v _11880_/X (sky130_fd_sc_hd__and3_1)
                                                         _10349_ (net)
                      0.039080    0.000197    8.216676 v _11882_/B (sky130_fd_sc_hd__or3_1)
     3    0.011714    0.075075    0.238178    8.454854 v _11882_/X (sky130_fd_sc_hd__or3_1)
                                                         _10370_ (net)
                      0.075077    0.000319    8.455173 v _11897_/A1 (sky130_fd_sc_hd__a211o_1)
     3    0.009799    0.057403    0.196307    8.651480 v _11897_/X (sky130_fd_sc_hd__a211o_1)
                                                         _10535_ (net)
                      0.057404    0.000189    8.651669 v _11898_/C (sky130_fd_sc_hd__and3_1)
     2    0.006431    0.037915    0.133590    8.785259 v _11898_/X (sky130_fd_sc_hd__and3_1)
                                                         _10546_ (net)
                      0.037915    0.000133    8.785392 v _11917_/B1 (sky130_fd_sc_hd__a211o_1)
     3    0.013918    0.067703    0.160668    8.946060 v _11917_/X (sky130_fd_sc_hd__a211o_1)
                                                         _10755_ (net)
                      0.067705    0.000348    8.946408 v _11920_/B (sky130_fd_sc_hd__and3_2)
     4    0.020399    0.055496    0.168093    9.114501 v _11920_/X (sky130_fd_sc_hd__and3_2)
                                                         _10788_ (net)
                      0.055506    0.000592    9.115093 v _11947_/A (sky130_fd_sc_hd__or3_2)
     5    0.016798    0.080695    0.316721    9.431814 v _11947_/X (sky130_fd_sc_hd__or3_2)
                                                         _11085_ (net)
                      0.080699    0.000402    9.432216 v _11949_/B (sky130_fd_sc_hd__and3_1)
     2    0.009025    0.045978    0.141546    9.573763 v _11949_/X (sky130_fd_sc_hd__and3_1)
                                                         _11107_ (net)
                      0.045982    0.000358    9.574121 v _11979_/A (sky130_fd_sc_hd__or3_2)
     5    0.017050    0.080844    0.314902    9.889022 v _11979_/X (sky130_fd_sc_hd__or3_2)
                                                         _00258_ (net)
                      0.080847    0.000363    9.889385 v _11981_/B (sky130_fd_sc_hd__and3_1)
     2    0.009324    0.046618    0.142641   10.032026 v _11981_/X (sky130_fd_sc_hd__and3_1)
                                                         _00280_ (net)
                      0.046620    0.000267   10.032293 v _12019_/A1 (sky130_fd_sc_hd__o211a_1)
     2    0.008468    0.045417    0.162971   10.195265 v _12019_/X (sky130_fd_sc_hd__o211a_1)
                                                         _00697_ (net)
                      0.045418    0.000215   10.195479 v _12021_/A2 (sky130_fd_sc_hd__o21a_1)
     2    0.009044    0.044625    0.128599   10.324079 v _12021_/X (sky130_fd_sc_hd__o21a_1)
                                                         _00719_ (net)
                      0.044626    0.000222   10.324301 v _12119_/A2 (sky130_fd_sc_hd__o21a_1)
     3    0.012086    0.052649    0.137307   10.461608 v _12119_/X (sky130_fd_sc_hd__o21a_1)
                                                         _01599_ (net)
                      0.052652    0.000300   10.461908 v _16802_/A1 (sky130_fd_sc_hd__o21ba_4)
     2    0.012898    0.034217    0.153261   10.615170 v _16802_/X (sky130_fd_sc_hd__o21ba_4)
                                                         _06628_ (net)
                      0.034235    0.000610   10.615780 v _17945_/A2 (sky130_fd_sc_hd__o21bai_2)
     2    0.012903    0.134919    0.122452   10.738232 ^ _17945_/Y (sky130_fd_sc_hd__o21bai_2)
                                                         _07884_ (net)
                      0.134919    0.000243   10.738475 ^ _19186_/A2 (sky130_fd_sc_hd__a21o_1)
     3    0.010292    0.073261    0.115656   10.854132 ^ _19186_/X (sky130_fd_sc_hd__a21o_1)
                                                         _09248_ (net)
                      0.073263    0.000250   10.854381 ^ _20615_/A2 (sky130_fd_sc_hd__a21o_1)
     3    0.017081    0.116065    0.137354   10.991735 ^ _20615_/X (sky130_fd_sc_hd__a21o_1)
                                                         _10819_ (net)
                      0.116066    0.000258   10.991993 ^ _21715_/A1 (sky130_fd_sc_hd__a221o_1)
     1    0.004840    0.046155    0.104317   11.096309 ^ _21715_/X (sky130_fd_sc_hd__a221o_1)
                                                         _00849_ (net)
                      0.046155    0.000120   11.096429 ^ _21716_/B1 (sky130_fd_sc_hd__o311ai_1)
     1    0.004887    0.058505    0.044630   11.141059 v _21716_/Y (sky130_fd_sc_hd__o311ai_1)
                                                         _00850_ (net)
                      0.058506    0.000185   11.141244 v _21914_/A2 (sky130_fd_sc_hd__a31o_2)
     1    0.035975    0.082932    0.211812   11.353056 v _21914_/X (sky130_fd_sc_hd__a31o_2)
                                                         _01068_ (net)
                      0.083449    0.005366   11.358422 v _22033_/A2 (sky130_fd_sc_hd__o21a_1)
     1    0.027024    0.099143    0.190656   11.549079 v _22033_/X (sky130_fd_sc_hd__o21a_1)
                                                         _01199_ (net)
                      0.099276    0.003035   11.552114 v _22196_/A1 (sky130_fd_sc_hd__o22a_1)
     1    0.004182    0.031172    0.150383   11.702497 v _22196_/X (sky130_fd_sc_hd__o22a_1)
                                                         _01378_ (net)
                      0.031173    0.000150   11.702646 v _22243_/A2 (sky130_fd_sc_hd__o21ba_1)
     1    0.002920    0.026017    0.101787   11.804433 v _22243_/X (sky130_fd_sc_hd__o21ba_1)
                                                         _01430_ (net)
                      0.026018    0.000085   11.804519 v _22245_/B1 (sky130_fd_sc_hd__o32a_1)
     1    0.003512    0.040397    0.100663   11.905182 v _22245_/X (sky130_fd_sc_hd__o32a_1)
                                                         _00005_ (net)
                      0.040397    0.000121   11.905303 v _22395_/D (sky130_fd_sc_hd__dfxtp_4)
                                             11.905303   data arrival time

                                 25.000000   25.000000   clock clk (rise edge)
                                  0.000000   25.000000   clock source latency
     1    0.107038    0.363529    0.268260   25.268259 ^ clk (in)
                                                         clk (net)
                      0.370322    0.000000   25.268259 ^ clkbuf_0_clk/A (sky130_fd_sc_hd__clkbuf_16)
     2    0.028558    0.045331    0.139417   25.407677 ^ clkbuf_0_clk/X (sky130_fd_sc_hd__clkbuf_16)
                                                         clknet_0_clk (net)
                      0.045372    0.001032   25.408709 ^ clkbuf_1_1__f_clk/A (sky130_fd_sc_hd__clkbuf_16)
     9    0.049977    0.052078    0.104917   25.513626 ^ clkbuf_1_1__f_clk/X (sky130_fd_sc_hd__clkbuf_16)
                                                         clknet_1_1__leaf_clk (net)
                      0.052904    0.005171   25.518797 ^ _22395_/CLK (sky130_fd_sc_hd__dfxtp_4)
                                 -0.250000   25.268797   clock uncertainty
                                  0.000000   25.268797   clock reconvergence pessimism
                                 -0.071164   25.197634   library setup time
                                             25.197634   data required time
---------------------------------------------------------------------------------------------
                                             25.197634   data required time
                                            -11.905303   data arrival time
---------------------------------------------------------------------------------------------
                                             13.292331   slack (MET)




===========================================================================
report_checks --slack_max -0.01
============================================================================
======================= nom_ff_n40C_1v95 Corner ===================================

No paths found.


===========================================================================
 report_check_types -max_slew -max_cap -max_fanout -violators
============================================================================
======================= nom_ff_n40C_1v95 Corner ===================================

max fanout

Pin                                   Limit Fanout  Slack
---------------------------------------------------------
_13472_/Y                                10     17     -7 (VIOLATED)
input201/X                               10     16     -6 (VIOLATED)
_13529_/Y                                10     15     -5 (VIOLATED)
input135/X                               10     12     -2 (VIOLATED)
_22260_/Y                                10     11        (VIOLATED)
fanout576/X                              10     11        (VIOLATED)

max capacitance

Pin                                        Limit         Cap       Slack
------------------------------------------------------------------------
input99/X                               0.200000    0.214921   -0.014921 (VIOLATED)
input221/X                              0.200000    0.209136   -0.009136 (VIOLATED)



===========================================================================
report_parasitic_annotation -report_unannotated
============================================================================
Found 23 unannotated drivers.
 input_data[127]
 input_data[191]
 input_data[207]
 input_data[208]
 input_data[209]
 input_data[210]
 input_data[211]
 input_data[212]
 input_data[213]
 input_data[214]
 input_data[215]
 input_data[216]
 input_data[217]
 input_data[218]
 input_data[219]
 input_data[220]
 input_data[221]
 input_data[222]
 input_data[223]
 input_data[238]
 input_data[239]
 input_data[63]
 input_data[79]
Found 0 partially unannotated drivers.

===========================================================================
max slew violation count 0
max fanout violation count 6
max cap violation count 2
============================================================================

===========================================================================
check_setup -verbose -unconstrained_endpoints -multiple_clock -no_clock -no_input_delay -loops -generated_clocks
===========================================================================
